

=========================================

		do_mkAQDdata : 

=========================================


./hBN_VB_g96_OUTCAR
./hBN_VB_g96_CONTCAR
VB
hBN_VB_g96_ATensor
hBN_VB_g96_QTensor
None
Read INCAR part in OUTCAR ...
Read A tensor : .TRUE.
Read Q tensor : .TRUE.
Read D tensor : .TRUE.
NGYROMAG : NONE 
QUAD_EFG : NONE 
Read POSCAR(simple) part in OUTCAR ...
 atoms # = 107
 atomic species = ['B', 'N']
Read Quadrupole tensor part in OUTCAR ...
Read Hyperfine tensor part in OUTCAR ...
Read ZFS tensor part in OUTCAR ...
['B', 'N']
atm: B
isotopeData {'10B': (3.0, 2.8747, 0.08459, 0.1990), '11B': (1.5, 8.5847, 0.04059, 0.8010)}
iso B {'10B': (3.0, 2.8747, 0.08459, 0.1990), '11B': (1.5, 8.5847, 0.04059, 0.8010)}
atm: N
isotopeData {'14N': (1.0, 1.9338, 0.02044, 0.9963), '15N': (0.5, -2.7126, 0.00000, 0.0037)}
iso N {'14N': (1.0, 1.9338, 0.02044, 0.9963), '15N': (0.5, -2.7126, 0.00000, 0.0037)}
	Read POSCAR file - ./hBN_VB_g96_CONTCAR
	 --------------------------------------------------



=========================================
 READ OUTCAR (KEY : outcar_spHam) 
=========================================


----------------------------------------
extSpinHamilTensors : 
----------------------------------------

Atomic data from OUTCAR (KEY : atomicdata)
------------------------------
 *atom_data : ['B', 'N']
 *total_atom_num : 107
 *unit_cell_information :  

    idx    frac_x    frac_y    frac_z

    (1)     0.057     0.166     0.500
    (2)     0.057     0.500     0.500
    (3)     0.057     0.833     0.500
      :
  (106)     0.442     0.442     0.615
  (107)     0.500     0.620     0.642

Quadrupole tensor (KEY : Qdata)
------------------------------

*EFG : EFG tensor (V/A^2) 

    idx       Vxx       Vxy       Vxz       Vyx       Vyy       Vyz       Vzx       Vzy       Vzz

    (1)   -17.555     0.263     0.029     0.263   -17.069    -0.002     0.029    -0.002    34.624
    (2)   -17.610     0.315     0.028     0.315   -17.003    -0.002     0.028    -0.002    34.613
    (3)   -17.639     0.315     0.030     0.315   -16.979    -0.002     0.030    -0.002    34.618
      :
  (106)    22.192    22.588     1.042    22.588    -9.426    -0.197     1.042    -0.197   -12.766
  (107)   -23.934     0.000    -0.000     0.000    40.058    21.432    -0.000    21.432   -16.124

*EFG_diag : Diagonalized EFG tensor (V/A^2) 

    idx    Vxx(D)    Vyy(D)    Vzz(D)

    (1)   -17.670   -16.954    34.624
    (2)   -17.744   -16.870    34.613
    (3)   -17.765   -16.853    34.618
      :
  (106)   -21.238   -12.730    33.968
  (107)   -23.934   -23.366    47.300

NMR quadrupolar parameters

*Cq  : quadrupolar parameter	Cq=e*Q*V_zz/h (MHz) 
*eta : asymmetry parameters	 (V_yy - V_xx)/ V_zz 
*Q   : nuclear electric quadrupole moment in mb (millibarn = 10^-31 m^2) 

    idx        Cq       eta         q

    (1)     0.084     0.021     1.000
    (2)     0.084     0.025     1.000
    (3)     0.084     0.026     1.000
      :
  (106)     0.082     0.250     1.000
  (107)     0.114     0.012     1.000
------------------------------

Hyperfine tensor (KEY : Adata)
------------------------------

Hyperfine tensor 

*Aiso : Fermi contact term (MHz) 
*Adip : Dipolar coupling term (MHz) 

    idx      Aiso       Axx       Axy       Axz       Ayx       Ayy       Ayz       Azx       Azy       Azz

    (1)    -0.000     0.004     0.000     0.000     0.000    -0.001     0.000     0.000     0.000    -0.003
    (2)     0.001     0.006    -0.000     0.001    -0.000    -0.003    -0.000     0.001    -0.000    -0.003
    (3)    -0.000     0.004    -0.000     0.000    -0.000    -0.001    -0.000     0.000    -0.000    -0.003
      :
  (106)    20.404     5.069     5.293     2.321     5.293    -1.535     1.448     2.321     1.448    -3.534
  (107)    17.607    -5.244     0.000    -0.000     0.000     9.532     2.963    -0.000     2.963    -4.288

*Adiag : Diagonalized total Hyperfine tensor (MHz) 

    idx    Axx(D)    Ayy(D)    Azz(D)

    (1)    -0.003    -0.002     0.004
    (2)    -0.002    -0.002     0.007
    (3)    -0.003    -0.001     0.004
      :
  (106)    16.305    15.882    29.024
  (107)    12.711    12.363    27.748
------------------------------

Zero Field splitting tensor (KEY : Ddata)
------------------------------

*ZFS : ZFS tensor (MHz) 

  -588.127     0.000     0.000
     0.000 -1253.966 -1212.239
     0.000 -1212.239  1842.093

Diagonalized ZFS tensor 
*D_diag : Diagonalized ZFS tensor (MHz) 
*D_eigvec : Eigenvectors for diagonalized ZFS tensor 

    idx    Dii(D)  eigvec_x  eigvec_y  eigvec_z

    (1)  -588.127     1.000     0.000     0.000
    (2) -1672.131     0.000    -0.945    -0.326
    (3)  2260.258     0.000    -0.326     0.945

ZFS parameters (MHz) 
*D : axial component D = 3/2*D_zz (MHz) 
*E : transverse component E = (D_xx-D_yy)/2 (MHz) 

   D =   3390.387
   E =    542.002
------------------------------

Isotopic data (KEY : isodata)
------------------------------

 Atom : { Isotopes : ( S, gyro, eQ, conc) }

example) 
 isodata['B']['10B'].s          : spin          (no unit)
 isodata['B']['11B'].gyro       : gyro          (rad/ms/G)
 isodata['N']['14N'].q          : eQ            (barn = 10^-28 m^2)
 isodata['N']['15N'].conc       : concentration (%/100)

 B : {'10B': (3.0, 2.8747, 0.08459, 0.1990), '11B': (1.5, 8.5847, 0.04059, 0.8010)} 
 N : {'14N': (1.0, 1.9338, 0.02044, 0.9963), '15N': (0.5, -2.7126, 0.00000, 0.0037)} 


=========================================
 READ POSCAR (KEY : poscar or poscarmod) 
=========================================


 POSCAR from ./hBN_VB_g96_CONTCAR (KEY : poscar)
------------------------------
 *atom_data : ['B', 'N']
 *atom_data_num : [53, 54]
 *unit_cell_information :  

    idx    frac_x    frac_y    frac_z

    (1)     0.057     0.166     0.500
    (2)     0.057     0.500     0.500
    (3)     0.057     0.833     0.500
      :
  (106)     0.442     0.442     0.615
  (107)     0.500     0.620     0.642


=========================================
          MAKE A,Q FILE          		   
=========================================


 Relative positions from central defect (KEY : relativepos)
------------------------------

 *MinDif[A] : [-10.86081096502996, -6.546144012762642, -1.865968434000001]
 *MaxDif[A] : [9.617486300414727, 6.513533670666794, 0.2708710814999993]
 *farthest_atoms_idx : [26, 79]
 *farthest_atom_info : [['B', -10.86081096502996, 6.512034772236177, -1.865968434000001], ['N', -10.86081096502996, -5.102011997407399, -1.865968434000001]]
 *r_1i (cart) :  

    idx      atom     r_1ix     r_1iy     r_1iz

    (1)         B    -9.616    -4.373    -1.866
    (2)         B    -9.614    -0.019    -1.866
    (3)         B    -9.615     4.334    -1.866
      :
  (106)         N    -1.264    -0.775    -0.135
  (107)         N    -0.000     1.551     0.271

--- Save files --- 
Afile : hBN_VB_g96_ATensor
Qfile : hBN_VB_g96_QTensor


=========================================
                 DONE          		   
=========================================
