
    ============================================================

    <\Summary> make AQ tensor file for CCE calculation


    Latest update :  Wed Mar 22 14:34:07 2023

    Current time  :  Fri Mar 24 13:10:06 2023

    ____________________________________________________________



    Author        : Huijin Park

    note1         : For VASP, you will find error 
    		    if your INCAR file include NGYROMAG
    		    This case need to be considered

    note2         : POSCAR files should include defect information.
    		    Also, Atomic name need to be consistant

    update1       : (2023.02.15) Added key : [33m--addhfcore[0m 
    		    In the case of VASP, 
    		    We should add the core electronic contributions to fermi contact term 
    		    (A_tot = A_1c + A_tot)

    update2       : (2023.03.21) Added key : [33m--fidentify[0m 
    		    The first line of the A file include VASP/QUANTUMESSPRESSO.

    update3       : (2023.03.21) Added key : [33m--version[0m 
    		    You can choose version : v1 or v2 
    		    Previous version : Afile of VASP and QE was the same (The central spin factor was treated) 
    		    New version : Afile of VASP/QE would be the same to the OUTCAR/hyperfine.out result

    update4       : (2023.03.21) Added key : [33m--vertex[0m 
    		    You can convert the format of cell' range from relative coordinate to vertex

    ____________________________________________________________


	Input argument : 

	 [1] tool    : VASP
	 [2] fposcar : ./hBN_VB_g96_CONTCAR_PBE
	 [3] dfname  : VB


	 opt. --A       : ./hBN_VB_g96_OUTCAR_HSE
	 opt. --Q       : ./hBN_VB_g96_OUTCAR_HSE
	 opt. --D       : []
	 opt. --dfpos   : []
	 opt. --ignoreatm : []
	 opt. --fidentify : False
	 opt. --addhfcore : True
	 opt. --version : v1
	 opt. --rangeformat : coord


	=========================================

			do_mkAQDdata : 

	=========================================


	Read INCAR part in OUTCAR ...
	Read A tensor : .TRUE.
	Read Q tensor : .TRUE.
	Read D tensor : .TRUE.
	NGYROMAG : NONE 
	QUAD_EFG : NONE 
	Read POSCAR(simple) part in OUTCAR ...
	 atoms # = 107
	 atomic species = ['B', 'N']
	Read Quadrupole tensor part in OUTCAR ...
	Read Hyperfine tensor part in OUTCAR ...
	Read ZFS tensor part in OUTCAR ...
	 ['B', 'N']
	atm: B
	isotopeData {'10B': (3.0, 2.8747, 0.08459, 0.1990), '11B': (1.5, 8.5847, 0.04059, 0.8010)}
	iso B {'10B': (3.0, 2.8747, 0.08459, 0.1990), '11B': (1.5, 8.5847, 0.04059, 0.8010)}
	atm: N
	isotopeData {'14N': (1.0, 1.9338, 0.02044, 0.9963), '15N': (0.5, -2.7126, 0.00000, 0.0037)}
	iso N {'14N': (1.0, 1.9338, 0.02044, 0.9963), '15N': (0.5, -2.7126, 0.00000, 0.0037)}
[['10B', 0.6002149999999999], ['11B', 1.7924326000000004], ['14N', 0.403761], ['15N', -0.56637768]]



	=========================================
	 READ OUTCAR (KEY : outcar_spHam) 
	=========================================


	----------------------------------------
	extSpinHamilTensors : 
	----------------------------------------

	Atomic data from OUTCAR (KEY : atomicdata)
	------------------------------
	 *atom_data : ['B', 'N']
	 *total_atom_num : 107
	 *unit_cell_information :  

	    idx    frac_x    frac_y    frac_z

	    (1)     0.057     0.167     0.500
	    (2)     0.057     0.500     0.500
	    (3)     0.057     0.833     0.500
	      :
	  (106)     0.443     0.442     0.613
	  (107)     0.500     0.620     0.643

	Quadrupole tensor (KEY : Qdata)
	------------------------------

	*EFG : EFG tensor (V/A^2) 

	    idx       Vxx       Vxy       Vxz       Vyx       Vyy       Vyz       Vzx       Vzy       Vzz

	    (1)   -19.133     0.296     0.028     0.296   -18.894    -0.003     0.028    -0.003    38.027
	    (2)   -19.245     0.353     0.029     0.353   -18.766    -0.003     0.029    -0.003    38.011
	    (3)   -19.300     0.261     0.029     0.261   -18.717    -0.003     0.029    -0.003    38.017
	      :
	  (106)    24.795    23.030     0.205    23.030   -11.197    -1.096     0.205    -1.096   -13.599
	  (107)   -28.482     0.000    -0.000     0.000    53.971    26.685    -0.000    26.685   -25.489

	*EFG_diag : Diagonalized EFG tensor (V/A^2) 

	    idx    Vxx(D)    Vyy(D)    Vzz(D)

	    (1)   -19.333   -18.694    38.027
	    (2)   -19.432   -18.579    38.011
	    (3)   -19.400   -18.617    38.017
	      :
	  (106)   -22.557   -13.471    36.028
	  (107)   -33.619   -28.482    62.101

	NMR quadrupolar parameters

	*Cq  : quadrupolar parameter    Cq=e*Q*V_zz/h (MHz) 
	*eta : asymmetry parameters     (V_yy - V_xx)/ V_zz 
	*Q   : nuclear electric quadrupole moment in mb (millibarn = 10^-31 m^2) 

	    idx        Cq       eta         q

	    (1)     0.092     0.017     1.000
	    (2)     0.092     0.022     1.000
	    (3)     0.092     0.021     1.000
	      :
	  (106)     0.087     0.252     1.000
	  (107)     0.150     0.083     1.000
	------------------------------

	Hyperfine tensor (KEY : Adata)
	------------------------------

	Hyperfine tensor 

	*Aiso : Fermi contact term (MHz) 
	*Adip : Dipolar coupling term (MHz) 

	    idx      Aiso       Axx       Axy       Axz       Ayx       Ayy       Ayz       Azx       Azy       Azz

	    (1)     0.000     0.004     0.000     0.000     0.000    -0.001     0.000     0.000     0.000    -0.003
	    (2)     0.000     0.006    -0.000     0.001    -0.000    -0.003    -0.000     0.001    -0.000    -0.003
	    (3)     0.000     0.004    -0.000     0.000    -0.000    -0.001    -0.000     0.000    -0.000    -0.003
	      :
	  (106)    21.104     5.322     5.308     2.130     5.308    -1.726     1.325     2.130     1.325    -3.597
	  (107)    15.603    -6.014     0.000    -0.000     0.000    10.716     3.624    -0.000     3.624    -4.702

	*Adiag : Diagonalized total Hyperfine tensor (MHz) 

	    idx    Axx(D)    Ayy(D)    Azz(D)

	    (1)    -0.003    -0.001     0.004
	    (2)    -0.003    -0.002     0.007
	    (3)    -0.003    -0.001     0.004
	      :
	  (106)    21.195    20.633    33.934
	  (107)    15.689    15.187    32.726
	------------------------------

	Zero Field splitting tensor (KEY : Ddata)
	------------------------------

	*ZFS : ZFS tensor (MHz) 

	  1174.932     0.000     0.000
	     0.000 -3229.952 -2358.674
	     0.000 -2358.674  2054.084

	Diagonalized ZFS tensor 
	*D_diag : Diagonalized ZFS tensor (MHz) 
	*D_eigvec : Eigenvectors for diagonalized ZFS tensor 

	    idx    Dii(D)  eigvec_x  eigvec_y  eigvec_z

	    (1)  1174.932     1.000     0.000     0.000
	    (2)  2953.761     0.000     0.356    -0.934
	    (3) -4129.629     0.000    -0.934    -0.356

	ZFS parameters (MHz) 
	*D : axial component D = 3/2*D_zz (MHz) 
	*E : transverse component E = (D_xx-D_yy)/2 (MHz) 

	   D =  -6194.443
	   E =   -889.414
	------------------------------

	Isotopic data (KEY : isodata)
	------------------------------

	 Atom : { Isotopes : ( S, gyro, eQ, conc) }

	example) 
	 isodata['B']['10B'].s          : spin          (no unit)
	 isodata['B']['11B'].gyro       : gyro          (rad/ms/G)
	 isodata['N']['14N'].q          : eQ            (barn = 10^-28 m^2)
	 isodata['N']['15N'].conc       : concentration (%/100)

	 B : {'10B': (3.0, 2.8747, 0.08459, 0.1990), '11B': (1.5, 8.5847, 0.04059, 0.8010)} 
	 N : {'14N': (1.0, 1.9338, 0.02044, 0.9963), '15N': (0.5, -2.7126, 0.00000, 0.0037)} 


	=========================================
	 READ POSCAR (KEY : poscar or poscarmod) 
	=========================================


	 POSCAR from ./hBN_VB_g96_CONTCAR_PBE (KEY : poscar)
	------------------------------
	 *atom_data : ['B', 'N']
	 *atom_data_num : [53, 54]
	 *unit_cell_information :  

	    idx    frac_x    frac_y    frac_z

	    (1)     0.057     0.166     0.500
	    (2)     0.057     0.500     0.500
	    (3)     0.057     0.833     0.500
	      :
	  (106)     0.442     0.442     0.615
	  (107)     0.500     0.620     0.642


	=========================================
	          MAKE A,Q FILE                     
	=========================================


	 Relative positions from central defect (KEY : relativepos)
	------------------------------

	 *MinDif[A] : [-10.86081096502996, -6.546144012762642, -1.865968434000001]
	 *MaxDif[A] : [9.617486300414727, 6.513533670666794, 0.2708710814999993]
	 *farthest_atoms_idx : [26, 79]
	 *farthest_atom_info : [['B', -10.86081096502996, 6.512034772236177, -1.865968434000001], ['N', -10.86081096502996, -5.102011997407399, -1.865968434000001]]
	 *r_1i (cart) :  

	    idx      atom     r_1ix     r_1iy     r_1iz

	    (1)         B    -9.616    -4.373    -1.866
	    (2)         B    -9.614    -0.019    -1.866
	    (3)         B    -9.615     4.334    -1.866
	      :
	  (106)         N    -1.264    -0.775    -0.135
	  (107)         N    -0.000     1.551     0.271

	--- Save files --- 
	Afile : Afile
	Qfile : Qfile


	=========================================
	                 DONE                     
	=========================================

    ____________________________________________________________

    memory_usage_percent  :     6.000 %

    Current memory KB     :    62.492 KB

    Wall clock time       : 0:00:00.228013(s)

    ============================================================
        JOB DONE    
    ============================================================
