
    ============================================================

    <\Summary> make AQ tensor file for CCE calculation


    Latest update :  Wed Mar 22 12:07:36 2023

    Current time  :  Wed Mar 22 12:09:40 2023

    ____________________________________________________________



    Author        : Huijin Park

    note1         : For VASP, you will find error 
    		    if your INCAR file include NGYROMAG
    		    This case need to be considered

    note2         : POSCAR files should include defect information.
    		    Also, Atomic name need to be consistant

    update1       : (2023.02.15) Added key : [33m--addhfcore[0m 
    		    In the case of VASP, 
    		    We should add the core electronic contributions to fermi contact term 
    		    (A_tot = A_1c + A_tot)

    update2       : (2023.03.21) Added key : [33m--fidentify[0m 
    		    The first line of the A file include VASP/QUANTUMESSPRESSO.

    update3       : (2023.03.21) Added key : [33m--version[0m 
    		    You can choose version : v1 or v2 
    		    Previous version : Afile of VASP and QE was the same (The central spin factor was treated) 
    		    New version : Afile of VASP/QE would be the same to the OUTCAR/hyperfine.out result

    update4       : (2023.03.21) Added key : [33m--vertex[0m 
    		    On-going

    ____________________________________________________________


	Input argument : 

	 [1] tool    : VASP
	 [2] fposcar : ./hBN_VB_g94_CONTCAR
	 [3] dfname  : VB


	 opt. --A       : ./hBN_VB_g94_OUTCAR
	 opt. --Q       : ./hBN_VB_g94_OUTCAR
	 opt. --D       : []
	 opt. --dfpos   : []
	 opt. --ignoreatm : []
	 opt. --fidentify : False
	 opt. --addhfcore : True
	 opt. --version : v1
	 opt. --rangeformat : coord


	=========================================

			do_mkAQDdata : 

	=========================================


	Read INCAR part in OUTCAR ...
	Read A tensor : .TRUE.
	Read Q tensor : .TRUE.
	Read D tensor : .TRUE.
	NGYROMAG : NONE 
	QUAD_EFG : NONE 
	Read POSCAR(simple) part in OUTCAR ...
	 atoms # = 107
	 atomic species = ['B', 'N']
	Read Quadrupole tensor part in OUTCAR ...
	Read Hyperfine tensor part in OUTCAR ...
	Read ZFS tensor part in OUTCAR ...
	 ['B', 'N']
	atm: B
	isotopeData {'10B': (3.0, 2.8747, 0.08459, 0.1990), '11B': (1.5, 8.5847, 0.04059, 0.8010)}
	iso B {'10B': (3.0, 2.8747, 0.08459, 0.1990), '11B': (1.5, 8.5847, 0.04059, 0.8010)}
	atm: N
	isotopeData {'14N': (1.0, 1.9338, 0.02044, 0.9963), '15N': (0.5, -2.7126, 0.00000, 0.0037)}
	iso N {'14N': (1.0, 1.9338, 0.02044, 0.9963), '15N': (0.5, -2.7126, 0.00000, 0.0037)}
[['10B', 0.6002149999999999], ['11B', 1.7924326000000004], ['14N', 0.403761], ['15N', -0.56637768]]



	=========================================
	 READ OUTCAR (KEY : outcar_spHam) 
	=========================================


	----------------------------------------
	extSpinHamilTensors : 
	----------------------------------------

	Atomic data from OUTCAR (KEY : atomicdata)
	------------------------------
	 *atom_data : ['B', 'N']
	 *total_atom_num : 107
	 *unit_cell_information :  

	    idx    frac_x    frac_y    frac_z

	    (1)     0.059     0.167     0.500
	    (2)     0.059     0.500     0.500
	    (3)     0.059     0.833     0.500
	      :
	  (106)     0.443     0.442     0.644
	  (107)     0.500     0.621     0.679

	Quadrupole tensor (KEY : Qdata)
	------------------------------

	*EFG : EFG tensor (V/A^2) 

	    idx       Vxx       Vxy       Vxz       Vyx       Vyy       Vyz       Vzx       Vzy       Vzz

	    (1)   -19.151     0.276     0.038     0.276   -18.869    -0.004     0.038    -0.004    38.020
	    (2)   -19.237     0.333     0.036     0.333   -18.760    -0.004     0.036    -0.004    37.996
	    (3)   -19.255     0.318     0.039     0.318   -18.755    -0.004     0.039    -0.004    38.010
	      :
	  (106)    27.445    21.722    -1.501    21.722   -12.735    -3.027    -1.501    -3.027   -14.710
	  (107)   -28.848     0.000    -0.000     0.000    55.049    30.313    -0.000    30.313   -26.201

	*EFG_diag : Diagonalized EFG tensor (V/A^2) 

	    idx    Vxx(D)    Vyy(D)    Vzz(D)

	    (1)   -19.320   -18.700    38.020
	    (2)   -19.408   -18.589    37.996
	    (3)   -19.410   -18.600    38.010
	      :
	  (106)   -22.823   -14.249    37.072
	  (107)   -36.264   -28.848    65.112

	NMR quadrupolar parameters

	*Cq  : quadrupolar parameter    Cq=e*Q*V_zz/h (MHz) 
	*eta : asymmetry parameters     (V_yy - V_xx)/ V_zz 
	*Q   : nuclear electric quadrupole moment in mb (millibarn = 10^-31 m^2) 

	    idx        Cq       eta         q

	    (1)     0.092     0.016     1.000
	    (2)     0.092     0.022     1.000
	    (3)     0.092     0.021     1.000
	      :
	  (106)     0.090     0.231     1.000
	  (107)     0.157     0.114     1.000
	------------------------------

	Hyperfine tensor (KEY : Adata)
	------------------------------

	Hyperfine tensor 

	*Aiso : Fermi contact term (MHz) 
	*Adip : Dipolar coupling term (MHz) 

	    idx      Aiso       Axx       Axy       Axz       Ayx       Ayy       Ayz       Azx       Azy       Azz

	    (1)     0.000     0.004     0.000     0.001     0.000    -0.001     0.000     0.001     0.000    -0.003
	    (2)     0.000     0.006    -0.000     0.001    -0.000    -0.003    -0.000     0.001    -0.000    -0.003
	    (3)     0.000     0.004    -0.000     0.001    -0.000    -0.001    -0.000     0.001    -0.000    -0.003
	      :
	  (106)    20.796     5.093     4.964     2.467     4.964    -1.802     1.497     2.467     1.497    -3.292
	  (107)    13.861    -6.250    -0.000    -0.000    -0.000    10.860     4.438    -0.000     4.438    -4.610

	*Adiag : Diagonalized total Hyperfine tensor (MHz) 

	    idx    Axx(D)    Ayy(D)    Azz(D)

	    (1)    -0.003    -0.001     0.004
	    (2)    -0.003    -0.002     0.006
	    (3)    -0.003    -0.001     0.004
	      :
	  (106)    20.863    20.330    33.195
	  (107)    13.942    13.484    31.778
	------------------------------

	Zero Field splitting tensor (KEY : Ddata)
	------------------------------

	*ZFS : ZFS tensor (MHz) 

	  1252.455     0.000     0.000
	     0.000 -3377.542 -2448.980
	     0.000 -2448.980  2124.615

	Diagonalized ZFS tensor 
	*D_diag : Diagonalized ZFS tensor (MHz) 
	*D_eigvec : Eigenvectors for diagonalized ZFS tensor 

	    idx    Dii(D)  eigvec_x  eigvec_y  eigvec_z

	    (1)  1252.455     1.000     0.000     0.000
	    (2)  3056.733     0.000     0.356    -0.935
	    (3) -4309.659     0.000    -0.935    -0.356

	ZFS parameters (MHz) 
	*D : axial component D = 3/2*D_zz (MHz) 
	*E : transverse component E = (D_xx-D_yy)/2 (MHz) 

	   D =  -6464.488
	   E =   -902.139
	------------------------------

	Isotopic data (KEY : isodata)
	------------------------------

	 Atom : { Isotopes : ( S, gyro, eQ, conc) }

	example) 
	 isodata['B']['10B'].s          : spin          (no unit)
	 isodata['B']['11B'].gyro       : gyro          (rad/ms/G)
	 isodata['N']['14N'].q          : eQ            (barn = 10^-28 m^2)
	 isodata['N']['15N'].conc       : concentration (%/100)

	 B : {'10B': (3.0, 2.8747, 0.08459, 0.1990), '11B': (1.5, 8.5847, 0.04059, 0.8010)} 
	 N : {'14N': (1.0, 1.9338, 0.02044, 0.9963), '15N': (0.5, -2.7126, 0.00000, 0.0037)} 


	=========================================
	 READ POSCAR (KEY : poscar or poscarmod) 
	=========================================


	 POSCAR from ./hBN_VB_g94_CONTCAR (KEY : poscar)
	------------------------------
	 *atom_data : ['B', 'N']
	 *atom_data_num : [53, 54]
	 *unit_cell_information :  

	    idx    frac_x    frac_y    frac_z

	    (1)     0.059     0.167     0.500
	    (2)     0.059     0.500     0.500
	    (3)     0.059     0.833     0.500
	      :
	  (106)     0.443     0.442     0.644
	  (107)     0.500     0.621     0.679


	=========================================
	          MAKE A,Q FILE                     
	=========================================


	 Relative positions from central defect (KEY : relativepos)
	------------------------------

	 *MinDif[A] : [-10.545571505485015, -6.495208668622105, -2.341805799000001]
	 *MaxDif[A] : [9.311667079406543, 6.443082942114208, 0.34971374699999913]
	 *farthest_atoms_idx : [26, 79]
	 *farthest_atom_info : [['B', -10.545571505485015, 6.4426600064360064, -2.341805799000001], ['N', -10.545571505485015, -5.06280175003548, -2.341805799000001]]
	 *r_1i (cart) :  

	    idx      atom     r_1ix     r_1iy     r_1iz

	    (1)         B    -9.310    -4.341    -2.342
	    (2)         B    -9.308    -0.028    -2.342
	    (3)         B    -9.309     4.285    -2.342
	      :
	  (106)         N    -1.201    -0.772    -0.175
	  (107)         N    -0.000     1.545     0.350

	--- Save files --- 
	Afile : Afile
	Qfile : Qfile


	=========================================
	                 DONE                     
	=========================================

    ____________________________________________________________

    memory_usage_percent  :     5.800 %

    Current memory KB     :    62.492 KB

    Wall clock time       : 0:00:00.232953(s)

    ============================================================
        JOB DONE    
    ============================================================
