
    ============================================================

    <\Summary> make AQ tensor file for CCE calculation


    Latest update :  Wed Mar 22 14:34:07 2023

    Current time  :  Thu Mar 30 09:03:42 2023

    ____________________________________________________________



    Author        : Huijin Park

    note1         : For VASP, you will find error 
    		    if your INCAR file include NGYROMAG
    		    This case need to be considered

    note2         : POSCAR files should include defect information.
    		    Also, Atomic name need to be consistant

    update1       : (2023.02.15) Added key : [33m--addhfcore[0m 
    		    In the case of VASP, 
    		    We should add the core electronic contributions to fermi contact term 
    		    (A_tot = A_1c + A_tot)

    update2       : (2023.03.21) Added key : [33m--fidentify[0m 
    		    The first line of the A file include VASP/QUANTUMESSPRESSO.

    update3       : (2023.03.21) Added key : [33m--version[0m 
    		    You can choose version : v1 or v2 
    		    Previous version : Afile of VASP and QE was the same (The central spin factor was treated) 
    		    New version : Afile of VASP/QE would be the same to the OUTCAR/hyperfine.out result

    update4       : (2023.03.21) Added key : [33m--vertex[0m 
    		    You can convert the format of cell' range from relative coordinate to vertex

    ____________________________________________________________


	Input argument : 

	 [1] tool    : VASP
	 [2] fposcar : ./hBN_VB_g94_CONTCAR
	 [3] dfname  : VB


	 opt. --A       : ./hBN_VB_g94_OUTCAR
	 opt. --Q       : ./hBN_VB_g94_OUTCAR
	 opt. --D       : []
	 opt. --dfpos   : []
	 opt. --ignoreatm : []
	 opt. --fidentify : False
	 opt. --addhfcore : True
	 opt. --version : v1
	 opt. --rangeformat : coord


	=========================================

			do_mkAQDdata : 

	=========================================


	Read INCAR part in OUTCAR ...
	Read A tensor : .TRUE.
	Read Q tensor : .TRUE.
	Read D tensor : .TRUE.
	NGYROMAG : NONE 
	QUAD_EFG : NONE 
	Read POSCAR(simple) part in OUTCAR ...
	 atoms # = 107
	 atomic species = ['B', 'N']
	Read Quadrupole tensor part in OUTCAR ...
	Read Hyperfine tensor part in OUTCAR ...
	Read ZFS tensor part in OUTCAR ...
	 ['B', 'N']
	atm: B
	isotopeData {'10B': (3.0, 2.8747, 0.08459, 0.1990), '11B': (1.5, 8.5847, 0.04059, 0.8010)}
	iso B {'10B': (3.0, 2.8747, 0.08459, 0.1990), '11B': (1.5, 8.5847, 0.04059, 0.8010)}
	atm: N
	isotopeData {'14N': (1.0, 1.9338, 0.02044, 0.9963), '15N': (0.5, -2.7126, 0.00000, 0.0037)}
	iso N {'14N': (1.0, 1.9338, 0.02044, 0.9963), '15N': (0.5, -2.7126, 0.00000, 0.0037)}
[['10B', 0.6002149999999999], ['11B', 1.7924326000000004], ['14N', 0.403761], ['15N', -0.56637768]]



	=========================================
	 READ OUTCAR (KEY : outcar_spHam) 
	=========================================


	----------------------------------------
	extSpinHamilTensors : 
	----------------------------------------

	Atomic data from OUTCAR (KEY : atomicdata)
	------------------------------
	 *atom_data : ['B', 'N']
	 *total_atom_num : 107
	 *unit_cell_information :  

	    idx    frac_x    frac_y    frac_z

	    (1)     0.059     0.166     0.500
	    (2)     0.059     0.500     0.500
	    (3)     0.059     0.833     0.500
	      :
	  (106)     0.441     0.442     0.649
	  (107)     0.500     0.621     0.679

	Quadrupole tensor (KEY : Qdata)
	------------------------------

	*EFG : EFG tensor (V/A^2) 

	    idx       Vxx       Vxy       Vxz       Vyx       Vyy       Vyz       Vzx       Vzy       Vzz

	    (1)   -17.499     0.264     0.038     0.264   -17.108    -0.002     0.038    -0.002    34.607
	    (2)   -17.568     0.312     0.038     0.312   -17.024    -0.002     0.038    -0.002    34.593
	    (3)   -17.581     0.256     0.039     0.256   -17.029    -0.003     0.039    -0.003    34.610
	      :
	  (106)    24.664    22.323     0.778    22.323   -10.189    -1.393     0.778    -1.393   -14.475
	  (107)   -23.517    -0.000    -0.000    -0.000    40.389    23.200    -0.000    23.200   -16.872

	*EFG_diag : Diagonalized EFG tensor (V/A^2) 

	    idx    Vxx(D)    Vyy(D)    Vzz(D)

	    (1)   -17.632   -16.975    34.607
	    (2)   -17.710   -16.883    34.593
	    (3)   -17.681   -16.929    34.610
	      :
	  (106)   -21.446   -14.111    35.557
	  (107)   -25.092   -23.517    48.609

	NMR quadrupolar parameters

	*Cq  : quadrupolar parameter    Cq=e*Q*V_zz/h (MHz) 
	*eta : asymmetry parameters     (V_yy - V_xx)/ V_zz 
	*Q   : nuclear electric quadrupole moment in mb (millibarn = 10^-31 m^2) 

	    idx        Cq       eta         q

	    (1)     0.084     0.019     1.000
	    (2)     0.084     0.024     1.000
	    (3)     0.084     0.022     1.000
	      :
	  (106)     0.086     0.206     1.000
	  (107)     0.118     0.032     1.000
	------------------------------

	Hyperfine tensor (KEY : Adata)
	------------------------------

	Hyperfine tensor 

	*Aiso : Fermi contact term (MHz) 
	*Adip : Dipolar coupling term (MHz) 

	    idx      Aiso       Axx       Axy       Axz       Ayx       Ayy       Ayz       Azx       Azy       Azz

	    (1)     0.000     0.004     0.001     0.001     0.001    -0.001     0.000     0.001     0.000    -0.003
	    (2)     0.001     0.006    -0.000     0.001    -0.000    -0.003    -0.000     0.001    -0.000    -0.003
	    (3)     0.000     0.004    -0.000     0.001    -0.000    -0.001    -0.000     0.001    -0.000    -0.003
	      :
	  (106)    15.743     4.727     5.056     2.742     5.056    -1.545     1.706     2.742     1.706    -3.182
	  (107)    11.573    -5.385    -0.000    -0.000    -0.000     9.588     3.540    -0.000     3.540    -4.204

	*Adiag : Diagonalized total Hyperfine tensor (MHz) 

	    idx    Axx(D)    Ayy(D)    Azz(D)

	    (1)    -0.003    -0.002     0.004
	    (2)    -0.002    -0.002     0.007
	    (3)    -0.003    -0.001     0.004
	      :
	  (106)    15.714    15.300    28.162
	  (107)    11.534    11.209    27.037
	------------------------------

	Zero Field splitting tensor (KEY : Ddata)
	------------------------------

	*ZFS : ZFS tensor (MHz) 

	  -438.829     0.000     0.000
	     0.000 -1380.380 -1361.420
	     0.000 -1361.420  1819.210

	Diagonalized ZFS tensor 
	*D_diag : Diagonalized ZFS tensor (MHz) 
	*D_eigvec : Eigenvectors for diagonalized ZFS tensor 

	    idx    Dii(D)  eigvec_x  eigvec_y  eigvec_z

	    (1)  -438.829     1.000     0.000     0.000
	    (2) -1881.254     0.000    -0.939    -0.345
	    (3)  2320.083     0.000    -0.345     0.939

	ZFS parameters (MHz) 
	*D : axial component D = 3/2*D_zz (MHz) 
	*E : transverse component E = (D_xx-D_yy)/2 (MHz) 

	   D =   3480.124
	   E =    721.212
	------------------------------

	Isotopic data (KEY : isodata)
	------------------------------

	 Atom : { Isotopes : ( S, gyro, eQ, conc) }

	example) 
	 isodata['B']['10B'].s          : spin          (no unit)
	 isodata['B']['11B'].gyro       : gyro          (rad/ms/G)
	 isodata['N']['14N'].q          : eQ            (barn = 10^-28 m^2)
	 isodata['N']['15N'].conc       : concentration (%/100)

	 B : {'10B': (3.0, 2.8747, 0.08459, 0.1990), '11B': (1.5, 8.5847, 0.04059, 0.8010)} 
	 N : {'14N': (1.0, 1.9338, 0.02044, 0.9963), '15N': (0.5, -2.7126, 0.00000, 0.0037)} 


	=========================================
	 READ POSCAR (KEY : poscar or poscarmod) 
	=========================================


	 POSCAR from ./hBN_VB_g94_CONTCAR (KEY : poscar)
	------------------------------
	 *atom_data : ['B', 'N']
	 *atom_data_num : [53, 54]
	 *unit_cell_information :  

	    idx    frac_x    frac_y    frac_z

	    (1)     0.059     0.166     0.500
	    (2)     0.059     0.500     0.500
	    (3)     0.059     0.833     0.500
	      :
	  (106)     0.441     0.442     0.649
	  (107)     0.500     0.621     0.679


	=========================================
	          MAKE A,Q FILE                     
	=========================================


	 Relative positions from central defect (KEY : relativepos)
	------------------------------

	 *MinDif[A] : [-10.634544069910588, -6.548899328388172, -2.3901314505]
	 *MaxDif[A] : [9.390851375157153, 6.510811557296912, 0.2989656150000002]
	 *farthest_atoms_idx : [26, 79]
	 *farthest_atom_info : [['B', -10.634544069910588, 6.509976634742572, -2.3901314505], ['N', -10.634544069910588, -5.103602083162969, -2.3901314505]]
	 *r_1i (cart) :  

	    idx      atom     r_1ix     r_1iy     r_1iz

	    (1)         B    -9.389    -4.374    -2.390
	    (2)         B    -9.387    -0.021    -2.390
	    (3)         B    -9.389     4.333    -2.390
	      :
	  (106)         N    -1.265    -0.779    -0.149
	  (107)         N    -0.000     1.559     0.299

	--- Save files --- 
	Afile : Afile
	Qfile : Qfile


	=========================================
	                 DONE                     
	=========================================

    ____________________________________________________________

    memory_usage_percent  :     4.900 %

    Current memory KB     :    62.824 KB

    Wall clock time       : 0:00:00.230869(s)

    ============================================================
        JOB DONE    
    ============================================================
