

=========================================

		do_mkAQDdata : 

=========================================


./hBN_VB_t106_OUTCAR
./hBN_VB_t106_CONTCAR
VB
hBN_VB_t106_ATensor
hBN_VB_t106_QTensor
None
Read INCAR part in OUTCAR ...
Read A tensor : .TRUE.
Read Q tensor : .TRUE.
Read D tensor : .TRUE.
NGYROMAG : NONE 
QUAD_EFG : NONE 
Read POSCAR(simple) part in OUTCAR ...
 atoms # = 107
 atomic species = ['B', 'N']
Read Quadrupole tensor part in OUTCAR ...
Read Hyperfine tensor part in OUTCAR ...
Read ZFS tensor part in OUTCAR ...
['B', 'N']
atm: B
isotopeData {'10B': (3.0, 2.8747, 0.08459, 0.1990), '11B': (1.5, 8.5847, 0.04059, 0.8010)}
iso B {'10B': (3.0, 2.8747, 0.08459, 0.1990), '11B': (1.5, 8.5847, 0.04059, 0.8010)}
atm: N
isotopeData {'14N': (1.0, 1.9338, 0.02044, 0.9963), '15N': (0.5, -2.7126, 0.00000, 0.0037)}
iso N {'14N': (1.0, 1.9338, 0.02044, 0.9963), '15N': (0.5, -2.7126, 0.00000, 0.0037)}
	Read POSCAR file - ./hBN_VB_t106_CONTCAR
	 --------------------------------------------------



=========================================
 READ OUTCAR (KEY : outcar_spHam) 
=========================================


----------------------------------------
extSpinHamilTensors : 
----------------------------------------

Atomic data from OUTCAR (KEY : atomicdata)
------------------------------
 *atom_data : ['B', 'N']
 *total_atom_num : 107
 *unit_cell_information :  

    idx    frac_x    frac_y    frac_z

    (1)     0.055     0.165     0.500
    (2)     0.055     0.499     0.500
    (3)     0.055     0.832     0.500
      :
  (106)     0.435     0.442     0.500
  (107)     0.500     0.619     0.500

Quadrupole tensor (KEY : Qdata)
------------------------------

*EFG : EFG tensor (V/A^2) 

    idx       Vxx       Vxy       Vxz       Vyx       Vyy       Vyz       Vzx       Vzy       Vzz

    (1)   -14.798     0.301    -0.000     0.301   -17.873    -0.000    -0.000    -0.000    32.671
    (2)   -14.919     0.365    -0.000     0.365   -17.855     0.000    -0.000     0.000    32.774
    (3)   -14.892     0.380     0.000     0.380   -17.795     0.000     0.000     0.000    32.687
      :
  (106)    20.830    26.136     0.000    26.136    -5.841    -0.000     0.000    -0.000   -14.989
  (107)    -2.593     0.000     0.000     0.000    23.971    -0.000     0.000    -0.000   -21.378

*EFG_diag : Diagonalized EFG tensor (V/A^2) 

    idx    Vxx(D)    Vyy(D)    Vzz(D)

    (1)   -17.902   -14.769    32.671
    (2)   -17.899   -14.875    32.774
    (3)   -17.844   -14.843    32.687
      :
  (106)   -21.847   -14.989    36.836
  (107)   -21.378    -2.593    23.971

NMR quadrupolar parameters

*Cq  : quadrupolar parameter	Cq=e*Q*V_zz/h (MHz) 
*eta : asymmetry parameters	 (V_yy - V_xx)/ V_zz 
*Q   : nuclear electric quadrupole moment in mb (millibarn = 10^-31 m^2) 

    idx        Cq       eta         q

    (1)     0.079     0.096     1.000
    (2)     0.079     0.092     1.000
    (3)     0.079     0.092     1.000
      :
  (106)     0.089     0.186     1.000
  (107)     0.058     0.784     1.000
------------------------------

Hyperfine tensor (KEY : Adata)
------------------------------

Hyperfine tensor 

*Aiso : Fermi contact term (MHz) 
*Adip : Dipolar coupling term (MHz) 

    idx      Aiso       Axx       Axy       Axz       Ayx       Ayy       Ayz       Azx       Azy       Azz

    (1)    -0.000     0.004     0.000     0.000     0.000    -0.001    -0.000     0.000    -0.000    -0.003
    (2)     0.001     0.005    -0.000     0.000    -0.000    -0.002     0.000     0.000     0.000    -0.003
    (3)    -0.000     0.004    -0.000     0.000    -0.000    -0.001     0.000     0.000     0.000    -0.003
      :
  (106)    16.412     4.456     6.656     0.000     6.656    -0.076     0.000     0.000     0.000    -4.380
  (107)    17.199    -4.676     0.000    -0.000     0.000     9.034     0.000    -0.000     0.000    -4.358

*Adiag : Diagonalized total Hyperfine tensor (MHz) 

    idx    Axx(D)    Ayy(D)    Azz(D)

    (1)    -0.003    -0.002     0.004
    (2)    -0.002    -0.001     0.006
    (3)    -0.003    -0.001     0.004
      :
  (106)    12.032    11.571    25.633
  (107)    12.841    12.523    26.233
------------------------------

Zero Field splitting tensor (KEY : Ddata)
------------------------------

*ZFS : ZFS tensor (MHz) 

  -328.209     0.000     0.000
     0.000 -1026.937     0.000
     0.000     0.000  1355.146

Diagonalized ZFS tensor 
*D_diag : Diagonalized ZFS tensor (MHz) 
*D_eigvec : Eigenvectors for diagonalized ZFS tensor 

    idx    Dii(D)  eigvec_x  eigvec_y  eigvec_z

    (1)  -328.209     1.000     0.000     0.000
    (2) -1026.937     0.000     1.000     0.000
    (3)  1355.146     0.000     0.000     1.000

ZFS parameters (MHz) 
*D : axial component D = 3/2*D_zz (MHz) 
*E : transverse component E = (D_xx-D_yy)/2 (MHz) 

   D =   2032.719
   E =    349.364
------------------------------

Isotopic data (KEY : isodata)
------------------------------

 Atom : { Isotopes : ( S, gyro, eQ, conc) }

example) 
 isodata['B']['10B'].s          : spin          (no unit)
 isodata['B']['11B'].gyro       : gyro          (rad/ms/G)
 isodata['N']['14N'].q          : eQ            (barn = 10^-28 m^2)
 isodata['N']['15N'].conc       : concentration (%/100)

 B : {'10B': (3.0, 2.8747, 0.08459, 0.1990), '11B': (1.5, 8.5847, 0.04059, 0.8010)} 
 N : {'14N': (1.0, 1.9338, 0.02044, 0.9963), '15N': (0.5, -2.7126, 0.00000, 0.0037)} 


=========================================
 READ POSCAR (KEY : poscar or poscarmod) 
=========================================


 POSCAR from ./hBN_VB_t106_CONTCAR (KEY : poscar)
------------------------------
 *atom_data : ['B', 'N']
 *atom_data_num : [53, 54]
 *unit_cell_information :  

    idx    frac_x    frac_y    frac_z

    (1)     0.055     0.165     0.500
    (2)     0.055     0.499     0.500
    (3)     0.055     0.832     0.500
      :
  (106)     0.435     0.442     0.500
  (107)     0.500     0.619     0.500


=========================================
          MAKE A,Q FILE          		   
=========================================


 Relative positions from central defect (KEY : relativepos)
------------------------------

 *MinDif[A] : [-11.9921454, -6.448147374224031, 0.0]
 *MaxDif[A] : [10.66694497327436, 6.428164059184769, 0.0]
 *farthest_atoms_idx : [28, 79]
 *farthest_atom_info : [['B', -11.9921454, 6.418073055942865, 0.0], ['N', -11.9921454, -5.024185015840584, 0.0]]
 *r_1i (cart) :  

    idx      atom     r_1ix     r_1iy     r_1iz

    (1)         B   -10.664    -4.325     0.000
    (2)         B   -10.667    -0.026     0.000
    (3)         B   -10.662     4.271     0.000
      :
  (106)         N    -1.562    -0.759     0.000
  (107)         N     0.000     1.518     0.000

--- Save files --- 
Afile : hBN_VB_t106_ATensor
Qfile : hBN_VB_t106_QTensor


=========================================
                 DONE          		   
=========================================
