
    ============================================================

    <\Summary> make AQ tensor file for CCE calculation


    Latest update :  Wed Mar 22 14:34:07 2023

    Current time  :  Thu Mar 30 09:03:40 2023

    ____________________________________________________________



    Author        : Huijin Park

    note1         : For VASP, you will find error 
    		    if your INCAR file include NGYROMAG
    		    This case need to be considered

    note2         : POSCAR files should include defect information.
    		    Also, Atomic name need to be consistant

    update1       : (2023.02.15) Added key : [33m--addhfcore[0m 
    		    In the case of VASP, 
    		    We should add the core electronic contributions to fermi contact term 
    		    (A_tot = A_1c + A_tot)

    update2       : (2023.03.21) Added key : [33m--fidentify[0m 
    		    The first line of the A file include VASP/QUANTUMESSPRESSO.

    update3       : (2023.03.21) Added key : [33m--version[0m 
    		    You can choose version : v1 or v2 
    		    Previous version : Afile of VASP and QE was the same (The central spin factor was treated) 
    		    New version : Afile of VASP/QE would be the same to the OUTCAR/hyperfine.out result

    update4       : (2023.03.21) Added key : [33m--vertex[0m 
    		    You can convert the format of cell' range from relative coordinate to vertex

    ____________________________________________________________


	Input argument : 

	 [1] tool    : VASP
	 [2] fposcar : ./hBN_VB_g91_CONTCAR
	 [3] dfname  : VB


	 opt. --A       : ./hBN_VB_g91_OUTCAR
	 opt. --Q       : ./hBN_VB_g91_OUTCAR
	 opt. --D       : []
	 opt. --dfpos   : []
	 opt. --ignoreatm : []
	 opt. --fidentify : False
	 opt. --addhfcore : True
	 opt. --version : v1
	 opt. --rangeformat : coord


	=========================================

			do_mkAQDdata : 

	=========================================


	Read INCAR part in OUTCAR ...
	Read A tensor : .TRUE.
	Read Q tensor : .TRUE.
	Read D tensor : .TRUE.
	NGYROMAG : NONE 
	QUAD_EFG : NONE 
	Read POSCAR(simple) part in OUTCAR ...
	 atoms # = 107
	 atomic species = ['B', 'N']
	Read Quadrupole tensor part in OUTCAR ...
	Read Hyperfine tensor part in OUTCAR ...
	Read ZFS tensor part in OUTCAR ...
	 ['B', 'N']
	atm: B
	isotopeData {'10B': (3.0, 2.8747, 0.08459, 0.1990), '11B': (1.5, 8.5847, 0.04059, 0.8010)}
	iso B {'10B': (3.0, 2.8747, 0.08459, 0.1990), '11B': (1.5, 8.5847, 0.04059, 0.8010)}
	atm: N
	isotopeData {'14N': (1.0, 1.9338, 0.02044, 0.9963), '15N': (0.5, -2.7126, 0.00000, 0.0037)}
	iso N {'14N': (1.0, 1.9338, 0.02044, 0.9963), '15N': (0.5, -2.7126, 0.00000, 0.0037)}
[['10B', 0.6002149999999999], ['11B', 1.7924326000000004], ['14N', 0.403761], ['15N', -0.56637768]]



	=========================================
	 READ OUTCAR (KEY : outcar_spHam) 
	=========================================


	----------------------------------------
	extSpinHamilTensors : 
	----------------------------------------

	Atomic data from OUTCAR (KEY : atomicdata)
	------------------------------
	 *atom_data : ['B', 'N']
	 *total_atom_num : 107
	 *unit_cell_information :  

	    idx    frac_x    frac_y    frac_z

	    (1)     0.060     0.167     0.500
	    (2)     0.061     0.500     0.500
	    (3)     0.060     0.833     0.500
	      :
	  (106)     0.439     0.442     0.685
	  (107)     0.500     0.622     0.720

	Quadrupole tensor (KEY : Qdata)
	------------------------------

	*EFG : EFG tensor (V/A^2) 

	    idx       Vxx       Vxy       Vxz       Vyx       Vyy       Vyz       Vzx       Vzy       Vzz

	    (1)   -17.503     0.223     0.049     0.223   -17.123    -0.003     0.049    -0.003    34.626
	    (2)   -17.565     0.311     0.047     0.311   -17.038    -0.003     0.047    -0.003    34.603
	    (3)   -17.598     0.222     0.050     0.222   -17.020    -0.003     0.050    -0.003    34.618
	      :
	  (106)    28.107    21.826     0.997    21.826   -11.644    -2.988     0.997    -2.988   -16.463
	  (107)   -23.549     0.000    -0.000     0.000    41.372    25.567    -0.000    25.567   -17.822

	*EFG_diag : Diagonalized EFG tensor (V/A^2) 

	    idx    Vxx(D)    Vyy(D)    Vzz(D)

	    (1)   -17.606   -17.020    34.626
	    (2)   -17.710   -16.893    34.603
	    (3)   -17.673   -16.945    34.618
	      :
	  (106)   -22.833   -14.920    37.753
	  (107)   -27.336   -23.549    50.886

	NMR quadrupolar parameters

	*Cq  : quadrupolar parameter    Cq=e*Q*V_zz/h (MHz) 
	*eta : asymmetry parameters     (V_yy - V_xx)/ V_zz 
	*Q   : nuclear electric quadrupole moment in mb (millibarn = 10^-31 m^2) 

	    idx        Cq       eta         q

	    (1)     0.084     0.017     1.000
	    (2)     0.084     0.024     1.000
	    (3)     0.084     0.021     1.000
	      :
	  (106)     0.091     0.210     1.000
	  (107)     0.123     0.074     1.000
	------------------------------

	Hyperfine tensor (KEY : Adata)
	------------------------------

	Hyperfine tensor 

	*Aiso : Fermi contact term (MHz) 
	*Adip : Dipolar coupling term (MHz) 

	    idx      Aiso       Axx       Axy       Axz       Ayx       Ayy       Ayz       Azx       Azy       Azz

	    (1)     0.000     0.004     0.001     0.001     0.001    -0.001     0.000     0.001     0.000    -0.003
	    (2)     0.001     0.006    -0.000     0.001    -0.000    -0.003    -0.000     0.001    -0.000    -0.003
	    (3)     0.000     0.004    -0.000     0.001    -0.000    -0.001    -0.000     0.001    -0.000    -0.003
	      :
	  (106)    15.141     4.338     4.680     3.134     4.680    -1.618     1.925     3.134     1.925    -2.720
	  (107)     9.982    -5.610     0.000    -0.000     0.000     9.683     4.320    -0.000     4.320    -4.073

	*Adiag : Diagonalized total Hyperfine tensor (MHz) 

	    idx    Axx(D)    Ayy(D)    Azz(D)

	    (1)    -0.003    -0.002     0.004
	    (2)    -0.002    -0.002     0.007
	    (3)    -0.003    -0.001     0.004
	      :
	  (106)    15.112    14.705    27.133
	  (107)     9.950     9.658    26.195
	------------------------------

	Zero Field splitting tensor (KEY : Ddata)
	------------------------------

	*ZFS : ZFS tensor (MHz) 

	  -227.799     0.000     0.000
	     0.000 -1553.099 -1581.330
	     0.000 -1581.330  1780.898

	Diagonalized ZFS tensor 
	*D_diag : Diagonalized ZFS tensor (MHz) 
	*D_eigvec : Eigenvectors for diagonalized ZFS tensor 

	    idx    Dii(D)  eigvec_x  eigvec_y  eigvec_z

	    (1)  -227.799     1.000     0.000     0.000
	    (2) -2183.814     0.000    -0.929    -0.370
	    (3)  2411.614     0.000    -0.370     0.929

	ZFS parameters (MHz) 
	*D : axial component D = 3/2*D_zz (MHz) 
	*E : transverse component E = (D_xx-D_yy)/2 (MHz) 

	   D =   3617.421
	   E =    978.007
	------------------------------

	Isotopic data (KEY : isodata)
	------------------------------

	 Atom : { Isotopes : ( S, gyro, eQ, conc) }

	example) 
	 isodata['B']['10B'].s          : spin          (no unit)
	 isodata['B']['11B'].gyro       : gyro          (rad/ms/G)
	 isodata['N']['14N'].q          : eQ            (barn = 10^-28 m^2)
	 isodata['N']['15N'].conc       : concentration (%/100)

	 B : {'10B': (3.0, 2.8747, 0.08459, 0.1990), '11B': (1.5, 8.5847, 0.04059, 0.8010)} 
	 N : {'14N': (1.0, 1.9338, 0.02044, 0.9963), '15N': (0.5, -2.7126, 0.00000, 0.0037)} 


	=========================================
	 READ POSCAR (KEY : poscar or poscarmod) 
	=========================================


	 POSCAR from ./hBN_VB_g91_CONTCAR (KEY : poscar)
	------------------------------
	 *atom_data : ['B', 'N']
	 *atom_data_num : [53, 54]
	 *unit_cell_information :  

	    idx    frac_x    frac_y    frac_z

	    (1)     0.060     0.167     0.500
	    (2)     0.061     0.500     0.500
	    (3)     0.060     0.833     0.500
	      :
	  (106)     0.439     0.442     0.685
	  (107)     0.500     0.622     0.720


	=========================================
	          MAKE A,Q FILE                     
	=========================================


	 Relative positions from central defect (KEY : relativepos)
	------------------------------

	 *MinDif[A] : [-10.2951430416, -6.552436040079886, -2.943677889]
	 *MaxDif[A] : [9.052392238531802, 6.508427333312678, 0.3502889565]
	 *farthest_atoms_idx : [26, 79]
	 *farthest_atom_info : [['B', -10.2951430416, 6.507222301494139, -2.943677889], ['N', -10.2951430416, -5.106580214193366, -2.943677889]]
	 *r_1i (cart) :  

	    idx      atom     r_1ix     r_1iy     r_1iz

	    (1)         B    -9.051    -4.377    -2.944
	    (2)         B    -9.048    -0.023    -2.944
	    (3)         B    -9.050     4.329    -2.944
	      :
	  (106)         N    -1.254    -0.785    -0.175
	  (107)         N     0.000     1.570     0.350

	--- Save files --- 
	Afile : Afile
	Qfile : Qfile


	=========================================
	                 DONE                     
	=========================================

    ____________________________________________________________

    memory_usage_percent  :     4.900 %

    Current memory KB     :    62.820 KB

    Wall clock time       : 0:00:00.230502(s)

    ============================================================
        JOB DONE    
    ============================================================
