

=========================================

		do_mkAQDdata : 

=========================================


./hBN_VB_t104_OUTCAR
./hBN_VB_t104_CONTCAR
VB
hBN_VB_t104_ATensor
hBN_VB_t104_QTensor
None
Read INCAR part in OUTCAR ...
Read A tensor : .TRUE.
Read Q tensor : .TRUE.
Read D tensor : .TRUE.
NGYROMAG : NONE 
QUAD_EFG : NONE 
Read POSCAR(simple) part in OUTCAR ...
 atoms # = 107
 atomic species = ['B', 'N']
Read Quadrupole tensor part in OUTCAR ...
Read Hyperfine tensor part in OUTCAR ...
Read ZFS tensor part in OUTCAR ...
['B', 'N']
atm: B
isotopeData {'10B': (3.0, 2.8747, 0.08459, 0.1990), '11B': (1.5, 8.5847, 0.04059, 0.8010)}
iso B {'10B': (3.0, 2.8747, 0.08459, 0.1990), '11B': (1.5, 8.5847, 0.04059, 0.8010)}
atm: N
isotopeData {'14N': (1.0, 1.9338, 0.02044, 0.9963), '15N': (0.5, -2.7126, 0.00000, 0.0037)}
iso N {'14N': (1.0, 1.9338, 0.02044, 0.9963), '15N': (0.5, -2.7126, 0.00000, 0.0037)}
	Read POSCAR file - ./hBN_VB_t104_CONTCAR
	 --------------------------------------------------



=========================================
 READ OUTCAR (KEY : outcar_spHam) 
=========================================


----------------------------------------
extSpinHamilTensors : 
----------------------------------------

Atomic data from OUTCAR (KEY : atomicdata)
------------------------------
 *atom_data : ['B', 'N']
 *total_atom_num : 107
 *unit_cell_information :  

    idx    frac_x    frac_y    frac_z

    (1)     0.055     0.166     0.500
    (2)     0.055     0.499     0.500
    (3)     0.055     0.832     0.500
      :
  (106)     0.437     0.442     0.500
  (107)     0.500     0.618     0.500

Quadrupole tensor (KEY : Qdata)
------------------------------

*EFG : EFG tensor (V/A^2) 

    idx       Vxx       Vxy       Vxz       Vyx       Vyy       Vyz       Vzx       Vzy       Vzz

    (1)   -15.764     0.316    -0.000     0.316   -17.495     0.000    -0.000     0.000    33.259
    (2)   -15.847     0.339    -0.000     0.339   -17.492    -0.000    -0.000    -0.000    33.339
    (3)   -15.829     0.336    -0.000     0.336   -17.446     0.000    -0.000     0.000    33.275
      :
  (106)    21.545    26.299    -0.000    26.299    -6.400    -0.000    -0.000    -0.000   -15.145
  (107)    -8.480     0.000    -0.000     0.000    27.266    -0.000    -0.000    -0.000   -18.786

*EFG_diag : Diagonalized EFG tensor (V/A^2) 

    idx    Vxx(D)    Vyy(D)    Vzz(D)

    (1)   -17.551   -15.708    33.259
    (2)   -17.559   -15.780    33.339
    (3)   -17.513   -15.762    33.275
      :
  (106)   -22.208   -15.145    37.353
  (107)   -18.786    -8.480    27.266

NMR quadrupolar parameters

*Cq  : quadrupolar parameter	Cq=e*Q*V_zz/h (MHz) 
*eta : asymmetry parameters	 (V_yy - V_xx)/ V_zz 
*Q   : nuclear electric quadrupole moment in mb (millibarn = 10^-31 m^2) 

    idx        Cq       eta         q

    (1)     0.080     0.055     1.000
    (2)     0.081     0.053     1.000
    (3)     0.080     0.053     1.000
      :
  (106)     0.090     0.189     1.000
  (107)     0.066     0.378     1.000
------------------------------

Hyperfine tensor (KEY : Adata)
------------------------------

Hyperfine tensor 

*Aiso : Fermi contact term (MHz) 
*Adip : Dipolar coupling term (MHz) 

    idx      Aiso       Axx       Axy       Axz       Ayx       Ayy       Ayz       Azx       Azy       Azz

    (1)    -0.000     0.004     0.000     0.000     0.000    -0.001    -0.000     0.000    -0.000    -0.003
    (2)     0.001     0.006    -0.000    -0.000    -0.000    -0.002    -0.000    -0.000    -0.000    -0.003
    (3)    -0.000     0.004    -0.000     0.000    -0.000    -0.001     0.000     0.000     0.000    -0.003
      :
  (106)    17.573     4.869     6.501     0.000     6.501    -0.481     0.000     0.000     0.000    -4.389
  (107)    18.112    -4.705     0.000    -0.000     0.000     9.070     0.000    -0.000     0.000    -4.365

*Adiag : Diagonalized total Hyperfine tensor (MHz) 

    idx    Axx(D)    Ayy(D)    Azz(D)

    (1)    -0.003    -0.002     0.004
    (2)    -0.002    -0.002     0.006
    (3)    -0.003    -0.001     0.004
      :
  (106)    13.185    12.738    26.797
  (107)    13.748    13.407    27.182
------------------------------

Zero Field splitting tensor (KEY : Ddata)
------------------------------

*ZFS : ZFS tensor (MHz) 

  -481.355     0.000     0.000
     0.000 -1006.220     0.000
     0.000     0.000  1487.575

Diagonalized ZFS tensor 
*D_diag : Diagonalized ZFS tensor (MHz) 
*D_eigvec : Eigenvectors for diagonalized ZFS tensor 

    idx    Dii(D)  eigvec_x  eigvec_y  eigvec_z

    (1)  -481.355     1.000     0.000     0.000
    (2) -1006.220     0.000     1.000     0.000
    (3)  1487.575     0.000     0.000     1.000

ZFS parameters (MHz) 
*D : axial component D = 3/2*D_zz (MHz) 
*E : transverse component E = (D_xx-D_yy)/2 (MHz) 

   D =   2231.363
   E =    262.433
------------------------------

Isotopic data (KEY : isodata)
------------------------------

 Atom : { Isotopes : ( S, gyro, eQ, conc) }

example) 
 isodata['B']['10B'].s          : spin          (no unit)
 isodata['B']['11B'].gyro       : gyro          (rad/ms/G)
 isodata['N']['14N'].q          : eQ            (barn = 10^-28 m^2)
 isodata['N']['15N'].conc       : concentration (%/100)

 B : {'10B': (3.0, 2.8747, 0.08459, 0.1990), '11B': (1.5, 8.5847, 0.04059, 0.8010)} 
 N : {'14N': (1.0, 1.9338, 0.02044, 0.9963), '15N': (0.5, -2.7126, 0.00000, 0.0037)} 


=========================================
 READ POSCAR (KEY : poscar or poscarmod) 
=========================================


 POSCAR from ./hBN_VB_t104_CONTCAR (KEY : poscar)
------------------------------
 *atom_data : ['B', 'N']
 *atom_data_num : [53, 54]
 *unit_cell_information :  

    idx    frac_x    frac_y    frac_z

    (1)     0.055     0.166     0.500
    (2)     0.055     0.499     0.500
    (3)     0.055     0.832     0.500
      :
  (106)     0.437     0.442     0.500
  (107)     0.500     0.618     0.500


=========================================
          MAKE A,Q FILE          		   
=========================================


 Relative positions from central defect (KEY : relativepos)
------------------------------

 *MinDif[A] : [-11.76587865, -6.472273209053153, 0.0]
 *MaxDif[A] : [10.464339433964282, 6.457183370090846, 0.0]
 *farthest_atoms_idx : [28, 79]
 *farthest_atom_info : [['B', -11.76587865, 6.446435376694854, 0.0], ['N', -11.76587865, -5.044852452318206, 0.0]]
 *r_1i (cart) :  

    idx      atom     r_1ix     r_1iy     r_1iz

    (1)         B   -10.461    -4.339     0.000
    (2)         B   -10.464    -0.023     0.000
    (3)         B   -10.460     4.291     0.000
      :
  (106)         N    -1.482    -0.759     0.000
  (107)         N     0.000     1.519     0.000

--- Save files --- 
Afile : hBN_VB_t104_ATensor
Qfile : hBN_VB_t104_QTensor


=========================================
                 DONE          		   
=========================================
