

=========================================

		do_mkAQDdata : 

=========================================


./hBN_VB_t105_OUTCAR
./hBN_VB_t105_CONTCAR
VB
hBN_VB_t105_ATensor
hBN_VB_t105_QTensor
None
Read INCAR part in OUTCAR ...
Read A tensor : .TRUE.
Read Q tensor : .TRUE.
Read D tensor : .TRUE.
NGYROMAG : NONE 
QUAD_EFG : NONE 
Read POSCAR(simple) part in OUTCAR ...
 atoms # = 107
 atomic species = ['B', 'N']
Read Quadrupole tensor part in OUTCAR ...
Read Hyperfine tensor part in OUTCAR ...
Read ZFS tensor part in OUTCAR ...
['B', 'N']
atm: B
isotopeData {'10B': (3.0, 2.8747, 0.08459, 0.1990), '11B': (1.5, 8.5847, 0.04059, 0.8010)}
iso B {'10B': (3.0, 2.8747, 0.08459, 0.1990), '11B': (1.5, 8.5847, 0.04059, 0.8010)}
atm: N
isotopeData {'14N': (1.0, 1.9338, 0.02044, 0.9963), '15N': (0.5, -2.7126, 0.00000, 0.0037)}
iso N {'14N': (1.0, 1.9338, 0.02044, 0.9963), '15N': (0.5, -2.7126, 0.00000, 0.0037)}
	Read POSCAR file - ./hBN_VB_t105_CONTCAR
	 --------------------------------------------------



=========================================
 READ OUTCAR (KEY : outcar_spHam) 
=========================================


----------------------------------------
extSpinHamilTensors : 
----------------------------------------

Atomic data from OUTCAR (KEY : atomicdata)
------------------------------
 *atom_data : ['B', 'N']
 *total_atom_num : 107
 *unit_cell_information :  

    idx    frac_x    frac_y    frac_z

    (1)     0.055     0.165     0.500
    (2)     0.055     0.499     0.500
    (3)     0.055     0.832     0.500
      :
  (106)     0.436     0.442     0.500
  (107)     0.500     0.618     0.500

Quadrupole tensor (KEY : Qdata)
------------------------------

*EFG : EFG tensor (V/A^2) 

    idx       Vxx       Vxy       Vxz       Vyx       Vyy       Vyz       Vzx       Vzy       Vzz

    (1)   -15.312     0.289     0.000     0.289   -17.663     0.000     0.000     0.000    32.975
    (2)   -15.417     0.362     0.000     0.362   -17.649    -0.000     0.000    -0.000    33.066
    (3)   -15.369     0.346     0.000     0.346   -17.624     0.000     0.000     0.000    32.993
      :
  (106)    21.213    26.215     0.000    26.215    -6.112     0.000     0.000     0.000   -15.101
  (107)    -5.287     0.000    -0.000     0.000    25.409     0.000    -0.000     0.000   -20.122

*EFG_diag : Diagonalized EFG tensor (V/A^2) 

    idx    Vxx(D)    Vyy(D)    Vzz(D)

    (1)   -17.698   -15.277    32.975
    (2)   -17.706   -15.360    33.066
    (3)   -17.676   -15.317    32.993
      :
  (106)   -22.011   -15.101    37.112
  (107)   -20.122    -5.287    25.409

NMR quadrupolar parameters

*Cq  : quadrupolar parameter	Cq=e*Q*V_zz/h (MHz) 
*eta : asymmetry parameters	 (V_yy - V_xx)/ V_zz 
*Q   : nuclear electric quadrupole moment in mb (millibarn = 10^-31 m^2) 

    idx        Cq       eta         q

    (1)     0.080     0.073     1.000
    (2)     0.080     0.071     1.000
    (3)     0.080     0.072     1.000
      :
  (106)     0.090     0.186     1.000
  (107)     0.061     0.584     1.000
------------------------------

Hyperfine tensor (KEY : Adata)
------------------------------

Hyperfine tensor 

*Aiso : Fermi contact term (MHz) 
*Adip : Dipolar coupling term (MHz) 

    idx      Aiso       Axx       Axy       Axz       Ayx       Ayy       Ayz       Azx       Azy       Azz

    (1)    -0.000     0.004     0.000     0.000     0.000    -0.001    -0.000     0.000    -0.000    -0.003
    (2)     0.001     0.005    -0.000     0.000    -0.000    -0.002     0.000     0.000     0.000    -0.003
    (3)    -0.000     0.004    -0.000     0.000    -0.000    -0.001     0.000     0.000     0.000    -0.003
      :
  (106)    16.944     4.659     6.588    -0.000     6.588    -0.273     0.000    -0.000     0.000    -4.386
  (107)    17.620    -4.691     0.000    -0.000     0.000     9.052     0.000    -0.000     0.000    -4.362

*Adiag : Diagonalized total Hyperfine tensor (MHz) 

    idx    Axx(D)    Ayy(D)    Azz(D)

    (1)    -0.003    -0.002     0.004
    (2)    -0.002    -0.001     0.006
    (3)    -0.003    -0.001     0.004
      :
  (106)    12.558    12.103    26.171
  (107)    13.258    12.929    26.672
------------------------------

Zero Field splitting tensor (KEY : Ddata)
------------------------------

*ZFS : ZFS tensor (MHz) 

  -399.498     0.000     0.000
     0.000 -1016.882     0.000
     0.000     0.000  1416.380

Diagonalized ZFS tensor 
*D_diag : Diagonalized ZFS tensor (MHz) 
*D_eigvec : Eigenvectors for diagonalized ZFS tensor 

    idx    Dii(D)  eigvec_x  eigvec_y  eigvec_z

    (1)  -399.498     1.000     0.000     0.000
    (2) -1016.882     0.000     1.000     0.000
    (3)  1416.380     0.000     0.000     1.000

ZFS parameters (MHz) 
*D : axial component D = 3/2*D_zz (MHz) 
*E : transverse component E = (D_xx-D_yy)/2 (MHz) 

   D =   2124.570
   E =    308.692
------------------------------

Isotopic data (KEY : isodata)
------------------------------

 Atom : { Isotopes : ( S, gyro, eQ, conc) }

example) 
 isodata['B']['10B'].s          : spin          (no unit)
 isodata['B']['11B'].gyro       : gyro          (rad/ms/G)
 isodata['N']['14N'].q          : eQ            (barn = 10^-28 m^2)
 isodata['N']['15N'].conc       : concentration (%/100)

 B : {'10B': (3.0, 2.8747, 0.08459, 0.1990), '11B': (1.5, 8.5847, 0.04059, 0.8010)} 
 N : {'14N': (1.0, 1.9338, 0.02044, 0.9963), '15N': (0.5, -2.7126, 0.00000, 0.0037)} 


=========================================
 READ POSCAR (KEY : poscar or poscarmod) 
=========================================


 POSCAR from ./hBN_VB_t105_CONTCAR (KEY : poscar)
------------------------------
 *atom_data : ['B', 'N']
 *atom_data_num : [53, 54]
 *unit_cell_information :  

    idx    frac_x    frac_y    frac_z

    (1)     0.055     0.165     0.500
    (2)     0.055     0.499     0.500
    (3)     0.055     0.832     0.500
      :
  (106)     0.436     0.442     0.500
  (107)     0.500     0.618     0.500


=========================================
          MAKE A,Q FILE          		   
=========================================


 Relative positions from central defect (KEY : relativepos)
------------------------------

 *MinDif[A] : [-11.8790118, -6.459922789587442, 0.0]
 *MaxDif[A] : [10.565863959735605, 6.442471731967867, 0.0]
 *farthest_atoms_idx : [28, 79]
 *farthest_atom_info : [['B', -11.8790118, 6.432362429829391, 0.0], ['N', -11.8790118, -5.034077025943253, 0.0]]
 *r_1i (cart) :  

    idx      atom     r_1ix     r_1iy     r_1iz

    (1)         B   -10.563    -4.332     0.000
    (2)         B   -10.565    -0.024     0.000
    (3)         B   -10.562     4.281     0.000
      :
  (106)         N    -1.524    -0.759     0.000
  (107)         N     0.000     1.518     0.000

--- Save files --- 
Afile : hBN_VB_t105_ATensor
Qfile : hBN_VB_t105_QTensor


=========================================
                 DONE          		   
=========================================
