

=========================================

		do_mkAQDdata : 

=========================================


./hBN_VB_t107_OUTCAR
./hBN_VB_t107_CONTCAR
VB
hBN_VB_t107_ATensor
hBN_VB_t107_QTensor
None
Read INCAR part in OUTCAR ...
Read A tensor : .TRUE.
Read Q tensor : .TRUE.
Read D tensor : .TRUE.
NGYROMAG : NONE 
QUAD_EFG : NONE 
Read POSCAR(simple) part in OUTCAR ...
 atoms # = 107
 atomic species = ['B', 'N']
Read Quadrupole tensor part in OUTCAR ...
Read Hyperfine tensor part in OUTCAR ...
Read ZFS tensor part in OUTCAR ...
['B', 'N']
atm: B
isotopeData {'10B': (3.0, 2.8747, 0.08459, 0.1990), '11B': (1.5, 8.5847, 0.04059, 0.8010)}
iso B {'10B': (3.0, 2.8747, 0.08459, 0.1990), '11B': (1.5, 8.5847, 0.04059, 0.8010)}
atm: N
isotopeData {'14N': (1.0, 1.9338, 0.02044, 0.9963), '15N': (0.5, -2.7126, 0.00000, 0.0037)}
iso N {'14N': (1.0, 1.9338, 0.02044, 0.9963), '15N': (0.5, -2.7126, 0.00000, 0.0037)}
	Read POSCAR file - ./hBN_VB_t107_CONTCAR
	 --------------------------------------------------



=========================================
 READ OUTCAR (KEY : outcar_spHam) 
=========================================


----------------------------------------
extSpinHamilTensors : 
----------------------------------------

Atomic data from OUTCAR (KEY : atomicdata)
------------------------------
 *atom_data : ['B', 'N']
 *total_atom_num : 107
 *unit_cell_information :  

    idx    frac_x    frac_y    frac_z

    (1)     0.055     0.165     0.500
    (2)     0.055     0.499     0.500
    (3)     0.055     0.832     0.500
      :
  (106)     0.434     0.442     0.500
  (107)     0.500     0.619     0.500

Quadrupole tensor (KEY : Qdata)
------------------------------

*EFG : EFG tensor (V/A^2) 

    idx       Vxx       Vxy       Vxz       Vyx       Vyy       Vyz       Vzx       Vzy       Vzz

    (1)   -14.273     0.312     0.000     0.312   -18.093     0.000     0.000     0.000    32.366
    (2)   -14.412     0.334     0.000     0.334   -18.066     0.000     0.000     0.000    32.478
    (3)   -14.377     0.412    -0.000     0.412   -18.018     0.000    -0.000     0.000    32.395
      :
  (106)    20.438    25.885     0.000    25.885    -5.599     0.000     0.000     0.000   -14.839
  (107)     0.132     0.000    -0.000     0.000    22.770     0.000    -0.000     0.000   -22.902

*EFG_diag : Diagonalized EFG tensor (V/A^2) 

    idx    Vxx(D)    Vyy(D)    Vzz(D)

    (1)   -18.119   -14.247    32.366
    (2)   -18.096   -14.381    32.478
    (3)   -18.064   -14.331    32.395
      :
  (106)   -21.555   -14.839    36.394
  (107)    22.770     0.132   -22.902

NMR quadrupolar parameters

*Cq  : quadrupolar parameter	Cq=e*Q*V_zz/h (MHz) 
*eta : asymmetry parameters	 (V_yy - V_xx)/ V_zz 
*Q   : nuclear electric quadrupole moment in mb (millibarn = 10^-31 m^2) 

    idx        Cq       eta         q

    (1)     0.078     0.120     1.000
    (2)     0.079     0.114     1.000
    (3)     0.078     0.115     1.000
      :
  (106)     0.088     0.185     1.000
  (107)    -0.055     0.988     1.000
------------------------------

Hyperfine tensor (KEY : Adata)
------------------------------

Hyperfine tensor 

*Aiso : Fermi contact term (MHz) 
*Adip : Dipolar coupling term (MHz) 

    idx      Aiso       Axx       Axy       Axz       Ayx       Ayy       Ayz       Azx       Azy       Azz

    (1)    -0.000     0.004     0.000     0.000     0.000    -0.001    -0.000     0.000    -0.000    -0.003
    (2)     0.001     0.005    -0.000     0.000    -0.000    -0.002     0.000     0.000     0.000    -0.003
    (3)    -0.000     0.004    -0.000     0.000    -0.000    -0.001     0.000     0.000     0.000    -0.003
      :
  (106)    15.887     4.265     6.706     0.000     6.706     0.106     0.000     0.000     0.000    -4.371
  (107)    16.806    -4.669     0.000    -0.000     0.000     9.030     0.000    -0.000     0.000    -4.361

*Adiag : Diagonalized total Hyperfine tensor (MHz) 

    idx    Axx(D)    Ayy(D)    Azz(D)

    (1)    -0.003    -0.002     0.004
    (2)    -0.002    -0.001     0.006
    (3)    -0.003    -0.001     0.004
      :
  (106)    11.516    11.051    25.093
  (107)    12.445    12.136    25.836
------------------------------

Zero Field splitting tensor (KEY : Ddata)
------------------------------

*ZFS : ZFS tensor (MHz) 

  -260.637     0.000     0.000
     0.000 -1040.315     0.000
     0.000     0.000  1300.952

Diagonalized ZFS tensor 
*D_diag : Diagonalized ZFS tensor (MHz) 
*D_eigvec : Eigenvectors for diagonalized ZFS tensor 

    idx    Dii(D)  eigvec_x  eigvec_y  eigvec_z

    (1)  -260.637     1.000     0.000     0.000
    (2) -1040.315     0.000     1.000     0.000
    (3)  1300.952     0.000     0.000     1.000

ZFS parameters (MHz) 
*D : axial component D = 3/2*D_zz (MHz) 
*E : transverse component E = (D_xx-D_yy)/2 (MHz) 

   D =   1951.428
   E =    389.839
------------------------------

Isotopic data (KEY : isodata)
------------------------------

 Atom : { Isotopes : ( S, gyro, eQ, conc) }

example) 
 isodata['B']['10B'].s          : spin          (no unit)
 isodata['B']['11B'].gyro       : gyro          (rad/ms/G)
 isodata['N']['14N'].q          : eQ            (barn = 10^-28 m^2)
 isodata['N']['15N'].conc       : concentration (%/100)

 B : {'10B': (3.0, 2.8747, 0.08459, 0.1990), '11B': (1.5, 8.5847, 0.04059, 0.8010)} 
 N : {'14N': (1.0, 1.9338, 0.02044, 0.9963), '15N': (0.5, -2.7126, 0.00000, 0.0037)} 


=========================================
 READ POSCAR (KEY : poscar or poscarmod) 
=========================================


 POSCAR from ./hBN_VB_t107_CONTCAR (KEY : poscar)
------------------------------
 *atom_data : ['B', 'N']
 *atom_data_num : [53, 54]
 *unit_cell_information :  

    idx    frac_x    frac_y    frac_z

    (1)     0.055     0.165     0.500
    (2)     0.055     0.499     0.500
    (3)     0.055     0.832     0.500
      :
  (106)     0.434     0.442     0.500
  (107)     0.500     0.619     0.500


=========================================
          MAKE A,Q FILE          		   
=========================================


 Relative positions from central defect (KEY : relativepos)
------------------------------

 *MinDif[A] : [-12.10527855, -6.436160059295421, 0.0]
 *MaxDif[A] : [10.76859079658515, 6.414873258107596, 0.0]
 *farthest_atoms_idx : [28, 79]
 *farthest_atom_info : [['B', -12.10527855, 6.4058781123769695, 0.0], ['N', -12.10527855, -5.0136860402426695, 0.0]]
 *r_1i (cart) :  

    idx      atom     r_1ix     r_1iy     r_1iz

    (1)         B   -10.765    -4.318     0.000
    (2)         B   -10.769    -0.026     0.000
    (3)         B   -10.763     4.263     0.000
      :
  (106)         N    -1.600    -0.759     0.000
  (107)         N     0.000     1.518     0.000

--- Save files --- 
Afile : hBN_VB_t107_ATensor
Qfile : hBN_VB_t107_QTensor


=========================================
                 DONE          		   
=========================================
