

=========================================

		do_mkAQDdata : 

=========================================


./hBN_VB_t114_OUTCAR
./hBN_VB_t114_CONTCAR
VB
hBN_VB_t114_ATensor
hBN_VB_t114_QTensor
None
Read INCAR part in OUTCAR ...
Read A tensor : .TRUE.
Read Q tensor : .TRUE.
Read D tensor : .TRUE.
NGYROMAG : NONE 
QUAD_EFG : NONE 
Read POSCAR(simple) part in OUTCAR ...
 atoms # = 107
 atomic species = ['B', 'N']
Read Quadrupole tensor part in OUTCAR ...
Read Hyperfine tensor part in OUTCAR ...
Read ZFS tensor part in OUTCAR ...
['B', 'N']
atm: B
isotopeData {'10B': (3.0, 2.8747, 0.08459, 0.1990), '11B': (1.5, 8.5847, 0.04059, 0.8010)}
iso B {'10B': (3.0, 2.8747, 0.08459, 0.1990), '11B': (1.5, 8.5847, 0.04059, 0.8010)}
atm: N
isotopeData {'14N': (1.0, 1.9338, 0.02044, 0.9963), '15N': (0.5, -2.7126, 0.00000, 0.0037)}
iso N {'14N': (1.0, 1.9338, 0.02044, 0.9963), '15N': (0.5, -2.7126, 0.00000, 0.0037)}
	Read POSCAR file - ./hBN_VB_t114_CONTCAR
	 --------------------------------------------------



=========================================
 READ OUTCAR (KEY : outcar_spHam) 
=========================================


----------------------------------------
extSpinHamilTensors : 
----------------------------------------

Atomic data from OUTCAR (KEY : atomicdata)
------------------------------
 *atom_data : ['B', 'N']
 *total_atom_num : 107
 *unit_cell_information :  

    idx    frac_x    frac_y    frac_z

    (1)     0.055     0.164     0.500
    (2)     0.055     0.498     0.500
    (3)     0.055     0.831     0.500
      :
  (106)     0.427     0.442     0.500
  (107)     0.500     0.622     0.500

Quadrupole tensor (KEY : Qdata)
------------------------------

*EFG : EFG tensor (V/A^2) 

    idx       Vxx       Vxy       Vxz       Vyx       Vyy       Vyz       Vzx       Vzy       Vzz

    (1)   -10.393     0.361     0.000     0.361   -19.783     0.000     0.000     0.000    30.176
    (2)   -10.472     0.463    -0.000     0.463   -19.828    -0.000    -0.000    -0.000    30.300
    (3)   -10.490     0.494    -0.000     0.494   -19.736    -0.000    -0.000    -0.000    30.226
      :
  (106)    18.560    24.112    -0.000    24.112    -4.746     0.000    -0.000     0.000   -13.814
  (107)    17.116    -0.000     0.000    -0.000    16.470     0.000     0.000     0.000   -33.587

*EFG_diag : Diagonalized EFG tensor (V/A^2) 

    idx    Vxx(D)    Vyy(D)    Vzz(D)

    (1)   -19.797   -10.379    30.176
    (2)   -19.851   -10.449    30.300
    (3)   -19.762   -10.464    30.226
      :
  (106)   -19.873   -13.814    33.687
  (107)    17.116    16.470   -33.587

NMR quadrupolar parameters

*Cq  : quadrupolar parameter	Cq=e*Q*V_zz/h (MHz) 
*eta : asymmetry parameters	 (V_yy - V_xx)/ V_zz 
*Q   : nuclear electric quadrupole moment in mb (millibarn = 10^-31 m^2) 

    idx        Cq       eta         q

    (1)     0.073     0.312     1.000
    (2)     0.073     0.310     1.000
    (3)     0.073     0.308     1.000
      :
  (106)     0.081     0.180     1.000
  (107)    -0.081     0.019     1.000
------------------------------

Hyperfine tensor (KEY : Adata)
------------------------------

Hyperfine tensor 

*Aiso : Fermi contact term (MHz) 
*Adip : Dipolar coupling term (MHz) 

    idx      Aiso       Axx       Axy       Axz       Ayx       Ayy       Ayz       Azx       Azy       Azz

    (1)    -0.000     0.004     0.000    -0.000     0.000    -0.001     0.000    -0.000     0.000    -0.002
    (2)     0.001     0.004    -0.000     0.000    -0.000    -0.002     0.000     0.000     0.000    -0.003
    (3)    -0.000     0.004    -0.000     0.000    -0.000    -0.001     0.000     0.000     0.000    -0.002
      :
  (106)    12.746     2.917     6.892     0.000     6.892     1.384     0.000     0.000     0.000    -4.301
  (107)    14.027    -4.507    -0.000    -0.000    -0.000     8.775     0.000    -0.000     0.000    -4.268

*Adiag : Diagonalized total Hyperfine tensor (MHz) 

    idx    Axx(D)    Ayy(D)    Azz(D)

    (1)    -0.002    -0.002     0.004
    (2)    -0.002    -0.001     0.005
    (3)    -0.002    -0.001     0.004
      :
  (106)     8.445     7.962    21.831
  (107)     9.760     9.520    22.802
------------------------------

Zero Field splitting tensor (KEY : Ddata)
------------------------------

*ZFS : ZFS tensor (MHz) 

    94.762     0.000     0.000
     0.000 -1052.357     0.000
     0.000     0.000   957.595

Diagonalized ZFS tensor 
*D_diag : Diagonalized ZFS tensor (MHz) 
*D_eigvec : Eigenvectors for diagonalized ZFS tensor 

    idx    Dii(D)  eigvec_x  eigvec_y  eigvec_z

    (1)    94.762     1.000     0.000     0.000
    (2)   957.595     0.000     0.000     1.000
    (3) -1052.357     0.000     1.000     0.000

ZFS parameters (MHz) 
*D : axial component D = 3/2*D_zz (MHz) 
*E : transverse component E = (D_xx-D_yy)/2 (MHz) 

   D =  -1578.535
   E =   -431.417
------------------------------

Isotopic data (KEY : isodata)
------------------------------

 Atom : { Isotopes : ( S, gyro, eQ, conc) }

example) 
 isodata['B']['10B'].s          : spin          (no unit)
 isodata['B']['11B'].gyro       : gyro          (rad/ms/G)
 isodata['N']['14N'].q          : eQ            (barn = 10^-28 m^2)
 isodata['N']['15N'].conc       : concentration (%/100)

 B : {'10B': (3.0, 2.8747, 0.08459, 0.1990), '11B': (1.5, 8.5847, 0.04059, 0.8010)} 
 N : {'14N': (1.0, 1.9338, 0.02044, 0.9963), '15N': (0.5, -2.7126, 0.00000, 0.0037)} 


=========================================
 READ POSCAR (KEY : poscar or poscarmod) 
=========================================


 POSCAR from ./hBN_VB_t114_CONTCAR (KEY : poscar)
------------------------------
 *atom_data : ['B', 'N']
 *atom_data_num : [53, 54]
 *unit_cell_information :  

    idx    frac_x    frac_y    frac_z

    (1)     0.055     0.164     0.500
    (2)     0.055     0.498     0.500
    (3)     0.055     0.831     0.500
      :
  (106)     0.427     0.442     0.500
  (107)     0.500     0.622     0.500


=========================================
          MAKE A,Q FILE          		   
=========================================


 Relative positions from central defect (KEY : relativepos)
------------------------------

 *MinDif[A] : [-12.89721285, -6.3586316282507305, 0.0]
 *MaxDif[A] : [11.484042299042725, 6.32434156220849, 0.0]
 *farthest_atoms_idx : [28, 79]
 *farthest_atom_info : [['B', -12.89721285, 6.309278078506843, 0.0], ['N', -12.89721285, -4.977460893138905, 0.0]]
 *r_1i (cart) :  

    idx      atom     r_1ix     r_1iy     r_1iz

    (1)         B   -11.478    -4.297     0.000
    (2)         B   -11.483    -0.051     0.000
    (3)         B   -11.477     4.191     0.000
      :
  (106)         N    -1.890    -0.765     0.000
  (107)         N     0.000     1.530     0.000

--- Save files --- 
Afile : hBN_VB_t114_ATensor
Qfile : hBN_VB_t114_QTensor


=========================================
                 DONE          		   
=========================================
