
    ============================================================

    <\Summary> make AQ tensor file for CCE calculation


    Latest update :  Wed Mar 22 12:07:36 2023

    Current time  :  Wed Mar 22 12:09:43 2023

    ____________________________________________________________



    Author        : Huijin Park

    note1         : For VASP, you will find error 
    		    if your INCAR file include NGYROMAG
    		    This case need to be considered

    note2         : POSCAR files should include defect information.
    		    Also, Atomic name need to be consistant

    update1       : (2023.02.15) Added key : [33m--addhfcore[0m 
    		    In the case of VASP, 
    		    We should add the core electronic contributions to fermi contact term 
    		    (A_tot = A_1c + A_tot)

    update2       : (2023.03.21) Added key : [33m--fidentify[0m 
    		    The first line of the A file include VASP/QUANTUMESSPRESSO.

    update3       : (2023.03.21) Added key : [33m--version[0m 
    		    You can choose version : v1 or v2 
    		    Previous version : Afile of VASP and QE was the same (The central spin factor was treated) 
    		    New version : Afile of VASP/QE would be the same to the OUTCAR/hyperfine.out result

    update4       : (2023.03.21) Added key : [33m--vertex[0m 
    		    On-going

    ____________________________________________________________


	Input argument : 

	 [1] tool    : VASP
	 [2] fposcar : ./hBN_VB_g97_CONTCAR
	 [3] dfname  : VB


	 opt. --A       : ./hBN_VB_g97_OUTCAR
	 opt. --Q       : ./hBN_VB_g97_OUTCAR
	 opt. --D       : []
	 opt. --dfpos   : []
	 opt. --ignoreatm : []
	 opt. --fidentify : False
	 opt. --addhfcore : True
	 opt. --version : v1
	 opt. --rangeformat : coord


	=========================================

			do_mkAQDdata : 

	=========================================


	Read INCAR part in OUTCAR ...
	Read A tensor : .TRUE.
	Read Q tensor : .TRUE.
	Read D tensor : .TRUE.
	NGYROMAG : NONE 
	QUAD_EFG : NONE 
	Read POSCAR(simple) part in OUTCAR ...
	 atoms # = 107
	 atomic species = ['B', 'N']
	Read Quadrupole tensor part in OUTCAR ...
	Read Hyperfine tensor part in OUTCAR ...
	Read ZFS tensor part in OUTCAR ...
	 ['B', 'N']
	atm: B
	isotopeData {'10B': (3.0, 2.8747, 0.08459, 0.1990), '11B': (1.5, 8.5847, 0.04059, 0.8010)}
	iso B {'10B': (3.0, 2.8747, 0.08459, 0.1990), '11B': (1.5, 8.5847, 0.04059, 0.8010)}
	atm: N
	isotopeData {'14N': (1.0, 1.9338, 0.02044, 0.9963), '15N': (0.5, -2.7126, 0.00000, 0.0037)}
	iso N {'14N': (1.0, 1.9338, 0.02044, 0.9963), '15N': (0.5, -2.7126, 0.00000, 0.0037)}
[['10B', 0.6002149999999999], ['11B', 1.7924326000000004], ['14N', 0.403761], ['15N', -0.56637768]]



	=========================================
	 READ OUTCAR (KEY : outcar_spHam) 
	=========================================


	----------------------------------------
	extSpinHamilTensors : 
	----------------------------------------

	Atomic data from OUTCAR (KEY : atomicdata)
	------------------------------
	 *atom_data : ['B', 'N']
	 *total_atom_num : 107
	 *unit_cell_information :  

	    idx    frac_x    frac_y    frac_z

	    (1)     0.057     0.167     0.500
	    (2)     0.057     0.500     0.500
	    (3)     0.057     0.833     0.500
	      :
	  (106)     0.444     0.442     0.592
	  (107)     0.500     0.619     0.620

	Quadrupole tensor (KEY : Qdata)
	------------------------------

	*EFG : EFG tensor (V/A^2) 

	    idx       Vxx       Vxy       Vxz       Vyx       Vyy       Vyz       Vzx       Vzy       Vzz

	    (1)   -19.170     0.256     0.023     0.256   -18.869    -0.002     0.023    -0.002    38.039
	    (2)   -19.260     0.347     0.023     0.347   -18.760    -0.002     0.023    -0.002    38.020
	    (3)   -19.297     0.259     0.024     0.259   -18.739    -0.002     0.024    -0.002    38.036
	      :
	  (106)    23.809    23.835     1.230    23.835   -10.393     0.027     1.230     0.027   -13.417
	  (107)   -28.447    -0.000     0.000    -0.000    52.944    24.541     0.000    24.541   -24.497

	*EFG_diag : Diagonalized EFG tensor (V/A^2) 

	    idx    Vxx(D)    Vyy(D)    Vzz(D)

	    (1)   -19.316   -18.722    38.039
	    (2)   -19.438   -18.582    38.020
	    (3)   -19.398   -18.638    38.036
	      :
	  (106)   -22.658   -13.410    36.068
	  (107)   -31.619   -28.447    60.066

	NMR quadrupolar parameters

	*Cq  : quadrupolar parameter    Cq=e*Q*V_zz/h (MHz) 
	*eta : asymmetry parameters     (V_yy - V_xx)/ V_zz 
	*Q   : nuclear electric quadrupole moment in mb (millibarn = 10^-31 m^2) 

	    idx        Cq       eta         q

	    (1)     0.092     0.016     1.000
	    (2)     0.092     0.023     1.000
	    (3)     0.092     0.020     1.000
	      :
	  (106)     0.087     0.256     1.000
	  (107)     0.145     0.053     1.000
	------------------------------

	Hyperfine tensor (KEY : Adata)
	------------------------------

	Hyperfine tensor 

	*Aiso : Fermi contact term (MHz) 
	*Adip : Dipolar coupling term (MHz) 

	    idx      Aiso       Axx       Axy       Axz       Ayx       Ayy       Ayz       Azx       Azy       Azz

	    (1)     0.000     0.004     0.000     0.000     0.000    -0.001     0.000     0.000     0.000    -0.003
	    (2)     0.000     0.006    -0.000     0.001    -0.000    -0.003    -0.000     0.001    -0.000    -0.003
	    (3)     0.000     0.004    -0.000     0.000    -0.000    -0.001    -0.000     0.000    -0.000    -0.003
	      :
	  (106)    21.259     5.469     5.495     1.897     5.495    -1.694     1.189     1.897     1.189    -3.775
	  (107)    16.633    -5.868    -0.000    -0.000    -0.000    10.569     3.197    -0.000     3.197    -4.701

	*Adiag : Diagonalized total Hyperfine tensor (MHz) 

	    idx    Axx(D)    Ayy(D)    Azz(D)

	    (1)    -0.003    -0.001     0.004
	    (2)    -0.003    -0.002     0.007
	    (3)    -0.003    -0.001     0.004
	      :
	  (106)    21.360    20.787    34.338
	  (107)    16.721    16.195    33.275
	------------------------------

	Zero Field splitting tensor (KEY : Ddata)
	------------------------------

	*ZFS : ZFS tensor (MHz) 

	  1115.861     0.000     0.000
	     0.000 -3119.761 -2171.909
	     0.000 -2171.909  2002.271

	Diagonalized ZFS tensor 
	*D_diag : Diagonalized ZFS tensor (MHz) 
	*D_eigvec : Eigenvectors for diagonalized ZFS tensor 

	    idx    Dii(D)  eigvec_x  eigvec_y  eigvec_z

	    (1)  1115.861     1.000     0.000     0.000
	    (2)  2799.229     0.000     0.344    -0.939
	    (3) -3916.720     0.000    -0.939    -0.344

	ZFS parameters (MHz) 
	*D : axial component D = 3/2*D_zz (MHz) 
	*E : transverse component E = (D_xx-D_yy)/2 (MHz) 

	   D =  -5875.080
	   E =   -841.684
	------------------------------

	Isotopic data (KEY : isodata)
	------------------------------

	 Atom : { Isotopes : ( S, gyro, eQ, conc) }

	example) 
	 isodata['B']['10B'].s          : spin          (no unit)
	 isodata['B']['11B'].gyro       : gyro          (rad/ms/G)
	 isodata['N']['14N'].q          : eQ            (barn = 10^-28 m^2)
	 isodata['N']['15N'].conc       : concentration (%/100)

	 B : {'10B': (3.0, 2.8747, 0.08459, 0.1990), '11B': (1.5, 8.5847, 0.04059, 0.8010)} 
	 N : {'14N': (1.0, 1.9338, 0.02044, 0.9963), '15N': (0.5, -2.7126, 0.00000, 0.0037)} 


	=========================================
	 READ POSCAR (KEY : poscar or poscarmod) 
	=========================================


	 POSCAR from ./hBN_VB_g97_CONTCAR (KEY : poscar)
	------------------------------
	 *atom_data : ['B', 'N']
	 *atom_data_num : [53, 54]
	 *unit_cell_information :  

	    idx    frac_x    frac_y    frac_z

	    (1)     0.057     0.167     0.500
	    (2)     0.057     0.500     0.500
	    (3)     0.057     0.833     0.500
	      :
	  (106)     0.444     0.442     0.592
	  (107)     0.500     0.619     0.620


	=========================================
	          MAKE A,Q FILE                     
	=========================================


	 Relative positions from central defect (KEY : relativepos)
	------------------------------

	 *MinDif[A] : [-10.88213157345, -6.486160005321978, -1.5134453175000004]
	 *MaxDif[A] : [9.648615768485172, 6.45226243861473, 0.2816876714999985]
	 *farthest_atoms_idx : [26, 79]
	 *farthest_atom_info : [['B', -10.88213157345, 6.4511015387194295, -1.5134453175000004], ['N', -10.88213157345, -5.0543029123055625, -1.5134453175000004]]
	 *r_1i (cart) :  

	    idx      atom     r_1ix     r_1iy     r_1iz

	    (1)         B    -9.648    -4.332    -1.513
	    (2)         B    -9.645    -0.019    -1.513
	    (3)         B    -9.647     4.294    -1.513
	      :
	  (106)         N    -1.227    -0.763    -0.141
	  (107)         N     0.000     1.527     0.282

	--- Save files --- 
	Afile : Afile
	Qfile : Qfile


	=========================================
	                 DONE                     
	=========================================

    ____________________________________________________________

    memory_usage_percent  :     5.800 %

    Current memory KB     :    62.824 KB

    Wall clock time       : 0:00:00.225487(s)

    ============================================================
        JOB DONE    
    ============================================================
