
    ============================================================

    <\Summary> make AQ tensor file for CCE calculation


    Latest update :  Wed Mar 22 14:34:07 2023

    Current time  :  Thu Mar 30 09:03:45 2023

    ____________________________________________________________



    Author        : Huijin Park

    note1         : For VASP, you will find error 
    		    if your INCAR file include NGYROMAG
    		    This case need to be considered

    note2         : POSCAR files should include defect information.
    		    Also, Atomic name need to be consistant

    update1       : (2023.02.15) Added key : [33m--addhfcore[0m 
    		    In the case of VASP, 
    		    We should add the core electronic contributions to fermi contact term 
    		    (A_tot = A_1c + A_tot)

    update2       : (2023.03.21) Added key : [33m--fidentify[0m 
    		    The first line of the A file include VASP/QUANTUMESSPRESSO.

    update3       : (2023.03.21) Added key : [33m--version[0m 
    		    You can choose version : v1 or v2 
    		    Previous version : Afile of VASP and QE was the same (The central spin factor was treated) 
    		    New version : Afile of VASP/QE would be the same to the OUTCAR/hyperfine.out result

    update4       : (2023.03.21) Added key : [33m--vertex[0m 
    		    You can convert the format of cell' range from relative coordinate to vertex

    ____________________________________________________________


	Input argument : 

	 [1] tool    : VASP
	 [2] fposcar : ./hBN_VB_g97_CONTCAR
	 [3] dfname  : VB


	 opt. --A       : ./hBN_VB_g97_OUTCAR
	 opt. --Q       : ./hBN_VB_g97_OUTCAR
	 opt. --D       : []
	 opt. --dfpos   : []
	 opt. --ignoreatm : []
	 opt. --fidentify : False
	 opt. --addhfcore : True
	 opt. --version : v1
	 opt. --rangeformat : coord


	=========================================

			do_mkAQDdata : 

	=========================================


	Read INCAR part in OUTCAR ...
	Read A tensor : .TRUE.
	Read Q tensor : .TRUE.
	Read D tensor : .TRUE.
	NGYROMAG : NONE 
	QUAD_EFG : NONE 
	Read POSCAR(simple) part in OUTCAR ...
	 atoms # = 107
	 atomic species = ['B', 'N']
	Read Quadrupole tensor part in OUTCAR ...
	Read Hyperfine tensor part in OUTCAR ...
	Read ZFS tensor part in OUTCAR ...
	 ['B', 'N']
	atm: B
	isotopeData {'10B': (3.0, 2.8747, 0.08459, 0.1990), '11B': (1.5, 8.5847, 0.04059, 0.8010)}
	iso B {'10B': (3.0, 2.8747, 0.08459, 0.1990), '11B': (1.5, 8.5847, 0.04059, 0.8010)}
	atm: N
	isotopeData {'14N': (1.0, 1.9338, 0.02044, 0.9963), '15N': (0.5, -2.7126, 0.00000, 0.0037)}
	iso N {'14N': (1.0, 1.9338, 0.02044, 0.9963), '15N': (0.5, -2.7126, 0.00000, 0.0037)}
[['10B', 0.6002149999999999], ['11B', 1.7924326000000004], ['14N', 0.403761], ['15N', -0.56637768]]



	=========================================
	 READ OUTCAR (KEY : outcar_spHam) 
	=========================================


	----------------------------------------
	extSpinHamilTensors : 
	----------------------------------------

	Atomic data from OUTCAR (KEY : atomicdata)
	------------------------------
	 *atom_data : ['B', 'N']
	 *total_atom_num : 107
	 *unit_cell_information :  

	    idx    frac_x    frac_y    frac_z

	    (1)     0.057     0.166     0.500
	    (2)     0.057     0.500     0.500
	    (3)     0.057     0.833     0.500
	      :
	  (106)     0.442     0.442     0.594
	  (107)     0.500     0.619     0.618

	Quadrupole tensor (KEY : Qdata)
	------------------------------

	*EFG : EFG tensor (V/A^2) 

	    idx       Vxx       Vxy       Vxz       Vyx       Vyy       Vyz       Vzx       Vzy       Vzz

	    (1)   -17.566     0.283     0.023     0.283   -17.069    -0.001     0.023    -0.001    34.636
	    (2)   -17.633     0.348     0.023     0.348   -17.001    -0.001     0.023    -0.001    34.634
	    (3)   -17.631     0.265     0.024     0.265   -17.009    -0.002     0.024    -0.002    34.641
	      :
	  (106)    21.224    22.954     1.442    22.954    -8.893     0.421     1.442     0.421   -12.331
	  (107)   -24.116     0.000     0.000     0.000    39.791    19.598     0.000    19.598   -15.675

	*EFG_diag : Diagonalized EFG tensor (V/A^2) 

	    idx    Vxx(D)    Vyy(D)    Vzz(D)

	    (1)   -17.695   -16.941    34.636
	    (2)   -17.787   -16.847    34.634
	    (3)   -17.729   -16.911    34.641
	      :
	  (106)   -21.298   -12.367    33.665
	  (107)   -24.116   -21.901    46.017

	NMR quadrupolar parameters

	*Cq  : quadrupolar parameter    Cq=e*Q*V_zz/h (MHz) 
	*eta : asymmetry parameters     (V_yy - V_xx)/ V_zz 
	*Q   : nuclear electric quadrupole moment in mb (millibarn = 10^-31 m^2) 

	    idx        Cq       eta         q

	    (1)     0.084     0.022     1.000
	    (2)     0.084     0.027     1.000
	    (3)     0.084     0.024     1.000
	      :
	  (106)     0.081     0.265     1.000
	  (107)     0.111     0.048     1.000
	------------------------------

	Hyperfine tensor (KEY : Adata)
	------------------------------

	Hyperfine tensor 

	*Aiso : Fermi contact term (MHz) 
	*Adip : Dipolar coupling term (MHz) 

	    idx      Aiso       Axx       Axy       Axz       Ayx       Ayy       Ayz       Azx       Azy       Azz

	    (1)     0.000     0.004     0.000     0.000     0.000    -0.001     0.000     0.000     0.000    -0.003
	    (2)     0.001     0.006    -0.000     0.001    -0.000    -0.003    -0.000     0.001    -0.000    -0.003
	    (3)     0.000     0.004    -0.000     0.000    -0.000    -0.001    -0.000     0.000    -0.000    -0.003
	      :
	  (106)    16.508     5.258     5.450     2.013     5.450    -1.512     1.259     2.013     1.259    -3.747
	  (107)    13.517    -5.152    -0.000    -0.000    -0.000     9.489     2.543    -0.000     2.543    -4.337

	*Adiag : Diagonalized total Hyperfine tensor (MHz) 

	    idx    Axx(D)    Ayy(D)    Azz(D)

	    (1)    -0.003    -0.002     0.004
	    (2)    -0.002    -0.002     0.007
	    (3)    -0.003    -0.001     0.004
	      :
	  (106)    16.478    16.058    29.377
	  (107)    13.464    13.102    28.195
	------------------------------

	Zero Field splitting tensor (KEY : Ddata)
	------------------------------

	*ZFS : ZFS tensor (MHz) 

	  -670.823     0.000     0.000
	     0.000 -1180.228 -1075.223
	     0.000 -1075.223  1851.050

	Diagonalized ZFS tensor 
	*D_diag : Diagonalized ZFS tensor (MHz) 
	*D_eigvec : Eigenvectors for diagonalized ZFS tensor 

	    idx    Dii(D)  eigvec_x  eigvec_y  eigvec_z

	    (1)  -670.823     1.000     0.000     0.000
	    (2) -1522.885     0.000    -0.953    -0.304
	    (3)  2193.708     0.000    -0.304     0.953

	ZFS parameters (MHz) 
	*D : axial component D = 3/2*D_zz (MHz) 
	*E : transverse component E = (D_xx-D_yy)/2 (MHz) 

	   D =   3290.562
	   E =    426.031
	------------------------------

	Isotopic data (KEY : isodata)
	------------------------------

	 Atom : { Isotopes : ( S, gyro, eQ, conc) }

	example) 
	 isodata['B']['10B'].s          : spin          (no unit)
	 isodata['B']['11B'].gyro       : gyro          (rad/ms/G)
	 isodata['N']['14N'].q          : eQ            (barn = 10^-28 m^2)
	 isodata['N']['15N'].conc       : concentration (%/100)

	 B : {'10B': (3.0, 2.8747, 0.08459, 0.1990), '11B': (1.5, 8.5847, 0.04059, 0.8010)} 
	 N : {'14N': (1.0, 1.9338, 0.02044, 0.9963), '15N': (0.5, -2.7126, 0.00000, 0.0037)} 


	=========================================
	 READ POSCAR (KEY : poscar or poscarmod) 
	=========================================


	 POSCAR from ./hBN_VB_g97_CONTCAR (KEY : poscar)
	------------------------------
	 *atom_data : ['B', 'N']
	 *atom_data_num : [53, 54]
	 *unit_cell_information :  

	    idx    frac_x    frac_y    frac_z

	    (1)     0.057     0.166     0.500
	    (2)     0.057     0.500     0.500
	    (3)     0.057     0.833     0.500
	      :
	  (106)     0.442     0.442     0.594
	  (107)     0.500     0.619     0.618


	=========================================
	          MAKE A,Q FILE                     
	=========================================


	 Relative positions from central defect (KEY : relativepos)
	------------------------------

	 *MinDif[A] : [-10.9739436817, -6.543952198828372, -1.528966746]
	 *MaxDif[A] : [9.730844167792284, 6.515111484546791, 0.24497664599999958]
	 *farthest_atoms_idx : [26, 79]
	 *farthest_atom_info : [['B', -10.9739436817, 6.514516306419624, -1.528966746], ['N', -10.9739436817, -5.099797339286614, -1.528966746]]
	 *r_1i (cart) :  

	    idx      atom     r_1ix     r_1iy     r_1iz

	    (1)         B    -9.730    -4.371    -1.529
	    (2)         B    -9.728    -0.017    -1.529
	    (3)         B    -9.729     4.337    -1.529
	      :
	  (106)         N    -1.269    -0.773    -0.122
	  (107)         N     0.000     1.546     0.245

	--- Save files --- 
	Afile : Afile
	Qfile : Qfile


	=========================================
	                 DONE                     
	=========================================

    ____________________________________________________________

    memory_usage_percent  :     4.900 %

    Current memory KB     :    62.473 KB

    Wall clock time       : 0:00:00.234350(s)

    ============================================================
        JOB DONE    
    ============================================================
