

=========================================

		do_mkAQDdata : 

=========================================


./hBN_VB_t101_OUTCAR
./hBN_VB_t101_CONTCAR
VB
hBN_VB_t101_ATensor
hBN_VB_t101_QTensor
None
Read INCAR part in OUTCAR ...
Read A tensor : .TRUE.
Read Q tensor : .TRUE.
Read D tensor : .TRUE.
NGYROMAG : NONE 
QUAD_EFG : NONE 
Read POSCAR(simple) part in OUTCAR ...
 atoms # = 107
 atomic species = ['B', 'N']
Read Quadrupole tensor part in OUTCAR ...
Read Hyperfine tensor part in OUTCAR ...
Read ZFS tensor part in OUTCAR ...
['B', 'N']
atm: B
isotopeData {'10B': (3.0, 2.8747, 0.08459, 0.1990), '11B': (1.5, 8.5847, 0.04059, 0.8010)}
iso B {'10B': (3.0, 2.8747, 0.08459, 0.1990), '11B': (1.5, 8.5847, 0.04059, 0.8010)}
atm: N
isotopeData {'14N': (1.0, 1.9338, 0.02044, 0.9963), '15N': (0.5, -2.7126, 0.00000, 0.0037)}
iso N {'14N': (1.0, 1.9338, 0.02044, 0.9963), '15N': (0.5, -2.7126, 0.00000, 0.0037)}
	Read POSCAR file - ./hBN_VB_t101_CONTCAR
	 --------------------------------------------------



=========================================
 READ OUTCAR (KEY : outcar_spHam) 
=========================================


----------------------------------------
extSpinHamilTensors : 
----------------------------------------

Atomic data from OUTCAR (KEY : atomicdata)
------------------------------
 *atom_data : ['B', 'N']
 *total_atom_num : 107
 *unit_cell_information :  

    idx    frac_x    frac_y    frac_z

    (1)     0.056     0.166     0.500
    (2)     0.056     0.500     0.500
    (3)     0.056     0.833     0.500
      :
  (106)     0.440     0.442     0.500
  (107)     0.500     0.617     0.500

Quadrupole tensor (KEY : Qdata)
------------------------------

*EFG : EFG tensor (V/A^2) 

    idx       Vxx       Vxy       Vxz       Vyx       Vyy       Vyz       Vzx       Vzy       Vzz

    (1)   -16.909     0.284    -0.000     0.284   -17.157    -0.000    -0.000    -0.000    34.067
    (2)   -16.977     0.347    -0.000     0.347   -17.126     0.000    -0.000     0.000    34.103
    (3)   -17.013     0.297    -0.000     0.297   -17.068     0.000    -0.000     0.000    34.081
      :
  (106)    21.893    25.748    -0.000    25.748    -7.048    -0.000    -0.000    -0.000   -14.845
  (107)   -18.094     0.000    -0.000     0.000    33.434     0.000    -0.000     0.000   -15.340

*EFG_diag : Diagonalized EFG tensor (V/A^2) 

    idx    Vxx(D)    Vyy(D)    Vzz(D)

    (1)   -17.343   -16.724    34.067
    (2)   -17.406   -16.697    34.103
    (3)   -17.338   -16.743    34.081
      :
  (106)   -22.113   -14.845    36.958
  (107)   -18.094   -15.340    33.434

NMR quadrupolar parameters

*Cq  : quadrupolar parameter	Cq=e*Q*V_zz/h (MHz) 
*eta : asymmetry parameters	 (V_yy - V_xx)/ V_zz 
*Q   : nuclear electric quadrupole moment in mb (millibarn = 10^-31 m^2) 

    idx        Cq       eta         q

    (1)     0.082     0.018     1.000
    (2)     0.082     0.021     1.000
    (3)     0.082     0.017     1.000
      :
  (106)     0.089     0.197     1.000
  (107)     0.081     0.082     1.000
------------------------------

Hyperfine tensor (KEY : Adata)
------------------------------

Hyperfine tensor 

*Aiso : Fermi contact term (MHz) 
*Adip : Dipolar coupling term (MHz) 

    idx      Aiso       Axx       Axy       Axz       Ayx       Ayy       Ayz       Azx       Azy       Azz

    (1)    -0.000     0.004     0.000     0.000     0.000    -0.001     0.000     0.000     0.000    -0.003
    (2)     0.001     0.006    -0.000     0.000    -0.000    -0.003     0.000     0.000     0.000    -0.003
    (3)     0.000     0.004    -0.000     0.000    -0.000    -0.001     0.000     0.000     0.000    -0.003
      :
  (106)    19.482     5.464     6.192     0.000     6.192    -1.070     0.000     0.000     0.000    -4.394
  (107)    19.646    -4.763    -0.000    -0.000    -0.000     9.145     0.000    -0.000     0.000    -4.382

*Adiag : Diagonalized total Hyperfine tensor (MHz) 

    idx    Axx(D)    Ayy(D)    Azz(D)

    (1)    -0.003    -0.002     0.004
    (2)    -0.002    -0.002     0.007
    (3)    -0.003    -0.001     0.004
      :
  (106)    15.087    14.678    28.680
  (107)    15.264    14.883    28.790
------------------------------

Zero Field splitting tensor (KEY : Ddata)
------------------------------

*ZFS : ZFS tensor (MHz) 

  -757.966     0.000     0.000
     0.000  -978.370     0.000
     0.000     0.000  1736.336

Diagonalized ZFS tensor 
*D_diag : Diagonalized ZFS tensor (MHz) 
*D_eigvec : Eigenvectors for diagonalized ZFS tensor 

    idx    Dii(D)  eigvec_x  eigvec_y  eigvec_z

    (1)  -757.966     1.000     0.000     0.000
    (2)  -978.370     0.000     1.000     0.000
    (3)  1736.336     0.000     0.000     1.000

ZFS parameters (MHz) 
*D : axial component D = 3/2*D_zz (MHz) 
*E : transverse component E = (D_xx-D_yy)/2 (MHz) 

   D =   2604.504
   E =    110.202
------------------------------

Isotopic data (KEY : isodata)
------------------------------

 Atom : { Isotopes : ( S, gyro, eQ, conc) }

example) 
 isodata['B']['10B'].s          : spin          (no unit)
 isodata['B']['11B'].gyro       : gyro          (rad/ms/G)
 isodata['N']['14N'].q          : eQ            (barn = 10^-28 m^2)
 isodata['N']['15N'].conc       : concentration (%/100)

 B : {'10B': (3.0, 2.8747, 0.08459, 0.1990), '11B': (1.5, 8.5847, 0.04059, 0.8010)} 
 N : {'14N': (1.0, 1.9338, 0.02044, 0.9963), '15N': (0.5, -2.7126, 0.00000, 0.0037)} 


=========================================
 READ POSCAR (KEY : poscar or poscarmod) 
=========================================


 POSCAR from ./hBN_VB_t101_CONTCAR (KEY : poscar)
------------------------------
 *atom_data : ['B', 'N']
 *atom_data_num : [53, 54]
 *unit_cell_information :  

    idx    frac_x    frac_y    frac_z

    (1)     0.056     0.166     0.500
    (2)     0.056     0.500     0.500
    (3)     0.056     0.833     0.500
      :
  (106)     0.440     0.442     0.500
  (107)     0.500     0.617     0.500


=========================================
          MAKE A,Q FILE          		   
=========================================


 Relative positions from central defect (KEY : relativepos)
------------------------------

 *MinDif[A] : [-11.4264783, -6.516002072098526, 0.0]
 *MaxDif[A] : [10.15914783536602, 6.5023673748551305, 0.0]
 *farthest_atoms_idx : [28, 79]
 *farthest_atom_info : [['B', -11.4264783, 6.499931595975791, 0.0], ['N', -11.4264783, -5.070744159265028, 0.0]]
 *r_1i (cart) :  

    idx      atom     r_1ix     r_1iy     r_1iz

    (1)         B   -10.157    -4.351     0.000
    (2)         B   -10.158    -0.010     0.000
    (3)         B   -10.157     4.330     0.000
      :
  (106)         N    -1.365    -0.762     0.000
  (107)         N     0.000     1.523     0.000

--- Save files --- 
Afile : hBN_VB_t101_ATensor
Qfile : hBN_VB_t101_QTensor


=========================================
                 DONE          		   
=========================================
