

=========================================

		do_mkAQDdata : 

=========================================


./hBN_VB_g93_OUTCAR
./hBN_VB_g93_CONTCAR
VB
hBN_VB_g93_ATensor
hBN_VB_g93_QTensor
None
Read INCAR part in OUTCAR ...
Read A tensor : .TRUE.
Read Q tensor : .TRUE.
Read D tensor : .TRUE.
NGYROMAG : NONE 
QUAD_EFG : NONE 
Read POSCAR(simple) part in OUTCAR ...
 atoms # = 107
 atomic species = ['B', 'N']
Read Quadrupole tensor part in OUTCAR ...
Read Hyperfine tensor part in OUTCAR ...
Read ZFS tensor part in OUTCAR ...
['B', 'N']
atm: B
isotopeData {'10B': (3.0, 2.8747, 0.08459, 0.1990), '11B': (1.5, 8.5847, 0.04059, 0.8010)}
iso B {'10B': (3.0, 2.8747, 0.08459, 0.1990), '11B': (1.5, 8.5847, 0.04059, 0.8010)}
atm: N
isotopeData {'14N': (1.0, 1.9338, 0.02044, 0.9963), '15N': (0.5, -2.7126, 0.00000, 0.0037)}
iso N {'14N': (1.0, 1.9338, 0.02044, 0.9963), '15N': (0.5, -2.7126, 0.00000, 0.0037)}
	Read POSCAR file - ./hBN_VB_g93_CONTCAR
	 --------------------------------------------------



=========================================
 READ OUTCAR (KEY : outcar_spHam) 
=========================================


----------------------------------------
extSpinHamilTensors : 
----------------------------------------

Atomic data from OUTCAR (KEY : atomicdata)
------------------------------
 *atom_data : ['B', 'N']
 *total_atom_num : 107
 *unit_cell_information :  

    idx    frac_x    frac_y    frac_z

    (1)     0.059     0.167     0.500
    (2)     0.059     0.500     0.500
    (3)     0.059     0.833     0.500
      :
  (106)     0.440     0.442     0.662
  (107)     0.500     0.621     0.694

Quadrupole tensor (KEY : Qdata)
------------------------------

*EFG : EFG tensor (V/A^2) 

    idx       Vxx       Vxy       Vxz       Vyx       Vyy       Vyz       Vzx       Vzy       Vzz

    (1)   -17.503     0.279     0.042     0.279   -17.109    -0.003     0.042    -0.003    34.612
    (2)   -17.561     0.276     0.041     0.276   -17.039    -0.003     0.041    -0.003    34.600
    (3)   -17.589     0.285     0.042     0.285   -17.024    -0.002     0.042    -0.002    34.613
      :
  (106)    25.710    21.989     0.641    21.989   -10.741    -1.930     0.641    -1.930   -14.968
  (107)   -23.612     0.000     0.000     0.000    40.809    24.355     0.000    24.355   -17.197

*EFG_diag : Diagonalized EFG tensor (V/A^2) 

    idx    Vxx(D)    Vyy(D)    Vzz(D)

    (1)   -17.648   -16.965    34.612
    (2)   -17.680   -16.920    34.600
    (3)   -17.707   -16.905    34.613
      :
  (106)   -21.683   -14.362    36.045
  (107)   -26.067   -23.612    49.679

NMR quadrupolar parameters

*Cq  : quadrupolar parameter	Cq=e*Q*V_zz/h (MHz) 
*eta : asymmetry parameters	 (V_yy - V_xx)/ V_zz 
*Q   : nuclear electric quadrupole moment in mb (millibarn = 10^-31 m^2) 

    idx        Cq       eta         q

    (1)     0.084     0.020     1.000
    (2)     0.084     0.022     1.000
    (3)     0.084     0.023     1.000
      :
  (106)     0.087     0.203     1.000
  (107)     0.120     0.049     1.000
------------------------------

Hyperfine tensor (KEY : Adata)
------------------------------

Hyperfine tensor 

*Aiso : Fermi contact term (MHz) 
*Adip : Dipolar coupling term (MHz) 

    idx      Aiso       Axx       Axy       Axz       Ayx       Ayy       Ayz       Azx       Azy       Azz

    (1)    -0.000     0.004     0.001     0.001     0.001    -0.001     0.000     0.001     0.000    -0.003
    (2)     0.001     0.006    -0.000     0.001    -0.000    -0.003    -0.000     0.001    -0.000    -0.003
    (3)    -0.000     0.004    -0.000     0.001    -0.000    -0.001    -0.000     0.001    -0.000    -0.003
      :
  (106)    19.566     4.605     4.913     2.880     4.913    -1.581     1.782     2.880     1.782    -3.023
  (107)    16.104    -5.473    -0.000    -0.000    -0.000     9.632     3.847    -0.000     3.847    -4.159

*Adiag : Diagonalized total Hyperfine tensor (MHz) 

    idx    Axx(D)    Ayy(D)    Azz(D)

    (1)    -0.003    -0.002     0.004
    (2)    -0.002    -0.002     0.007
    (3)    -0.003    -0.001     0.004
      :
  (106)    15.611    15.196    27.891
  (107)    10.944    10.631    26.736
------------------------------

Zero Field splitting tensor (KEY : Ddata)
------------------------------

*ZFS : ZFS tensor (MHz) 

  -365.766     0.000     0.000
     0.000 -1445.030 -1458.073
     0.000 -1458.073  1810.796

Diagonalized ZFS tensor 
*D_diag : Diagonalized ZFS tensor (MHz) 
*D_eigvec : Eigenvectors for diagonalized ZFS tensor 

    idx    Dii(D)  eigvec_x  eigvec_y  eigvec_z

    (1)  -365.766     1.000     0.000     0.000
    (2) -2002.541     0.000    -0.934    -0.357
    (3)  2368.306     0.000    -0.357     0.934

ZFS parameters (MHz) 
*D : axial component D = 3/2*D_zz (MHz) 
*E : transverse component E = (D_xx-D_yy)/2 (MHz) 

   D =   3552.459
   E =    818.387
------------------------------

Isotopic data (KEY : isodata)
------------------------------

 Atom : { Isotopes : ( S, gyro, eQ, conc) }

example) 
 isodata['B']['10B'].s          : spin          (no unit)
 isodata['B']['11B'].gyro       : gyro          (rad/ms/G)
 isodata['N']['14N'].q          : eQ            (barn = 10^-28 m^2)
 isodata['N']['15N'].conc       : concentration (%/100)

 B : {'10B': (3.0, 2.8747, 0.08459, 0.1990), '11B': (1.5, 8.5847, 0.04059, 0.8010)} 
 N : {'14N': (1.0, 1.9338, 0.02044, 0.9963), '15N': (0.5, -2.7126, 0.00000, 0.0037)} 


=========================================
 READ POSCAR (KEY : poscar or poscarmod) 
=========================================


 POSCAR from ./hBN_VB_g93_CONTCAR (KEY : poscar)
------------------------------
 *atom_data : ['B', 'N']
 *atom_data_num : [53, 54]
 *unit_cell_information :  

    idx    frac_x    frac_y    frac_z

    (1)     0.059     0.167     0.500
    (2)     0.059     0.500     0.500
    (3)     0.059     0.833     0.500
      :
  (106)     0.440     0.442     0.662
  (107)     0.500     0.621     0.694


=========================================
          MAKE A,Q FILE          		   
=========================================


 Relative positions from central defect (KEY : relativepos)
------------------------------

 *MinDif[A] : [-10.52140992165, -6.551107098112121, -2.588522057999999]
 *MaxDif[A] : [9.277878973999952, 6.508875686561063, 0.321210498000001]
 *farthest_atoms_idx : [26, 79]
 *farthest_atom_info : [['B', -10.52140992165, 6.507378048760629, -2.588522057999999], ['N', -10.52140992165, -5.106098951312297, -2.588522057999999]]
 *r_1i (cart) :  

    idx      atom     r_1ix     r_1iy     r_1iz

    (1)         B    -9.276    -4.377    -2.589
    (2)         B    -9.275    -0.023    -2.589
    (3)         B    -9.275     4.330    -2.589
      :
  (106)         N    -1.258    -0.781    -0.161
  (107)         N     0.000     1.563     0.321

--- Save files --- 
Afile : hBN_VB_g93_ATensor
Qfile : hBN_VB_g93_QTensor


=========================================
                 DONE          		   
=========================================
