
    ============================================================

    <\Summary> make AQ tensor file for CCE calculation


    Latest update :  Wed Mar 22 14:34:07 2023

    Current time  :  Fri Mar 24 13:10:04 2023

    ____________________________________________________________



    Author        : Huijin Park

    note1         : For VASP, you will find error 
    		    if your INCAR file include NGYROMAG
    		    This case need to be considered

    note2         : POSCAR files should include defect information.
    		    Also, Atomic name need to be consistant

    update1       : (2023.02.15) Added key : [33m--addhfcore[0m 
    		    In the case of VASP, 
    		    We should add the core electronic contributions to fermi contact term 
    		    (A_tot = A_1c + A_tot)

    update2       : (2023.03.21) Added key : [33m--fidentify[0m 
    		    The first line of the A file include VASP/QUANTUMESSPRESSO.

    update3       : (2023.03.21) Added key : [33m--version[0m 
    		    You can choose version : v1 or v2 
    		    Previous version : Afile of VASP and QE was the same (The central spin factor was treated) 
    		    New version : Afile of VASP/QE would be the same to the OUTCAR/hyperfine.out result

    update4       : (2023.03.21) Added key : [33m--vertex[0m 
    		    You can convert the format of cell' range from relative coordinate to vertex

    ____________________________________________________________


	Input argument : 

	 [1] tool    : VASP
	 [2] fposcar : ./hBN_VB_g93_CONTCAR_PBE
	 [3] dfname  : VB


	 opt. --A       : ./hBN_VB_g93_OUTCAR_HSE
	 opt. --Q       : ./hBN_VB_g93_OUTCAR_HSE
	 opt. --D       : []
	 opt. --dfpos   : []
	 opt. --ignoreatm : []
	 opt. --fidentify : False
	 opt. --addhfcore : True
	 opt. --version : v1
	 opt. --rangeformat : coord


	=========================================

			do_mkAQDdata : 

	=========================================


	Read INCAR part in OUTCAR ...
	Read A tensor : .TRUE.
	Read Q tensor : .TRUE.
	Read D tensor : .TRUE.
	NGYROMAG : NONE 
	QUAD_EFG : NONE 
	Read POSCAR(simple) part in OUTCAR ...
	 atoms # = 107
	 atomic species = ['B', 'N']
	Read Quadrupole tensor part in OUTCAR ...
	Read Hyperfine tensor part in OUTCAR ...
	Read ZFS tensor part in OUTCAR ...
	 ['B', 'N']
	atm: B
	isotopeData {'10B': (3.0, 2.8747, 0.08459, 0.1990), '11B': (1.5, 8.5847, 0.04059, 0.8010)}
	iso B {'10B': (3.0, 2.8747, 0.08459, 0.1990), '11B': (1.5, 8.5847, 0.04059, 0.8010)}
	atm: N
	isotopeData {'14N': (1.0, 1.9338, 0.02044, 0.9963), '15N': (0.5, -2.7126, 0.00000, 0.0037)}
	iso N {'14N': (1.0, 1.9338, 0.02044, 0.9963), '15N': (0.5, -2.7126, 0.00000, 0.0037)}
[['10B', 0.6002149999999999], ['11B', 1.7924326000000004], ['14N', 0.403761], ['15N', -0.56637768]]



	=========================================
	 READ OUTCAR (KEY : outcar_spHam) 
	=========================================


	----------------------------------------
	extSpinHamilTensors : 
	----------------------------------------

	Atomic data from OUTCAR (KEY : atomicdata)
	------------------------------
	 *atom_data : ['B', 'N']
	 *total_atom_num : 107
	 *unit_cell_information :  

	    idx    frac_x    frac_y    frac_z

	    (1)     0.059     0.167     0.500
	    (2)     0.059     0.500     0.500
	    (3)     0.059     0.833     0.500
	      :
	  (106)     0.443     0.442     0.658
	  (107)     0.500     0.622     0.694

	Quadrupole tensor (KEY : Qdata)
	------------------------------

	*EFG : EFG tensor (V/A^2) 

	    idx       Vxx       Vxy       Vxz       Vyx       Vyy       Vyz       Vzx       Vzy       Vzz

	    (1)   -19.153     0.291     0.041     0.291   -18.868    -0.004     0.041    -0.004    38.021
	    (2)   -19.261     0.354     0.039     0.354   -18.734    -0.004     0.039    -0.004    37.995
	    (3)   -19.238     0.261     0.041     0.261   -18.767    -0.004     0.041    -0.004    38.005
	      :
	  (106)    29.166    21.467    -1.913    21.467   -13.358    -4.094    -1.913    -4.094   -15.808
	  (107)   -28.925    -0.000     0.000    -0.000    55.383    30.996     0.000    30.996   -26.459

	*EFG_diag : Diagonalized EFG tensor (V/A^2) 

	    idx    Vxx(D)    Vyy(D)    Vzz(D)

	    (1)   -19.335   -18.686    38.021
	    (2)   -19.439   -18.556    37.995
	    (3)   -19.354   -18.651    38.005
	      :
	  (106)   -23.536   -14.789    38.325
	  (107)   -36.873   -28.925    65.797

	NMR quadrupolar parameters

	*Cq  : quadrupolar parameter    Cq=e*Q*V_zz/h (MHz) 
	*eta : asymmetry parameters     (V_yy - V_xx)/ V_zz 
	*Q   : nuclear electric quadrupole moment in mb (millibarn = 10^-31 m^2) 

	    idx        Cq       eta         q

	    (1)     0.092     0.017     1.000
	    (2)     0.092     0.023     1.000
	    (3)     0.092     0.018     1.000
	      :
	  (106)     0.093     0.228     1.000
	  (107)     0.159     0.121     1.000
	------------------------------

	Hyperfine tensor (KEY : Adata)
	------------------------------

	Hyperfine tensor 

	*Aiso : Fermi contact term (MHz) 
	*Adip : Dipolar coupling term (MHz) 

	    idx      Aiso       Axx       Axy       Axz       Ayx       Ayy       Ayz       Azx       Azy       Azz

	    (1)     0.000     0.004     0.000     0.001     0.000    -0.001     0.000     0.001     0.000    -0.003
	    (2)     0.000     0.006    -0.000     0.001    -0.000    -0.003    -0.000     0.001    -0.000    -0.003
	    (3)     0.000     0.004    -0.000     0.001    -0.000    -0.001    -0.000     0.001    -0.000    -0.003
	      :
	  (106)    20.425     5.003     4.835     2.596     4.835    -1.828     1.557     2.596     1.557    -3.175
	  (107)    13.171    -6.329    -0.000    -0.000    -0.000    10.917     4.683    -0.000     4.683    -4.588

	*Adiag : Diagonalized total Hyperfine tensor (MHz) 

	    idx    Axx(D)    Ayy(D)    Azz(D)

	    (1)    -0.003    -0.001     0.004
	    (2)    -0.003    -0.003     0.006
	    (3)    -0.003    -0.001     0.004
	      :
	  (106)    20.476    19.963    32.673
	  (107)    13.249    12.813    31.364
	------------------------------

	Zero Field splitting tensor (KEY : Ddata)
	------------------------------

	*ZFS : ZFS tensor (MHz) 

	  1264.394     0.000     0.000
	     0.000 -3486.383 -2866.409
	     0.000 -2866.409  2219.822

	Diagonalized ZFS tensor 
	*D_diag : Diagonalized ZFS tensor (MHz) 
	*D_eigvec : Eigenvectors for diagonalized ZFS tensor 

	    idx    Dii(D)  eigvec_x  eigvec_y  eigvec_z

	    (1)  1264.394     1.000     0.000     0.000
	    (2)  3411.036     0.000     0.384    -0.923
	    (3) -4677.597     0.000    -0.923    -0.384

	ZFS parameters (MHz) 
	*D : axial component D = 3/2*D_zz (MHz) 
	*E : transverse component E = (D_xx-D_yy)/2 (MHz) 

	   D =  -7016.395
	   E =  -1073.321
	------------------------------

	Isotopic data (KEY : isodata)
	------------------------------

	 Atom : { Isotopes : ( S, gyro, eQ, conc) }

	example) 
	 isodata['B']['10B'].s          : spin          (no unit)
	 isodata['B']['11B'].gyro       : gyro          (rad/ms/G)
	 isodata['N']['14N'].q          : eQ            (barn = 10^-28 m^2)
	 isodata['N']['15N'].conc       : concentration (%/100)

	 B : {'10B': (3.0, 2.8747, 0.08459, 0.1990), '11B': (1.5, 8.5847, 0.04059, 0.8010)} 
	 N : {'14N': (1.0, 1.9338, 0.02044, 0.9963), '15N': (0.5, -2.7126, 0.00000, 0.0037)} 


	=========================================
	 READ POSCAR (KEY : poscar or poscarmod) 
	=========================================


	 POSCAR from ./hBN_VB_g93_CONTCAR_PBE (KEY : poscar)
	------------------------------
	 *atom_data : ['B', 'N']
	 *atom_data_num : [53, 54]
	 *unit_cell_information :  

	    idx    frac_x    frac_y    frac_z

	    (1)     0.059     0.167     0.500
	    (2)     0.059     0.500     0.500
	    (3)     0.059     0.833     0.500
	      :
	  (106)     0.440     0.442     0.662
	  (107)     0.500     0.621     0.694


	=========================================
	          MAKE A,Q FILE                     
	=========================================


	 Relative positions from central defect (KEY : relativepos)
	------------------------------

	 *MinDif[A] : [-10.52140992165, -6.551107098112121, -2.588522057999999]
	 *MaxDif[A] : [9.277878973999952, 6.508875686561063, 0.321210498000001]
	 *farthest_atoms_idx : [26, 79]
	 *farthest_atom_info : [['B', -10.52140992165, 6.507378048760629, -2.588522057999999], ['N', -10.52140992165, -5.106098951312297, -2.588522057999999]]
	 *r_1i (cart) :  

	    idx      atom     r_1ix     r_1iy     r_1iz

	    (1)         B    -9.276    -4.377    -2.589
	    (2)         B    -9.275    -0.023    -2.589
	    (3)         B    -9.275     4.330    -2.589
	      :
	  (106)         N    -1.258    -0.781    -0.161
	  (107)         N     0.000     1.563     0.321

	--- Save files --- 
	Afile : Afile
	Qfile : Qfile


	=========================================
	                 DONE                     
	=========================================

    ____________________________________________________________

    memory_usage_percent  :     6.000 %

    Current memory KB     :    62.824 KB

    Wall clock time       : 0:00:00.228681(s)

    ============================================================
        JOB DONE    
    ============================================================
