

=========================================

		do_mkAQDdata : 

=========================================


./hBN_VB_g90_OUTCAR
./hBN_VB_g90_CONTCAR
VB
hBN_VB_g90_ATensor
hBN_VB_g90_QTensor
None
Read INCAR part in OUTCAR ...
Read A tensor : .TRUE.
Read Q tensor : .TRUE.
Read D tensor : .TRUE.
NGYROMAG : NONE 
QUAD_EFG : NONE 
Read POSCAR(simple) part in OUTCAR ...
 atoms # = 107
 atomic species = ['B', 'N']
Read Quadrupole tensor part in OUTCAR ...
Read Hyperfine tensor part in OUTCAR ...
Read ZFS tensor part in OUTCAR ...
['B', 'N']
atm: B
isotopeData {'10B': (3.0, 2.8747, 0.08459, 0.1990), '11B': (1.5, 8.5847, 0.04059, 0.8010)}
iso B {'10B': (3.0, 2.8747, 0.08459, 0.1990), '11B': (1.5, 8.5847, 0.04059, 0.8010)}
atm: N
isotopeData {'14N': (1.0, 1.9338, 0.02044, 0.9963), '15N': (0.5, -2.7126, 0.00000, 0.0037)}
iso N {'14N': (1.0, 1.9338, 0.02044, 0.9963), '15N': (0.5, -2.7126, 0.00000, 0.0037)}
	Read POSCAR file - ./hBN_VB_g90_CONTCAR
	 --------------------------------------------------



=========================================
 READ OUTCAR (KEY : outcar_spHam) 
=========================================


----------------------------------------
extSpinHamilTensors : 
----------------------------------------

Atomic data from OUTCAR (KEY : atomicdata)
------------------------------
 *atom_data : ['B', 'N']
 *total_atom_num : 107
 *unit_cell_information :  

    idx    frac_x    frac_y    frac_z

    (1)     0.061     0.167     0.500
    (2)     0.061     0.500     0.500
    (3)     0.061     0.833     0.500
      :
  (106)     0.438     0.442     0.695
  (107)     0.500     0.622     0.731

Quadrupole tensor (KEY : Qdata)
------------------------------

*EFG : EFG tensor (V/A^2) 

    idx       Vxx       Vxy       Vxz       Vyx       Vyy       Vyz       Vzx       Vzy       Vzz

    (1)   -17.468     0.189     0.052     0.189   -17.156    -0.003     0.052    -0.003    34.625
    (2)   -17.541     0.344     0.051     0.344   -17.062    -0.003     0.051    -0.003    34.604
    (3)   -17.601     0.206     0.053     0.206   -17.005    -0.003     0.053    -0.003    34.606
      :
  (106)    29.301    21.797     1.378    21.797   -11.971    -3.557     1.378    -3.557   -17.330
  (107)   -23.460     0.000    -0.000     0.000    41.673    25.896    -0.000    25.896   -18.212

*EFG_diag : Diagonalized EFG tensor (V/A^2) 

    idx    Vxx(D)    Vyy(D)    Vzz(D)

    (1)   -17.557   -17.067    34.625
    (2)   -17.721   -16.882    34.604
    (3)   -17.665   -16.941    34.606
      :
  (106)   -23.650   -15.031    38.681
  (107)   -27.857   -23.460    51.317

NMR quadrupolar parameters

*Cq  : quadrupolar parameter	Cq=e*Q*V_zz/h (MHz) 
*eta : asymmetry parameters	 (V_yy - V_xx)/ V_zz 
*Q   : nuclear electric quadrupole moment in mb (millibarn = 10^-31 m^2) 

    idx        Cq       eta         q

    (1)     0.084     0.014     1.000
    (2)     0.084     0.024     1.000
    (3)     0.084     0.021     1.000
      :
  (106)     0.094     0.223     1.000
  (107)     0.124     0.086     1.000
------------------------------

Hyperfine tensor (KEY : Adata)
------------------------------

Hyperfine tensor 

*Aiso : Fermi contact term (MHz) 
*Adip : Dipolar coupling term (MHz) 

    idx      Aiso       Axx       Axy       Axz       Ayx       Ayy       Ayz       Azx       Azy       Azz

    (1)    -0.000     0.004     0.001     0.001     0.001    -0.001     0.000     0.001     0.000    -0.003
    (2)     0.001     0.006    -0.000     0.001    -0.000    -0.003    -0.000     0.001    -0.000    -0.003
    (3)    -0.000     0.004    -0.000     0.001    -0.000    -0.001    -0.000     0.001    -0.000    -0.002
      :
  (106)    18.539     4.220     4.583     3.234     4.583    -1.631     1.980     3.234     1.980    -2.589
  (107)    14.872    -5.666     0.000    -0.000     0.000     9.708     4.503    -0.000     4.503    -4.041

*Adiag : Diagonalized total Hyperfine tensor (MHz) 

    idx    Axx(D)    Ayy(D)    Azz(D)

    (1)    -0.003    -0.002     0.004
    (2)    -0.002    -0.002     0.007
    (3)    -0.003    -0.001     0.004
      :
  (106)    14.702    14.300    26.617
  (107)     9.487     9.206    25.923
------------------------------

Zero Field splitting tensor (KEY : Ddata)
------------------------------

*ZFS : ZFS tensor (MHz) 

  -166.715     0.000     0.000
     0.000 -1595.001 -1620.154
     0.000 -1620.154  1761.716

Diagonalized ZFS tensor 
*D_diag : Diagonalized ZFS tensor (MHz) 
*D_eigvec : Eigenvectors for diagonalized ZFS tensor 

    idx    Dii(D)  eigvec_x  eigvec_y  eigvec_z

    (1)  -166.715     1.000     0.000     0.000
    (2) -2249.407     0.000    -0.927    -0.375
    (3)  2416.122     0.000    -0.375     0.927

ZFS parameters (MHz) 
*D : axial component D = 3/2*D_zz (MHz) 
*E : transverse component E = (D_xx-D_yy)/2 (MHz) 

   D =   3624.183
   E =   1041.346
------------------------------

Isotopic data (KEY : isodata)
------------------------------

 Atom : { Isotopes : ( S, gyro, eQ, conc) }

example) 
 isodata['B']['10B'].s          : spin          (no unit)
 isodata['B']['11B'].gyro       : gyro          (rad/ms/G)
 isodata['N']['14N'].q          : eQ            (barn = 10^-28 m^2)
 isodata['N']['15N'].conc       : concentration (%/100)

 B : {'10B': (3.0, 2.8747, 0.08459, 0.1990), '11B': (1.5, 8.5847, 0.04059, 0.8010)} 
 N : {'14N': (1.0, 1.9338, 0.02044, 0.9963), '15N': (0.5, -2.7126, 0.00000, 0.0037)} 


=========================================
 READ POSCAR (KEY : poscar or poscarmod) 
=========================================


 POSCAR from ./hBN_VB_g90_CONTCAR (KEY : poscar)
------------------------------
 *atom_data : ['B', 'N']
 *atom_data_num : [53, 54]
 *unit_cell_information :  

    idx    frac_x    frac_y    frac_z

    (1)     0.061     0.167     0.500
    (2)     0.061     0.500     0.500
    (3)     0.061     0.833     0.500
      :
  (106)     0.438     0.442     0.695
  (107)     0.500     0.622     0.731


=========================================
          MAKE A,Q FILE          		   
=========================================


 Relative positions from central defect (KEY : relativepos)
------------------------------

 *MinDif[A] : [-10.1820096016, -6.555243373356409, -3.1070878979999996]
 *MaxDif[A] : [8.939312392736412, 6.504703055526145, 0.36015802950000086]
 *farthest_atoms_idx : [26, 79]
 *farthest_atom_info : [['B', -10.1820096016, 6.503632473508963, -3.1070878979999996], ['N', -10.1820096016, -5.110002370526249, -3.1070878979999996]]
 *r_1i (cart) :  

    idx      atom     r_1ix     r_1iy     r_1iz

    (1)         B    -8.939    -4.380    -3.107
    (2)         B    -8.934    -0.027    -3.107
    (3)         B    -8.937     4.325    -3.107
      :
  (106)         N    -1.257    -0.788    -0.180
  (107)         N     0.000     1.576     0.360

--- Save files --- 
Afile : hBN_VB_g90_ATensor
Qfile : hBN_VB_g90_QTensor


=========================================
                 DONE          		   
=========================================
