

=========================================

		do_mkAQDdata : 

=========================================


./hBN_VB_t109_OUTCAR
./hBN_VB_t109_CONTCAR
VB
hBN_VB_t109_ATensor
hBN_VB_t109_QTensor
None
Read INCAR part in OUTCAR ...
Read A tensor : .TRUE.
Read Q tensor : .TRUE.
Read D tensor : .TRUE.
NGYROMAG : NONE 
QUAD_EFG : NONE 
Read POSCAR(simple) part in OUTCAR ...
 atoms # = 107
 atomic species = ['B', 'N']
Read Quadrupole tensor part in OUTCAR ...
Read Hyperfine tensor part in OUTCAR ...
Read ZFS tensor part in OUTCAR ...
['B', 'N']
atm: B
isotopeData {'10B': (3.0, 2.8747, 0.08459, 0.1990), '11B': (1.5, 8.5847, 0.04059, 0.8010)}
iso B {'10B': (3.0, 2.8747, 0.08459, 0.1990), '11B': (1.5, 8.5847, 0.04059, 0.8010)}
atm: N
isotopeData {'14N': (1.0, 1.9338, 0.02044, 0.9963), '15N': (0.5, -2.7126, 0.00000, 0.0037)}
iso N {'14N': (1.0, 1.9338, 0.02044, 0.9963), '15N': (0.5, -2.7126, 0.00000, 0.0037)}
	Read POSCAR file - ./hBN_VB_t109_CONTCAR
	 --------------------------------------------------



=========================================
 READ OUTCAR (KEY : outcar_spHam) 
=========================================


----------------------------------------
extSpinHamilTensors : 
----------------------------------------

Atomic data from OUTCAR (KEY : atomicdata)
------------------------------
 *atom_data : ['B', 'N']
 *total_atom_num : 107
 *unit_cell_information :  

    idx    frac_x    frac_y    frac_z

    (1)     0.055     0.165     0.500
    (2)     0.055     0.499     0.500
    (3)     0.055     0.832     0.500
      :
  (106)     0.432     0.442     0.500
  (107)     0.500     0.620     0.500

Quadrupole tensor (KEY : Qdata)
------------------------------

*EFG : EFG tensor (V/A^2) 

    idx       Vxx       Vxy       Vxz       Vyx       Vyy       Vyz       Vzx       Vzy       Vzz

    (1)   -13.248     0.316     0.000     0.316   -18.514    -0.000     0.000    -0.000    31.762
    (2)   -13.345     0.385    -0.000     0.385   -18.536     0.000    -0.000     0.000    31.881
    (3)   -13.346     0.427     0.000     0.427   -18.439    -0.000     0.000    -0.000    31.785
      :
  (106)    19.576    25.205     0.000    25.205    -5.171     0.000     0.000     0.000   -14.405
  (107)     5.383    -0.000     0.000    -0.000    20.725     0.000     0.000     0.000   -26.108

*EFG_diag : Diagonalized EFG tensor (V/A^2) 

    idx    Vxx(D)    Vyy(D)    Vzz(D)

    (1)   -18.533   -13.229    31.762
    (2)   -18.564   -13.317    31.881
    (3)   -18.475   -13.311    31.785
      :
  (106)   -20.876   -14.405    35.281
  (107)    20.725     5.383   -26.108

NMR quadrupolar parameters

*Cq  : quadrupolar parameter	Cq=e*Q*V_zz/h (MHz) 
*eta : asymmetry parameters	 (V_yy - V_xx)/ V_zz 
*Q   : nuclear electric quadrupole moment in mb (millibarn = 10^-31 m^2) 

    idx        Cq       eta         q

    (1)     0.077     0.167     1.000
    (2)     0.077     0.165     1.000
    (3)     0.077     0.162     1.000
      :
  (106)     0.085     0.183     1.000
  (107)    -0.063     0.588     1.000
------------------------------

Hyperfine tensor (KEY : Adata)
------------------------------

Hyperfine tensor 

*Aiso : Fermi contact term (MHz) 
*Adip : Dipolar coupling term (MHz) 

    idx      Aiso       Axx       Axy       Axz       Ayx       Ayy       Ayz       Azx       Azy       Azz

    (1)    -0.000     0.004     0.000    -0.000     0.000    -0.001     0.000    -0.000     0.000    -0.003
    (2)     0.001     0.005    -0.000    -0.000    -0.000    -0.002    -0.000    -0.000    -0.000    -0.003
    (3)    -0.000     0.004    -0.000     0.000    -0.000    -0.001     0.000     0.000     0.000    -0.002
      :
  (106)    14.876     3.861     6.781     0.000     6.781     0.484     0.000     0.000     0.000    -4.345
  (107)    16.003    -4.662    -0.000    -0.000    -0.000     9.033     0.000    -0.000     0.000    -4.371

*Adiag : Diagonalized total Hyperfine tensor (MHz) 

    idx    Axx(D)    Ayy(D)    Azz(D)

    (1)    -0.003    -0.002     0.004
    (2)    -0.002    -0.001     0.006
    (3)    -0.003    -0.001     0.004
      :
  (106)    10.532    10.061    24.037
  (107)    11.632    11.342    25.036
------------------------------

Zero Field splitting tensor (KEY : Ddata)
------------------------------

*ZFS : ZFS tensor (MHz) 

  -128.369     0.000     0.000
     0.000 -1073.785     0.000
     0.000     0.000  1202.154

Diagonalized ZFS tensor 
*D_diag : Diagonalized ZFS tensor (MHz) 
*D_eigvec : Eigenvectors for diagonalized ZFS tensor 

    idx    Dii(D)  eigvec_x  eigvec_y  eigvec_z

    (1)  -128.369     1.000     0.000     0.000
    (2) -1073.785     0.000     1.000     0.000
    (3)  1202.154     0.000     0.000     1.000

ZFS parameters (MHz) 
*D : axial component D = 3/2*D_zz (MHz) 
*E : transverse component E = (D_xx-D_yy)/2 (MHz) 

   D =   1803.231
   E =    472.708
------------------------------

Isotopic data (KEY : isodata)
------------------------------

 Atom : { Isotopes : ( S, gyro, eQ, conc) }

example) 
 isodata['B']['10B'].s          : spin          (no unit)
 isodata['B']['11B'].gyro       : gyro          (rad/ms/G)
 isodata['N']['14N'].q          : eQ            (barn = 10^-28 m^2)
 isodata['N']['15N'].conc       : concentration (%/100)

 B : {'10B': (3.0, 2.8747, 0.08459, 0.1990), '11B': (1.5, 8.5847, 0.04059, 0.8010)} 
 N : {'14N': (1.0, 1.9338, 0.02044, 0.9963), '15N': (0.5, -2.7126, 0.00000, 0.0037)} 


=========================================
 READ POSCAR (KEY : poscar or poscarmod) 
=========================================


 POSCAR from ./hBN_VB_t109_CONTCAR (KEY : poscar)
------------------------------
 *atom_data : ['B', 'N']
 *atom_data_num : [53, 54]
 *unit_cell_information :  

    idx    frac_x    frac_y    frac_z

    (1)     0.055     0.165     0.500
    (2)     0.055     0.499     0.500
    (3)     0.055     0.832     0.500
      :
  (106)     0.432     0.442     0.500
  (107)     0.500     0.620     0.500


=========================================
          MAKE A,Q FILE          		   
=========================================


 Relative positions from central defect (KEY : relativepos)
------------------------------

 *MinDif[A] : [-12.33154575, -6.412665531915918, 0.0]
 *MaxDif[A] : [10.971991319214993, 6.387638596453843, 0.0]
 *farthest_atoms_idx : [28, 79]
 *farthest_atom_info : [['B', -12.33154575, 6.376878693342149, 0.0], ['N', -12.33154575, -5.0001154093601725, 0.0]]
 *r_1i (cart) :  

    idx      atom     r_1ix     r_1iy     r_1iz

    (1)         B   -10.968    -4.310     0.000
    (2)         B   -10.972    -0.032     0.000
    (3)         B   -10.967     4.241     0.000
      :
  (106)         N    -1.679    -0.760     0.000
  (107)         N     0.000     1.520     0.000

--- Save files --- 
Afile : hBN_VB_t109_ATensor
Qfile : hBN_VB_t109_QTensor


=========================================
                 DONE          		   
=========================================
