

=========================================

		do_mkAQDdata : 

=========================================


./hBN_VB_t103_OUTCAR
./hBN_VB_t103_CONTCAR
VB
hBN_VB_t103_ATensor
hBN_VB_t103_QTensor
None
Read INCAR part in OUTCAR ...
Read A tensor : .TRUE.
Read Q tensor : .TRUE.
Read D tensor : .TRUE.
NGYROMAG : NONE 
QUAD_EFG : NONE 
Read POSCAR(simple) part in OUTCAR ...
 atoms # = 107
 atomic species = ['B', 'N']
Read Quadrupole tensor part in OUTCAR ...
Read Hyperfine tensor part in OUTCAR ...
Read ZFS tensor part in OUTCAR ...
['B', 'N']
atm: B
isotopeData {'10B': (3.0, 2.8747, 0.08459, 0.1990), '11B': (1.5, 8.5847, 0.04059, 0.8010)}
iso B {'10B': (3.0, 2.8747, 0.08459, 0.1990), '11B': (1.5, 8.5847, 0.04059, 0.8010)}
atm: N
isotopeData {'14N': (1.0, 1.9338, 0.02044, 0.9963), '15N': (0.5, -2.7126, 0.00000, 0.0037)}
iso N {'14N': (1.0, 1.9338, 0.02044, 0.9963), '15N': (0.5, -2.7126, 0.00000, 0.0037)}
	Read POSCAR file - ./hBN_VB_t103_CONTCAR
	 --------------------------------------------------



=========================================
 READ OUTCAR (KEY : outcar_spHam) 
=========================================


----------------------------------------
extSpinHamilTensors : 
----------------------------------------

Atomic data from OUTCAR (KEY : atomicdata)
------------------------------
 *atom_data : ['B', 'N']
 *total_atom_num : 107
 *unit_cell_information :  

    idx    frac_x    frac_y    frac_z

    (1)     0.055     0.166     0.500
    (2)     0.055     0.499     0.500
    (3)     0.056     0.833     0.500
      :
  (106)     0.438     0.442     0.500
  (107)     0.500     0.618     0.500

Quadrupole tensor (KEY : Qdata)
------------------------------

*EFG : EFG tensor (V/A^2) 

    idx       Vxx       Vxy       Vxz       Vyx       Vyy       Vyz       Vzx       Vzy       Vzz

    (1)   -16.165     0.248     0.000     0.248   -17.367     0.000     0.000     0.000    33.532
    (2)   -16.266     0.319     0.000     0.319   -17.334    -0.000     0.000    -0.000    33.600
    (3)   -16.250     0.321     0.000     0.321   -17.296     0.000     0.000     0.000    33.546
      :
  (106)    21.831    26.295     0.000    26.295    -6.645    -0.000     0.000    -0.000   -15.186
  (107)   -11.583     0.000    -0.000     0.000    28.933    -0.000    -0.000    -0.000   -17.350

*EFG_diag : Diagonalized EFG tensor (V/A^2) 

    idx    Vxx(D)    Vyy(D)    Vzz(D)

    (1)   -17.416   -16.116    33.532
    (2)   -17.422   -16.178    33.600
    (3)   -17.387   -16.159    33.546
      :
  (106)   -22.309   -15.186    37.495
  (107)   -17.350   -11.583    28.933

NMR quadrupolar parameters

*Cq  : quadrupolar parameter	Cq=e*Q*V_zz/h (MHz) 
*eta : asymmetry parameters	 (V_yy - V_xx)/ V_zz 
*Q   : nuclear electric quadrupole moment in mb (millibarn = 10^-31 m^2) 

    idx        Cq       eta         q

    (1)     0.081     0.039     1.000
    (2)     0.081     0.037     1.000
    (3)     0.081     0.037     1.000
      :
  (106)     0.091     0.190     1.000
  (107)     0.070     0.199     1.000
------------------------------

Hyperfine tensor (KEY : Adata)
------------------------------

Hyperfine tensor 

*Aiso : Fermi contact term (MHz) 
*Adip : Dipolar coupling term (MHz) 

    idx      Aiso       Axx       Axy       Axz       Ayx       Ayy       Ayz       Azx       Azy       Azz

    (1)    -0.000     0.004     0.000    -0.000     0.000    -0.001    -0.000    -0.000    -0.000    -0.003
    (2)     0.001     0.006    -0.000     0.000    -0.000    -0.002     0.000     0.000     0.000    -0.003
    (3)    -0.000     0.004    -0.000    -0.000    -0.000    -0.001     0.000    -0.000     0.000    -0.003
      :
  (106)    18.156     5.070     6.422     0.000     6.422    -0.672     0.000     0.000     0.000    -4.398
  (107)    18.613    -4.709    -0.000    -0.000    -0.000     9.066     0.000    -0.000     0.000    -4.357

*Adiag : Diagonalized total Hyperfine tensor (MHz) 

    idx    Axx(D)    Ayy(D)    Azz(D)

    (1)    -0.003    -0.002     0.004
    (2)    -0.002    -0.002     0.007
    (3)    -0.003    -0.001     0.004
      :
  (106)    13.758    13.320    27.389
  (107)    14.256    13.904    27.679
------------------------------

Zero Field splitting tensor (KEY : Ddata)
------------------------------

*ZFS : ZFS tensor (MHz) 

  -575.423     0.000     0.000
     0.000  -985.300     0.000
     0.000     0.000  1560.723

Diagonalized ZFS tensor 
*D_diag : Diagonalized ZFS tensor (MHz) 
*D_eigvec : Eigenvectors for diagonalized ZFS tensor 

    idx    Dii(D)  eigvec_x  eigvec_y  eigvec_z

    (1)  -575.423     1.000     0.000     0.000
    (2)  -985.300     0.000     1.000     0.000
    (3)  1560.723     0.000     0.000     1.000

ZFS parameters (MHz) 
*D : axial component D = 3/2*D_zz (MHz) 
*E : transverse component E = (D_xx-D_yy)/2 (MHz) 

   D =   2341.084
   E =    204.938
------------------------------

Isotopic data (KEY : isodata)
------------------------------

 Atom : { Isotopes : ( S, gyro, eQ, conc) }

example) 
 isodata['B']['10B'].s          : spin          (no unit)
 isodata['B']['11B'].gyro       : gyro          (rad/ms/G)
 isodata['N']['14N'].q          : eQ            (barn = 10^-28 m^2)
 isodata['N']['15N'].conc       : concentration (%/100)

 B : {'10B': (3.0, 2.8747, 0.08459, 0.1990), '11B': (1.5, 8.5847, 0.04059, 0.8010)} 
 N : {'14N': (1.0, 1.9338, 0.02044, 0.9963), '15N': (0.5, -2.7126, 0.00000, 0.0037)} 


=========================================
 READ POSCAR (KEY : poscar or poscarmod) 
=========================================


 POSCAR from ./hBN_VB_t103_CONTCAR (KEY : poscar)
------------------------------
 *atom_data : ['B', 'N']
 *atom_data_num : [53, 54]
 *unit_cell_information :  

    idx    frac_x    frac_y    frac_z

    (1)     0.055     0.166     0.500
    (2)     0.055     0.499     0.500
    (3)     0.056     0.833     0.500
      :
  (106)     0.438     0.442     0.500
  (107)     0.500     0.618     0.500


=========================================
          MAKE A,Q FILE          		   
=========================================


 Relative positions from central defect (KEY : relativepos)
------------------------------

 *MinDif[A] : [-11.65274505, -6.484174251116767, 0.0]
 *MaxDif[A] : [10.362533639335375, 6.47266879240677, 0.0]
 *farthest_atoms_idx : [28, 79]
 *farthest_atom_info : [['B', -11.65274505, 6.46256324677641, 0.0], ['N', -11.65274505, -5.053892085081032, 0.0]]
 *r_1i (cart) :  

    idx      atom     r_1ix     r_1iy     r_1iz

    (1)         B   -10.360    -4.343     0.000
    (2)         B   -10.362    -0.019     0.000
    (3)         B   -10.359     4.303     0.000
      :
  (106)         N    -1.443    -0.760     0.000
  (107)         N     0.000     1.520     0.000

--- Save files --- 
Afile : hBN_VB_t103_ATensor
Qfile : hBN_VB_t103_QTensor


=========================================
                 DONE          		   
=========================================
