

=========================================

		do_mkAQDdata : 

=========================================


./hBN_VB_t108_OUTCAR
./hBN_VB_t108_CONTCAR
VB
hBN_VB_t108_ATensor
hBN_VB_t108_QTensor
None
Read INCAR part in OUTCAR ...
Read A tensor : .TRUE.
Read Q tensor : .TRUE.
Read D tensor : .TRUE.
NGYROMAG : NONE 
QUAD_EFG : NONE 
Read POSCAR(simple) part in OUTCAR ...
 atoms # = 107
 atomic species = ['B', 'N']
Read Quadrupole tensor part in OUTCAR ...
Read Hyperfine tensor part in OUTCAR ...
Read ZFS tensor part in OUTCAR ...
['B', 'N']
atm: B
isotopeData {'10B': (3.0, 2.8747, 0.08459, 0.1990), '11B': (1.5, 8.5847, 0.04059, 0.8010)}
iso B {'10B': (3.0, 2.8747, 0.08459, 0.1990), '11B': (1.5, 8.5847, 0.04059, 0.8010)}
atm: N
isotopeData {'14N': (1.0, 1.9338, 0.02044, 0.9963), '15N': (0.5, -2.7126, 0.00000, 0.0037)}
iso N {'14N': (1.0, 1.9338, 0.02044, 0.9963), '15N': (0.5, -2.7126, 0.00000, 0.0037)}
	Read POSCAR file - ./hBN_VB_t108_CONTCAR
	 --------------------------------------------------



=========================================
 READ OUTCAR (KEY : outcar_spHam) 
=========================================


----------------------------------------
extSpinHamilTensors : 
----------------------------------------

Atomic data from OUTCAR (KEY : atomicdata)
------------------------------
 *atom_data : ['B', 'N']
 *total_atom_num : 107
 *unit_cell_information :  

    idx    frac_x    frac_y    frac_z

    (1)     0.055     0.165     0.500
    (2)     0.055     0.499     0.500
    (3)     0.055     0.832     0.500
      :
  (106)     0.433     0.442     0.500
  (107)     0.500     0.619     0.500

Quadrupole tensor (KEY : Qdata)
------------------------------

*EFG : EFG tensor (V/A^2) 

    idx       Vxx       Vxy       Vxz       Vyx       Vyy       Vyz       Vzx       Vzy       Vzz

    (1)   -13.767     0.288    -0.000     0.288   -18.305     0.000    -0.000     0.000    32.072
    (2)   -13.892     0.327    -0.000     0.327   -18.300     0.000    -0.000     0.000    32.192
    (3)   -13.889     0.435     0.000     0.435   -18.208     0.000     0.000     0.000    32.098
      :
  (106)    20.002    25.648     0.000    25.648    -5.350     0.000     0.000     0.000   -14.652
  (107)     2.851     0.000     0.000     0.000    21.496    -0.000     0.000    -0.000   -24.347

*EFG_diag : Diagonalized EFG tensor (V/A^2) 

    idx    Vxx(D)    Vyy(D)    Vzz(D)

    (1)   -18.323   -13.749    32.072
    (2)   -18.324   -13.868    32.192
    (3)   -18.252   -13.846    32.098
      :
  (106)   -21.284   -14.652    35.935
  (107)    21.496     2.851   -24.347

NMR quadrupolar parameters

*Cq  : quadrupolar parameter	Cq=e*Q*V_zz/h (MHz) 
*eta : asymmetry parameters	 (V_yy - V_xx)/ V_zz 
*Q   : nuclear electric quadrupole moment in mb (millibarn = 10^-31 m^2) 

    idx        Cq       eta         q

    (1)     0.078     0.143     1.000
    (2)     0.078     0.138     1.000
    (3)     0.078     0.137     1.000
      :
  (106)     0.087     0.185     1.000
  (107)    -0.059     0.766     1.000
------------------------------

Hyperfine tensor (KEY : Adata)
------------------------------

Hyperfine tensor 

*Aiso : Fermi contact term (MHz) 
*Adip : Dipolar coupling term (MHz) 

    idx      Aiso       Axx       Axy       Axz       Ayx       Ayy       Ayz       Azx       Azy       Azz

    (1)    -0.000     0.004     0.000    -0.000     0.000    -0.001    -0.000    -0.000    -0.000    -0.003
    (2)     0.001     0.005    -0.000     0.000    -0.000    -0.002     0.000     0.000     0.000    -0.003
    (3)    -0.000     0.004    -0.000     0.000    -0.000    -0.001     0.000     0.000     0.000    -0.003
      :
  (106)    15.365     4.061     6.754     0.000     6.754     0.300     0.000     0.000     0.000    -4.361
  (107)    16.390    -4.657     0.000    -0.000     0.000     9.015     0.000    -0.000     0.000    -4.358

*Adiag : Diagonalized total Hyperfine tensor (MHz) 

    idx    Axx(D)    Ayy(D)    Azz(D)

    (1)    -0.003    -0.002     0.004
    (2)    -0.002    -0.001     0.006
    (3)    -0.003    -0.001     0.004
      :
  (106)    11.004    10.535    24.557
  (107)    12.031    11.733    25.405
------------------------------

Zero Field splitting tensor (KEY : Ddata)
------------------------------

*ZFS : ZFS tensor (MHz) 

  -197.359     0.000     0.000
     0.000 -1050.083     0.000
     0.000     0.000  1247.442

Diagonalized ZFS tensor 
*D_diag : Diagonalized ZFS tensor (MHz) 
*D_eigvec : Eigenvectors for diagonalized ZFS tensor 

    idx    Dii(D)  eigvec_x  eigvec_y  eigvec_z

    (1)  -197.359     1.000     0.000     0.000
    (2) -1050.083     0.000     1.000     0.000
    (3)  1247.442     0.000     0.000     1.000

ZFS parameters (MHz) 
*D : axial component D = 3/2*D_zz (MHz) 
*E : transverse component E = (D_xx-D_yy)/2 (MHz) 

   D =   1871.163
   E =    426.362
------------------------------

Isotopic data (KEY : isodata)
------------------------------

 Atom : { Isotopes : ( S, gyro, eQ, conc) }

example) 
 isodata['B']['10B'].s          : spin          (no unit)
 isodata['B']['11B'].gyro       : gyro          (rad/ms/G)
 isodata['N']['14N'].q          : eQ            (barn = 10^-28 m^2)
 isodata['N']['15N'].conc       : concentration (%/100)

 B : {'10B': (3.0, 2.8747, 0.08459, 0.1990), '11B': (1.5, 8.5847, 0.04059, 0.8010)} 
 N : {'14N': (1.0, 1.9338, 0.02044, 0.9963), '15N': (0.5, -2.7126, 0.00000, 0.0037)} 


=========================================
 READ POSCAR (KEY : poscar or poscarmod) 
=========================================


 POSCAR from ./hBN_VB_t108_CONTCAR (KEY : poscar)
------------------------------
 *atom_data : ['B', 'N']
 *atom_data_num : [53, 54]
 *unit_cell_information :  

    idx    frac_x    frac_y    frac_z

    (1)     0.055     0.165     0.500
    (2)     0.055     0.499     0.500
    (3)     0.055     0.832     0.500
      :
  (106)     0.433     0.442     0.500
  (107)     0.500     0.619     0.500


=========================================
          MAKE A,Q FILE          		   
=========================================


 Relative positions from central defect (KEY : relativepos)
------------------------------

 *MinDif[A] : [-12.21841215, -6.423172750258137, 0.0]
 *MaxDif[A] : [10.870766432000531, 6.40089294406377, 0.0]
 *farthest_atoms_idx : [28, 79]
 *farthest_atom_info : [['B', -12.21841215, 6.390940768363926, 0.0], ['N', -12.21841215, -5.006899234942246, 0.0]]
 *r_1i (cart) :  

    idx      atom     r_1ix     r_1iy     r_1iz

    (1)         B   -10.867    -4.313     0.000
    (2)         B   -10.871    -0.029     0.000
    (3)         B   -10.865     4.252     0.000
      :
  (106)         N    -1.641    -0.759     0.000
  (107)         N     0.000     1.518     0.000

--- Save files --- 
Afile : hBN_VB_t108_ATensor
Qfile : hBN_VB_t108_QTensor


=========================================
                 DONE          		   
=========================================
