
    ============================================================

    <\Summary> make AQ tensor file for CCE calculation


    Latest update :  Wed Mar 22 14:34:07 2023

    Current time  :  Fri Mar 24 13:10:08 2023

    ____________________________________________________________



    Author        : Huijin Park

    note1         : For VASP, you will find error 
    		    if your INCAR file include NGYROMAG
    		    This case need to be considered

    note2         : POSCAR files should include defect information.
    		    Also, Atomic name need to be consistant

    update1       : (2023.02.15) Added key : [33m--addhfcore[0m 
    		    In the case of VASP, 
    		    We should add the core electronic contributions to fermi contact term 
    		    (A_tot = A_1c + A_tot)

    update2       : (2023.03.21) Added key : [33m--fidentify[0m 
    		    The first line of the A file include VASP/QUANTUMESSPRESSO.

    update3       : (2023.03.21) Added key : [33m--version[0m 
    		    You can choose version : v1 or v2 
    		    Previous version : Afile of VASP and QE was the same (The central spin factor was treated) 
    		    New version : Afile of VASP/QE would be the same to the OUTCAR/hyperfine.out result

    update4       : (2023.03.21) Added key : [33m--vertex[0m 
    		    You can convert the format of cell' range from relative coordinate to vertex

    ____________________________________________________________


	Input argument : 

	 [1] tool    : VASP
	 [2] fposcar : ./hBN_VB_g99_CONTCAR_PBE
	 [3] dfname  : VB


	 opt. --A       : ./hBN_VB_g99_OUTCAR_HSE
	 opt. --Q       : ./hBN_VB_g99_OUTCAR_HSE
	 opt. --D       : []
	 opt. --dfpos   : []
	 opt. --ignoreatm : []
	 opt. --fidentify : False
	 opt. --addhfcore : True
	 opt. --version : v1
	 opt. --rangeformat : coord


	=========================================

			do_mkAQDdata : 

	=========================================


	Read INCAR part in OUTCAR ...
	Read A tensor : .TRUE.
	Read Q tensor : .TRUE.
	Read D tensor : .TRUE.
	NGYROMAG : NONE 
	QUAD_EFG : NONE 
	Read POSCAR(simple) part in OUTCAR ...
	 atoms # = 107
	 atomic species = ['B', 'N']
	Read Quadrupole tensor part in OUTCAR ...
	Read Hyperfine tensor part in OUTCAR ...
	Read ZFS tensor part in OUTCAR ...
	 ['B', 'N']
	atm: B
	isotopeData {'10B': (3.0, 2.8747, 0.08459, 0.1990), '11B': (1.5, 8.5847, 0.04059, 0.8010)}
	iso B {'10B': (3.0, 2.8747, 0.08459, 0.1990), '11B': (1.5, 8.5847, 0.04059, 0.8010)}
	atm: N
	isotopeData {'14N': (1.0, 1.9338, 0.02044, 0.9963), '15N': (0.5, -2.7126, 0.00000, 0.0037)}
	iso N {'14N': (1.0, 1.9338, 0.02044, 0.9963), '15N': (0.5, -2.7126, 0.00000, 0.0037)}
[['10B', 0.6002149999999999], ['11B', 1.7924326000000004], ['14N', 0.403761], ['15N', -0.56637768]]



	=========================================
	 READ OUTCAR (KEY : outcar_spHam) 
	=========================================


	----------------------------------------
	extSpinHamilTensors : 
	----------------------------------------

	Atomic data from OUTCAR (KEY : atomicdata)
	------------------------------
	 *atom_data : ['B', 'N']
	 *total_atom_num : 107
	 *unit_cell_information :  

	    idx    frac_x    frac_y    frac_z

	    (1)     0.056     0.167     0.500
	    (2)     0.056     0.500     0.500
	    (3)     0.056     0.833     0.500
	      :
	  (106)     0.443     0.443     0.528
	  (107)     0.500     0.616     0.538

	Quadrupole tensor (KEY : Qdata)
	------------------------------

	*EFG : EFG tensor (V/A^2) 

	    idx       Vxx       Vxy       Vxz       Vyx       Vyy       Vyz       Vzx       Vzy       Vzz

	    (1)   -19.165     0.270     0.008     0.270   -18.825    -0.001     0.008    -0.001    37.990
	    (2)   -19.258     0.372     0.006     0.372   -18.722    -0.001     0.006    -0.001    37.980
	    (3)   -19.242     0.275     0.008     0.275   -18.754    -0.001     0.008    -0.001    37.996
	      :
	  (106)    25.090    28.001     1.544    28.001    -7.891     0.738     1.544     0.738   -17.200
	  (107)   -27.126     0.000    -0.000     0.000    46.995     8.686    -0.000     8.686   -19.868

	*EFG_diag : Diagonalized EFG tensor (V/A^2) 

	    idx    Vxx(D)    Vyy(D)    Vzz(D)

	    (1)   -19.314   -18.676    37.990
	    (2)   -19.448   -18.532    37.980
	    (3)   -19.366   -18.631    37.996
	      :
	  (106)   -23.898   -17.247    41.145
	  (107)   -27.126   -20.978    48.105

	NMR quadrupolar parameters

	*Cq  : quadrupolar parameter    Cq=e*Q*V_zz/h (MHz) 
	*eta : asymmetry parameters     (V_yy - V_xx)/ V_zz 
	*Q   : nuclear electric quadrupole moment in mb (millibarn = 10^-31 m^2) 

	    idx        Cq       eta         q

	    (1)     0.092     0.017     1.000
	    (2)     0.092     0.024     1.000
	    (3)     0.092     0.019     1.000
	      :
	  (106)     0.099     0.162     1.000
	  (107)     0.116     0.128     1.000
	------------------------------

	Hyperfine tensor (KEY : Adata)
	------------------------------

	Hyperfine tensor 

	*Aiso : Fermi contact term (MHz) 
	*Adip : Dipolar coupling term (MHz) 

	    idx      Aiso       Axx       Axy       Axz       Ayx       Ayy       Ayz       Azx       Azy       Azz

	    (1)     0.000     0.004     0.000     0.000     0.000    -0.001     0.000     0.000     0.000    -0.003
	    (2)     0.001     0.006    -0.000     0.000    -0.000    -0.003    -0.000     0.000    -0.000    -0.003
	    (3)     0.000     0.004    -0.000     0.000    -0.000    -0.001    -0.000     0.000    -0.000    -0.003
	      :
	  (106)    21.137     5.943     6.176     0.666     6.176    -1.535     0.430     0.666     0.430    -4.409
	  (107)    20.408    -5.280     0.000    -0.000     0.000     9.900     0.985    -0.000     0.985    -4.620

	*Adiag : Diagonalized total Hyperfine tensor (MHz) 

	    idx    Axx(D)    Ayy(D)    Azz(D)

	    (1)    -0.003    -0.002     0.004
	    (2)    -0.003    -0.002     0.007
	    (3)    -0.003    -0.001     0.004
	      :
	  (106)    21.235    20.666    35.154
	  (107)    20.507    19.914    35.161
	------------------------------

	Zero Field splitting tensor (KEY : Ddata)
	------------------------------

	*ZFS : ZFS tensor (MHz) 

	   479.028     0.000     0.000
	     0.000 -2487.100  -720.721
	     0.000  -720.721  2005.257

	Diagonalized ZFS tensor 
	*D_diag : Diagonalized ZFS tensor (MHz) 
	*D_eigvec : Eigenvectors for diagonalized ZFS tensor 

	    idx    Dii(D)  eigvec_x  eigvec_y  eigvec_z

	    (1)   479.028     1.000     0.000     0.000
	    (2)  2118.053     0.000     0.155    -0.988
	    (3) -2599.895     0.000    -0.988    -0.155

	ZFS parameters (MHz) 
	*D : axial component D = 3/2*D_zz (MHz) 
	*E : transverse component E = (D_xx-D_yy)/2 (MHz) 

	   D =  -3899.842
	   E =   -819.512
	------------------------------

	Isotopic data (KEY : isodata)
	------------------------------

	 Atom : { Isotopes : ( S, gyro, eQ, conc) }

	example) 
	 isodata['B']['10B'].s          : spin          (no unit)
	 isodata['B']['11B'].gyro       : gyro          (rad/ms/G)
	 isodata['N']['14N'].q          : eQ            (barn = 10^-28 m^2)
	 isodata['N']['15N'].conc       : concentration (%/100)

	 B : {'10B': (3.0, 2.8747, 0.08459, 0.1990), '11B': (1.5, 8.5847, 0.04059, 0.8010)} 
	 N : {'14N': (1.0, 1.9338, 0.02044, 0.9963), '15N': (0.5, -2.7126, 0.00000, 0.0037)} 


	=========================================
	 READ POSCAR (KEY : poscar or poscarmod) 
	=========================================


	 POSCAR from ./hBN_VB_g99_CONTCAR_PBE (KEY : poscar)
	------------------------------
	 *atom_data : ['B', 'N']
	 *atom_data_num : [53, 54]
	 *unit_cell_information :  

	    idx    frac_x    frac_y    frac_z

	    (1)     0.056     0.167     0.500
	    (2)     0.056     0.500     0.500
	    (3)     0.056     0.833     0.500
	      :
	  (106)     0.442     0.442     0.528
	  (107)     0.500     0.618     0.538


	=========================================
	          MAKE A,Q FILE                     
	=========================================


	 Relative positions from central defect (KEY : relativepos)
	------------------------------

	 *MinDif[A] : [-11.20021056175, -6.53651929727755, -0.4678976069999994]
	 *MaxDif[A] : [9.954568900412392, 6.523939740414789, 0.09793320450000031]
	 *farthest_atoms_idx : [26, 79]
	 *farthest_atom_info : [['B', -11.20021056175, 6.522407919287964, -0.4678976069999994], ['N', -11.20021056175, -5.091035932089767, -0.4678976069999994]]
	 *r_1i (cart) :  

	    idx      atom     r_1ix     r_1iy     r_1iz

	    (1)         B    -9.954    -4.362    -0.468
	    (2)         B    -9.951    -0.009    -0.468
	    (3)         B    -9.954     4.345    -0.468
	      :
	  (106)         N    -1.292    -0.765    -0.049
	  (107)         N     0.000     1.529     0.098

	--- Save files --- 
	Afile : Afile
	Qfile : Qfile


	=========================================
	                 DONE                     
	=========================================

    ____________________________________________________________

    memory_usage_percent  :     6.000 %

    Current memory KB     :    62.824 KB

    Wall clock time       : 0:00:00.236955(s)

    ============================================================
        JOB DONE    
    ============================================================
