

=========================================

		do_mkAQDdata : 

=========================================


./hBN_VB_g92_OUTCAR
./hBN_VB_g92_CONTCAR
VB
hBN_VB_g92_ATensor
hBN_VB_g92_QTensor
None
Read INCAR part in OUTCAR ...
Read A tensor : .TRUE.
Read Q tensor : .TRUE.
Read D tensor : .TRUE.
NGYROMAG : NONE 
QUAD_EFG : NONE 
Read POSCAR(simple) part in OUTCAR ...
 atoms # = 107
 atomic species = ['B', 'N']
Read Quadrupole tensor part in OUTCAR ...
Read Hyperfine tensor part in OUTCAR ...
Read ZFS tensor part in OUTCAR ...
['B', 'N']
atm: B
isotopeData {'10B': (3.0, 2.8747, 0.08459, 0.1990), '11B': (1.5, 8.5847, 0.04059, 0.8010)}
iso B {'10B': (3.0, 2.8747, 0.08459, 0.1990), '11B': (1.5, 8.5847, 0.04059, 0.8010)}
atm: N
isotopeData {'14N': (1.0, 1.9338, 0.02044, 0.9963), '15N': (0.5, -2.7126, 0.00000, 0.0037)}
iso N {'14N': (1.0, 1.9338, 0.02044, 0.9963), '15N': (0.5, -2.7126, 0.00000, 0.0037)}
	Read POSCAR file - ./hBN_VB_g92_CONTCAR
	 --------------------------------------------------



=========================================
 READ OUTCAR (KEY : outcar_spHam) 
=========================================


----------------------------------------
extSpinHamilTensors : 
----------------------------------------

Atomic data from OUTCAR (KEY : atomicdata)
------------------------------
 *atom_data : ['B', 'N']
 *total_atom_num : 107
 *unit_cell_information :  

    idx    frac_x    frac_y    frac_z

    (1)     0.060     0.167     0.500
    (2)     0.060     0.500     0.500
    (3)     0.060     0.833     0.500
      :
  (106)     0.440     0.442     0.673
  (107)     0.500     0.622     0.707

Quadrupole tensor (KEY : Qdata)
------------------------------

*EFG : EFG tensor (V/A^2) 

    idx       Vxx       Vxy       Vxz       Vyx       Vyy       Vyz       Vzx       Vzy       Vzz

    (1)   -17.509     0.238     0.045     0.238   -17.128    -0.003     0.045    -0.003    34.636
    (2)   -17.563     0.279     0.044     0.279   -17.050    -0.002     0.044    -0.002    34.612
    (3)   -17.589     0.233     0.046     0.233   -17.037    -0.003     0.046    -0.003    34.626
      :
  (106)    26.951    21.894     0.681    21.894   -11.317    -2.535     0.681    -2.535   -15.634
  (107)   -23.722    -0.000    -0.000    -0.000    41.200    25.121    -0.000    25.121   -17.478

*EFG_diag : Diagonalized EFG tensor (V/A^2) 

    idx    Vxx(D)    Vyy(D)    Vzz(D)

    (1)   -17.623   -17.014    34.636
    (2)   -17.685   -16.927    34.612
    (3)   -17.674   -16.952    34.626
      :
  (106)   -22.270   -14.627    36.897
  (107)   -26.764   -23.722    50.486

NMR quadrupolar parameters

*Cq  : quadrupolar parameter	Cq=e*Q*V_zz/h (MHz) 
*eta : asymmetry parameters	 (V_yy - V_xx)/ V_zz 
*Q   : nuclear electric quadrupole moment in mb (millibarn = 10^-31 m^2) 

    idx        Cq       eta         q

    (1)     0.084     0.018     1.000
    (2)     0.084     0.022     1.000
    (3)     0.084     0.021     1.000
      :
  (106)     0.089     0.207     1.000
  (107)     0.122     0.060     1.000
------------------------------

Hyperfine tensor (KEY : Adata)
------------------------------

Hyperfine tensor 

*Aiso : Fermi contact term (MHz) 
*Adip : Dipolar coupling term (MHz) 

    idx      Aiso       Axx       Axy       Axz       Ayx       Ayy       Ayz       Azx       Azy       Azz

    (1)    -0.000     0.004     0.001     0.001     0.001    -0.001     0.000     0.001     0.000    -0.003
    (2)     0.001     0.006    -0.000     0.001    -0.000    -0.003    -0.000     0.001    -0.000    -0.003
    (3)    -0.000     0.004    -0.000     0.001    -0.000    -0.001    -0.000     0.001    -0.000    -0.003
      :
  (106)    19.292     4.467     4.780     3.017     4.780    -1.606     1.857     3.017     1.857    -2.861
  (107)    15.642    -5.552    -0.000    -0.000    -0.000     9.668     4.114    -0.000     4.114    -4.116

*Adiag : Diagonalized total Hyperfine tensor (MHz) 

    idx    Axx(D)    Ayy(D)    Azz(D)

    (1)    -0.003    -0.002     0.004
    (2)    -0.002    -0.002     0.007
    (3)    -0.003    -0.001     0.004
      :
  (106)    15.386    14.974    27.515
  (107)    10.392    10.090    26.445
------------------------------

Zero Field splitting tensor (KEY : Ddata)
------------------------------

*ZFS : ZFS tensor (MHz) 

  -289.108     0.000     0.000
     0.000 -1509.871 -1528.843
     0.000 -1528.843  1798.978

Diagonalized ZFS tensor 
*D_diag : Diagonalized ZFS tensor (MHz) 
*D_eigvec : Eigenvectors for diagonalized ZFS tensor 

    idx    Dii(D)  eigvec_x  eigvec_y  eigvec_z

    (1)  -289.108     1.000     0.000     0.000
    (2) -2108.107     0.000    -0.931    -0.364
    (3)  2397.215     0.000    -0.364     0.931

ZFS parameters (MHz) 
*D : axial component D = 3/2*D_zz (MHz) 
*E : transverse component E = (D_xx-D_yy)/2 (MHz) 

   D =   3595.823
   E =    909.500
------------------------------

Isotopic data (KEY : isodata)
------------------------------

 Atom : { Isotopes : ( S, gyro, eQ, conc) }

example) 
 isodata['B']['10B'].s          : spin          (no unit)
 isodata['B']['11B'].gyro       : gyro          (rad/ms/G)
 isodata['N']['14N'].q          : eQ            (barn = 10^-28 m^2)
 isodata['N']['15N'].conc       : concentration (%/100)

 B : {'10B': (3.0, 2.8747, 0.08459, 0.1990), '11B': (1.5, 8.5847, 0.04059, 0.8010)} 
 N : {'14N': (1.0, 1.9338, 0.02044, 0.9963), '15N': (0.5, -2.7126, 0.00000, 0.0037)} 


=========================================
 READ POSCAR (KEY : poscar or poscarmod) 
=========================================


 POSCAR from ./hBN_VB_g92_CONTCAR (KEY : poscar)
------------------------------
 *atom_data : ['B', 'N']
 *atom_data_num : [53, 54]
 *unit_cell_information :  

    idx    frac_x    frac_y    frac_z

    (1)     0.060     0.167     0.500
    (2)     0.060     0.500     0.500
    (3)     0.060     0.833     0.500
      :
  (106)     0.440     0.442     0.673
  (107)     0.500     0.622     0.707


=========================================
          MAKE A,Q FILE          		   
=========================================


 Relative positions from central defect (KEY : relativepos)
------------------------------

 *MinDif[A] : [-10.408277174791213, -6.552466970588501, -2.7711233115000002]
 *MaxDif[A] : [9.165865953737473, 6.507142871341865, 0.33747494700000047]
 *farthest_atoms_idx : [26, 79]
 *farthest_atom_info : [['B', -10.408277174791213, 6.5063444156181225, -2.7711233115000002], ['N', -10.408277174791213, -5.107530142798153, -2.7711233115000002]]
 *r_1i (cart) :  

    idx      atom     r_1ix     r_1iy     r_1iz

    (1)         B    -9.165    -4.378    -2.771
    (2)         B    -9.162    -0.024    -2.771
    (3)         B    -9.164     4.329    -2.771
      :
  (106)         N    -1.255    -0.783    -0.169
  (107)         N    -0.000     1.567     0.337

--- Save files --- 
Afile : hBN_VB_g92_ATensor
Qfile : hBN_VB_g92_QTensor


=========================================
                 DONE          		   
=========================================
