

=========================================

		do_mkAQDdata : 

=========================================


./hBN_VB_t112_OUTCAR
./hBN_VB_t112_CONTCAR
VB
hBN_VB_t112_ATensor
hBN_VB_t112_QTensor
None
Read INCAR part in OUTCAR ...
Read A tensor : .TRUE.
Read Q tensor : .TRUE.
Read D tensor : .TRUE.
NGYROMAG : NONE 
QUAD_EFG : NONE 
Read POSCAR(simple) part in OUTCAR ...
 atoms # = 107
 atomic species = ['B', 'N']
Read Quadrupole tensor part in OUTCAR ...
Read Hyperfine tensor part in OUTCAR ...
Read ZFS tensor part in OUTCAR ...
['B', 'N']
atm: B
isotopeData {'10B': (3.0, 2.8747, 0.08459, 0.1990), '11B': (1.5, 8.5847, 0.04059, 0.8010)}
iso B {'10B': (3.0, 2.8747, 0.08459, 0.1990), '11B': (1.5, 8.5847, 0.04059, 0.8010)}
atm: N
isotopeData {'14N': (1.0, 1.9338, 0.02044, 0.9963), '15N': (0.5, -2.7126, 0.00000, 0.0037)}
iso N {'14N': (1.0, 1.9338, 0.02044, 0.9963), '15N': (0.5, -2.7126, 0.00000, 0.0037)}
	Read POSCAR file - ./hBN_VB_t112_CONTCAR
	 --------------------------------------------------



=========================================
 READ OUTCAR (KEY : outcar_spHam) 
=========================================


----------------------------------------
extSpinHamilTensors : 
----------------------------------------

Atomic data from OUTCAR (KEY : atomicdata)
------------------------------
 *atom_data : ['B', 'N']
 *total_atom_num : 107
 *unit_cell_information :  

    idx    frac_x    frac_y    frac_z

    (1)     0.055     0.165     0.500
    (2)     0.055     0.498     0.500
    (3)     0.055     0.832     0.500
      :
  (106)     0.429     0.442     0.500
  (107)     0.500     0.621     0.500

Quadrupole tensor (KEY : Qdata)
------------------------------

*EFG : EFG tensor (V/A^2) 

    idx       Vxx       Vxy       Vxz       Vyx       Vyy       Vyz       Vzx       Vzy       Vzz

    (1)   -11.599     0.288     0.000     0.288   -19.242    -0.000     0.000    -0.000    30.841
    (2)   -11.642     0.453     0.000     0.453   -19.316     0.000     0.000     0.000    30.958
    (3)   -11.639     0.428    -0.000     0.428   -19.217    -0.000    -0.000    -0.000    30.856
      :
  (106)    18.499    24.124     0.000    24.124    -4.895     0.000     0.000     0.000   -13.604
  (107)    12.644    -0.000    -0.000    -0.000    18.733    -0.000    -0.000    -0.000   -31.377

*EFG_diag : Diagonalized EFG tensor (V/A^2) 

    idx    Vxx(D)    Vyy(D)    Vzz(D)

    (1)   -19.253   -11.588    30.841
    (2)   -19.343   -11.616    30.958
    (3)   -19.241   -11.615    30.856
      :
  (106)   -20.008   -13.604    33.612
  (107)    18.733    12.644   -31.377

NMR quadrupolar parameters

*Cq  : quadrupolar parameter	Cq=e*Q*V_zz/h (MHz) 
*eta : asymmetry parameters	 (V_yy - V_xx)/ V_zz 
*Q   : nuclear electric quadrupole moment in mb (millibarn = 10^-31 m^2) 

    idx        Cq       eta         q

    (1)     0.075     0.249     1.000
    (2)     0.075     0.250     1.000
    (3)     0.075     0.247     1.000
      :
  (106)     0.081     0.191     1.000
  (107)    -0.076     0.194     1.000
------------------------------

Hyperfine tensor (KEY : Adata)
------------------------------

Hyperfine tensor 

*Aiso : Fermi contact term (MHz) 
*Adip : Dipolar coupling term (MHz) 

    idx      Aiso       Axx       Axy       Axz       Ayx       Ayy       Ayz       Azx       Azy       Azz

    (1)    -0.000     0.004     0.000    -0.000     0.000    -0.001     0.000    -0.000     0.000    -0.002
    (2)     0.001     0.005    -0.000    -0.000    -0.000    -0.002    -0.000    -0.000    -0.000    -0.003
    (3)    -0.000     0.004    -0.000     0.000    -0.000    -0.001     0.000     0.000     0.000    -0.002
      :
  (106)    13.495     3.264     6.827     0.000     6.827     1.031     0.000     0.000     0.000    -4.295
  (107)    14.894    -4.638    -0.000    -0.000    -0.000     9.010     0.000    -0.000     0.000    -4.373

*Adiag : Diagonalized total Hyperfine tensor (MHz) 

    idx    Axx(D)    Ayy(D)    Azz(D)

    (1)    -0.003    -0.002     0.004
    (2)    -0.002    -0.001     0.005
    (3)    -0.002    -0.001     0.004
      :
  (106)     9.200     8.724    22.560
  (107)    10.521    10.256    23.904
------------------------------

Zero Field splitting tensor (KEY : Ddata)
------------------------------

*ZFS : ZFS tensor (MHz) 

    46.063     0.000     0.000
     0.000 -1113.421     0.000
     0.000     0.000  1067.357

Diagonalized ZFS tensor 
*D_diag : Diagonalized ZFS tensor (MHz) 
*D_eigvec : Eigenvectors for diagonalized ZFS tensor 

    idx    Dii(D)  eigvec_x  eigvec_y  eigvec_z

    (1)    46.063     1.000     0.000     0.000
    (2)  1067.357     0.000     0.000     1.000
    (3) -1113.421     0.000     1.000     0.000

ZFS parameters (MHz) 
*D : axial component D = 3/2*D_zz (MHz) 
*E : transverse component E = (D_xx-D_yy)/2 (MHz) 

   D =  -1670.131
   E =   -510.647
------------------------------

Isotopic data (KEY : isodata)
------------------------------

 Atom : { Isotopes : ( S, gyro, eQ, conc) }

example) 
 isodata['B']['10B'].s          : spin          (no unit)
 isodata['B']['11B'].gyro       : gyro          (rad/ms/G)
 isodata['N']['14N'].q          : eQ            (barn = 10^-28 m^2)
 isodata['N']['15N'].conc       : concentration (%/100)

 B : {'10B': (3.0, 2.8747, 0.08459, 0.1990), '11B': (1.5, 8.5847, 0.04059, 0.8010)} 
 N : {'14N': (1.0, 1.9338, 0.02044, 0.9963), '15N': (0.5, -2.7126, 0.00000, 0.0037)} 


=========================================
 READ POSCAR (KEY : poscar or poscarmod) 
=========================================


 POSCAR from ./hBN_VB_t112_CONTCAR (KEY : poscar)
------------------------------
 *atom_data : ['B', 'N']
 *atom_data_num : [53, 54]
 *unit_cell_information :  

    idx    frac_x    frac_y    frac_z

    (1)     0.055     0.165     0.500
    (2)     0.055     0.498     0.500
    (3)     0.055     0.832     0.500
      :
  (106)     0.429     0.442     0.500
  (107)     0.500     0.621     0.500


=========================================
          MAKE A,Q FILE          		   
=========================================


 Relative positions from central defect (KEY : relativepos)
------------------------------

 *MinDif[A] : [-12.6709461, -6.380793292293378, 0.0]
 *MaxDif[A] : [11.279606614178883, 6.3486031672976235, 0.0]
 *farthest_atoms_idx : [28, 79]
 *farthest_atom_info : [['B', -12.6709461, 6.335129517205827, 0.0], ['N', -12.6709461, -4.984974333581706, 0.0]]
 *r_1i (cart) :  

    idx      atom     r_1ix     r_1iy     r_1iz

    (1)         B   -11.275    -4.301     0.000
    (2)         B   -11.278    -0.042     0.000
    (3)         B   -11.273     4.211     0.000
      :
  (106)         N    -1.802    -0.762     0.000
  (107)         N     0.000     1.524     0.000

--- Save files --- 
Afile : hBN_VB_t112_ATensor
Qfile : hBN_VB_t112_QTensor


=========================================
                 DONE          		   
=========================================
