
    ============================================================

    <\Summary> make AQ tensor file for CCE calculation


    Latest update :  Wed Mar 22 12:07:36 2023

    Current time  :  Wed Mar 22 12:09:43 2023

    ____________________________________________________________



    Author        : Huijin Park

    note1         : For VASP, you will find error 
    		    if your INCAR file include NGYROMAG
    		    This case need to be considered

    note2         : POSCAR files should include defect information.
    		    Also, Atomic name need to be consistant

    update1       : (2023.02.15) Added key : [33m--addhfcore[0m 
    		    In the case of VASP, 
    		    We should add the core electronic contributions to fermi contact term 
    		    (A_tot = A_1c + A_tot)

    update2       : (2023.03.21) Added key : [33m--fidentify[0m 
    		    The first line of the A file include VASP/QUANTUMESSPRESSO.

    update3       : (2023.03.21) Added key : [33m--version[0m 
    		    You can choose version : v1 or v2 
    		    Previous version : Afile of VASP and QE was the same (The central spin factor was treated) 
    		    New version : Afile of VASP/QE would be the same to the OUTCAR/hyperfine.out result

    update4       : (2023.03.21) Added key : [33m--vertex[0m 
    		    On-going

    ____________________________________________________________


	Input argument : 

	 [1] tool    : VASP
	 [2] fposcar : ./hBN_VB_g98_CONTCAR
	 [3] dfname  : VB


	 opt. --A       : ./hBN_VB_g98_OUTCAR
	 opt. --Q       : ./hBN_VB_g98_OUTCAR
	 opt. --D       : []
	 opt. --dfpos   : []
	 opt. --ignoreatm : []
	 opt. --fidentify : False
	 opt. --addhfcore : True
	 opt. --version : v1
	 opt. --rangeformat : coord


	=========================================

			do_mkAQDdata : 

	=========================================


	Read INCAR part in OUTCAR ...
	Read A tensor : .TRUE.
	Read Q tensor : .TRUE.
	Read D tensor : .TRUE.
	NGYROMAG : NONE 
	QUAD_EFG : NONE 
	Read POSCAR(simple) part in OUTCAR ...
	 atoms # = 107
	 atomic species = ['B', 'N']
	Read Quadrupole tensor part in OUTCAR ...
	Read Hyperfine tensor part in OUTCAR ...
	Read ZFS tensor part in OUTCAR ...
	 ['B', 'N']
	atm: B
	isotopeData {'10B': (3.0, 2.8747, 0.08459, 0.1990), '11B': (1.5, 8.5847, 0.04059, 0.8010)}
	iso B {'10B': (3.0, 2.8747, 0.08459, 0.1990), '11B': (1.5, 8.5847, 0.04059, 0.8010)}
	atm: N
	isotopeData {'14N': (1.0, 1.9338, 0.02044, 0.9963), '15N': (0.5, -2.7126, 0.00000, 0.0037)}
	iso N {'14N': (1.0, 1.9338, 0.02044, 0.9963), '15N': (0.5, -2.7126, 0.00000, 0.0037)}
[['10B', 0.6002149999999999], ['11B', 1.7924326000000004], ['14N', 0.403761], ['15N', -0.56637768]]



	=========================================
	 READ OUTCAR (KEY : outcar_spHam) 
	=========================================


	----------------------------------------
	extSpinHamilTensors : 
	----------------------------------------

	Atomic data from OUTCAR (KEY : atomicdata)
	------------------------------
	 *atom_data : ['B', 'N']
	 *total_atom_num : 107
	 *unit_cell_information :  

	    idx    frac_x    frac_y    frac_z

	    (1)     0.056     0.167     0.500
	    (2)     0.056     0.500     0.500
	    (3)     0.056     0.833     0.500
	      :
	  (106)     0.444     0.442     0.565
	  (107)     0.500     0.618     0.588

	Quadrupole tensor (KEY : Qdata)
	------------------------------

	*EFG : EFG tensor (V/A^2) 

	    idx       Vxx       Vxy       Vxz       Vyx       Vyy       Vyz       Vzx       Vzy       Vzz

	    (1)   -19.169     0.290     0.016     0.290   -18.867    -0.002     0.016    -0.002    38.036
	    (2)   -19.262     0.399     0.016     0.399   -18.760    -0.002     0.016    -0.002    38.022
	    (3)   -19.280     0.275     0.017     0.275   -18.759    -0.002     0.017    -0.002    38.039
	      :
	  (106)    23.704    25.398     2.244    25.398    -9.258     0.917     2.244     0.917   -14.446
	  (107)   -28.066     0.000    -0.000     0.000    51.100    19.707    -0.000    19.707   -23.034

	*EFG_diag : Diagonalized EFG tensor (V/A^2) 

	    idx    Vxx(D)    Vyy(D)    Vzz(D)

	    (1)   -19.345   -18.691    38.036
	    (2)   -19.482   -18.540    38.022
	    (3)   -19.399   -18.640    38.039
	      :
	  (106)   -23.062   -14.550    37.612
	  (107)   -28.066   -27.947    56.013

	NMR quadrupolar parameters

	*Cq  : quadrupolar parameter    Cq=e*Q*V_zz/h (MHz) 
	*eta : asymmetry parameters     (V_yy - V_xx)/ V_zz 
	*Q   : nuclear electric quadrupole moment in mb (millibarn = 10^-31 m^2) 

	    idx        Cq       eta         q

	    (1)     0.092     0.017     1.000
	    (2)     0.092     0.025     1.000
	    (3)     0.092     0.020     1.000
	      :
	  (106)     0.091     0.226     1.000
	  (107)     0.135     0.002     1.000
	------------------------------

	Hyperfine tensor (KEY : Adata)
	------------------------------

	Hyperfine tensor 

	*Aiso : Fermi contact term (MHz) 
	*Adip : Dipolar coupling term (MHz) 

	    idx      Aiso       Axx       Axy       Axz       Ayx       Ayy       Ayz       Azx       Azy       Azz

	    (1)     0.000     0.004     0.000     0.000     0.000    -0.001     0.000     0.000     0.000    -0.003
	    (2)     0.001     0.006    -0.000     0.000    -0.000    -0.003    -0.000     0.000    -0.000    -0.003
	    (3)     0.000     0.004    -0.000     0.000    -0.000    -0.001    -0.000     0.000    -0.000    -0.003
	      :
	  (106)    21.294     5.688     5.771     1.494     5.771    -1.645     0.944     1.494     0.944    -4.044
	  (107)    18.215    -5.632     0.000    -0.000     0.000    10.337     2.395    -0.000     2.395    -4.705

	*Adiag : Diagonalized total Hyperfine tensor (MHz) 

	    idx    Axx(D)    Ayy(D)    Azz(D)

	    (1)    -0.003    -0.002     0.004
	    (2)    -0.003    -0.002     0.007
	    (3)    -0.003    -0.001     0.004
	      :
	  (106)    21.398    20.822    34.754
	  (107)    18.303    17.749    34.089
	------------------------------

	Zero Field splitting tensor (KEY : Ddata)
	------------------------------

	*ZFS : ZFS tensor (MHz) 

	  1028.378     0.000     0.000
	     0.000 -3001.918 -1699.673
	     0.000 -1699.673  1971.251

	Diagonalized ZFS tensor 
	*D_diag : Diagonalized ZFS tensor (MHz) 
	*D_eigvec : Eigenvectors for diagonalized ZFS tensor 

	    idx    Dii(D)  eigvec_x  eigvec_y  eigvec_z

	    (1)  1028.378     1.000     0.000     0.000
	    (2)  2496.641     0.000     0.295    -0.955
	    (3) -3527.308     0.000    -0.955    -0.295

	ZFS parameters (MHz) 
	*D : axial component D = 3/2*D_zz (MHz) 
	*E : transverse component E = (D_xx-D_yy)/2 (MHz) 

	   D =  -5290.962
	   E =   -734.132
	------------------------------

	Isotopic data (KEY : isodata)
	------------------------------

	 Atom : { Isotopes : ( S, gyro, eQ, conc) }

	example) 
	 isodata['B']['10B'].s          : spin          (no unit)
	 isodata['B']['11B'].gyro       : gyro          (rad/ms/G)
	 isodata['N']['14N'].q          : eQ            (barn = 10^-28 m^2)
	 isodata['N']['15N'].conc       : concentration (%/100)

	 B : {'10B': (3.0, 2.8747, 0.08459, 0.1990), '11B': (1.5, 8.5847, 0.04059, 0.8010)} 
	 N : {'14N': (1.0, 1.9338, 0.02044, 0.9963), '15N': (0.5, -2.7126, 0.00000, 0.0037)} 


	=========================================
	 READ POSCAR (KEY : poscar or poscarmod) 
	=========================================


	 POSCAR from ./hBN_VB_g98_CONTCAR (KEY : poscar)
	------------------------------
	 *atom_data : ['B', 'N']
	 *atom_data_num : [53, 54]
	 *unit_cell_information :  

	    idx    frac_x    frac_y    frac_z

	    (1)     0.056     0.167     0.500
	    (2)     0.056     0.500     0.500
	    (3)     0.056     0.833     0.500
	      :
	  (106)     0.444     0.442     0.565
	  (107)     0.500     0.618     0.588


	=========================================
	          MAKE A,Q FILE                     
	=========================================


	 Relative positions from central defect (KEY : relativepos)
	------------------------------

	 *MinDif[A] : [-10.994319229121611, -6.482453989106474, -1.091433736499999]
	 *MaxDif[A] : [9.761100776358841, 5.7446497924223765, 0.22781786850000252]
	 *farthest_atoms_idx : [26, 79]
	 *farthest_atom_info : [['B', -10.994319229121611, -6.482453989106474, -1.091433736499999], ['N', -10.994319229121611, -5.046514341160266, -1.091433736499999]]
	 *r_1i (cart) :  

	    idx      atom     r_1ix     r_1iy     r_1iz

	    (1)         B    -9.759    -4.325    -1.091
	    (2)         B    -9.757    -0.012    -1.091
	    (3)         B    -9.760     4.301    -1.091
	      :
	  (106)         N    -1.241    -0.758    -0.114
	  (107)         N    -0.000     1.515     0.228

	--- Save files --- 
	Afile : Afile
	Qfile : Qfile


	=========================================
	                 DONE                     
	=========================================

    ____________________________________________________________

    memory_usage_percent  :     5.800 %

    Current memory KB     :    62.488 KB

    Wall clock time       : 0:00:00.235604(s)

    ============================================================
        JOB DONE    
    ============================================================
