
    ============================================================

    <\Summary> make AQ tensor file for CCE calculation


    Latest update :  Wed Mar 22 14:34:07 2023

    Current time  :  Thu Mar 30 09:03:45 2023

    ____________________________________________________________



    Author        : Huijin Park

    note1         : For VASP, you will find error 
    		    if your INCAR file include NGYROMAG
    		    This case need to be considered

    note2         : POSCAR files should include defect information.
    		    Also, Atomic name need to be consistant

    update1       : (2023.02.15) Added key : [33m--addhfcore[0m 
    		    In the case of VASP, 
    		    We should add the core electronic contributions to fermi contact term 
    		    (A_tot = A_1c + A_tot)

    update2       : (2023.03.21) Added key : [33m--fidentify[0m 
    		    The first line of the A file include VASP/QUANTUMESSPRESSO.

    update3       : (2023.03.21) Added key : [33m--version[0m 
    		    You can choose version : v1 or v2 
    		    Previous version : Afile of VASP and QE was the same (The central spin factor was treated) 
    		    New version : Afile of VASP/QE would be the same to the OUTCAR/hyperfine.out result

    update4       : (2023.03.21) Added key : [33m--vertex[0m 
    		    You can convert the format of cell' range from relative coordinate to vertex

    ____________________________________________________________


	Input argument : 

	 [1] tool    : VASP
	 [2] fposcar : ./hBN_VB_g98_CONTCAR
	 [3] dfname  : VB


	 opt. --A       : ./hBN_VB_g98_OUTCAR
	 opt. --Q       : ./hBN_VB_g98_OUTCAR
	 opt. --D       : []
	 opt. --dfpos   : []
	 opt. --ignoreatm : []
	 opt. --fidentify : False
	 opt. --addhfcore : True
	 opt. --version : v1
	 opt. --rangeformat : coord


	=========================================

			do_mkAQDdata : 

	=========================================


	Read INCAR part in OUTCAR ...
	Read A tensor : .TRUE.
	Read Q tensor : .TRUE.
	Read D tensor : .TRUE.
	NGYROMAG : NONE 
	QUAD_EFG : NONE 
	Read POSCAR(simple) part in OUTCAR ...
	 atoms # = 107
	 atomic species = ['B', 'N']
	Read Quadrupole tensor part in OUTCAR ...
	Read Hyperfine tensor part in OUTCAR ...
	Read ZFS tensor part in OUTCAR ...
	 ['B', 'N']
	atm: B
	isotopeData {'10B': (3.0, 2.8747, 0.08459, 0.1990), '11B': (1.5, 8.5847, 0.04059, 0.8010)}
	iso B {'10B': (3.0, 2.8747, 0.08459, 0.1990), '11B': (1.5, 8.5847, 0.04059, 0.8010)}
	atm: N
	isotopeData {'14N': (1.0, 1.9338, 0.02044, 0.9963), '15N': (0.5, -2.7126, 0.00000, 0.0037)}
	iso N {'14N': (1.0, 1.9338, 0.02044, 0.9963), '15N': (0.5, -2.7126, 0.00000, 0.0037)}
[['10B', 0.6002149999999999], ['11B', 1.7924326000000004], ['14N', 0.403761], ['15N', -0.56637768]]



	=========================================
	 READ OUTCAR (KEY : outcar_spHam) 
	=========================================


	----------------------------------------
	extSpinHamilTensors : 
	----------------------------------------

	Atomic data from OUTCAR (KEY : atomicdata)
	------------------------------
	 *atom_data : ['B', 'N']
	 *total_atom_num : 107
	 *unit_cell_information :  

	    idx    frac_x    frac_y    frac_z

	    (1)     0.056     0.167     0.500
	    (2)     0.056     0.500     0.500
	    (3)     0.056     0.833     0.500
	      :
	  (106)     0.443     0.442     0.566
	  (107)     0.500     0.619     0.588

	Quadrupole tensor (KEY : Qdata)
	------------------------------

	*EFG : EFG tensor (V/A^2) 

	    idx       Vxx       Vxy       Vxz       Vyx       Vyy       Vyz       Vzx       Vzy       Vzz

	    (1)   -17.560     0.266     0.017     0.266   -17.072    -0.001     0.017    -0.001    34.632
	    (2)   -17.646     0.374     0.016     0.374   -16.984    -0.001     0.016    -0.001    34.630
	    (3)   -17.661     0.232     0.017     0.232   -16.973    -0.001     0.017    -0.001    34.634
	      :
	  (106)    20.490    23.489     2.132    23.489    -8.329     1.157     2.132     1.157   -12.161
	  (107)   -24.337     0.000    -0.000     0.000    39.290    17.129    -0.000    17.129   -14.953

	*EFG_diag : Diagonalized EFG tensor (V/A^2) 

	    idx    Vxx(D)    Vyy(D)    Vzz(D)

	    (1)   -17.677   -16.955    34.632
	    (2)   -17.814   -16.815    34.630
	    (3)   -17.732   -16.902    34.634
	      :
	  (106)   -21.477   -12.289    33.765
	  (107)   -24.337   -19.909    44.247

	NMR quadrupolar parameters

	*Cq  : quadrupolar parameter    Cq=e*Q*V_zz/h (MHz) 
	*eta : asymmetry parameters     (V_yy - V_xx)/ V_zz 
	*Q   : nuclear electric quadrupole moment in mb (millibarn = 10^-31 m^2) 

	    idx        Cq       eta         q

	    (1)     0.084     0.021     1.000
	    (2)     0.084     0.029     1.000
	    (3)     0.084     0.024     1.000
	      :
	  (106)     0.082     0.272     1.000
	  (107)     0.107     0.100     1.000
	------------------------------

	Hyperfine tensor (KEY : Adata)
	------------------------------

	Hyperfine tensor 

	*Aiso : Fermi contact term (MHz) 
	*Adip : Dipolar coupling term (MHz) 

	    idx      Aiso       Axx       Axy       Axz       Ayx       Ayy       Ayz       Azx       Azy       Azz

	    (1)     0.000     0.004     0.000     0.000     0.000    -0.001     0.000     0.000     0.000    -0.003
	    (2)     0.001     0.006    -0.000     0.000    -0.000    -0.003    -0.000     0.000    -0.000    -0.003
	    (3)     0.000     0.004    -0.000     0.000    -0.000    -0.001    -0.000     0.000    -0.000    -0.003
	      :
	  (106)    16.669     5.480     5.626     1.570     5.626    -1.492     0.987     1.570     0.987    -3.989
	  (107)    14.432    -5.032    -0.000    -0.000    -0.000     9.397     2.031    -0.000     2.031    -4.364

	*Adiag : Diagonalized total Hyperfine tensor (MHz) 

	    idx    Axx(D)    Ayy(D)    Azz(D)

	    (1)    -0.003    -0.002     0.004
	    (2)    -0.002    -0.002     0.007
	    (3)    -0.003    -0.001     0.004
	      :
	  (106)    16.637    16.219    29.747
	  (107)    14.373    13.998    28.720
	------------------------------

	Zero Field splitting tensor (KEY : Ddata)
	------------------------------

	*ZFS : ZFS tensor (MHz) 

	  -780.888     0.000     0.000
	     0.000 -1079.628  -909.827
	     0.000  -909.827  1860.515

	Diagonalized ZFS tensor 
	*D_diag : Diagonalized ZFS tensor (MHz) 
	*D_eigvec : Eigenvectors for diagonalized ZFS tensor 

	    idx    Dii(D)  eigvec_x  eigvec_y  eigvec_z

	    (1)  -780.888     1.000     0.000     0.000
	    (2) -1338.398     0.000    -0.962    -0.274
	    (3)  2119.286     0.000    -0.274     0.962

	ZFS parameters (MHz) 
	*D : axial component D = 3/2*D_zz (MHz) 
	*E : transverse component E = (D_xx-D_yy)/2 (MHz) 

	   D =   3178.929
	   E =    278.755
	------------------------------

	Isotopic data (KEY : isodata)
	------------------------------

	 Atom : { Isotopes : ( S, gyro, eQ, conc) }

	example) 
	 isodata['B']['10B'].s          : spin          (no unit)
	 isodata['B']['11B'].gyro       : gyro          (rad/ms/G)
	 isodata['N']['14N'].q          : eQ            (barn = 10^-28 m^2)
	 isodata['N']['15N'].conc       : concentration (%/100)

	 B : {'10B': (3.0, 2.8747, 0.08459, 0.1990), '11B': (1.5, 8.5847, 0.04059, 0.8010)} 
	 N : {'14N': (1.0, 1.9338, 0.02044, 0.9963), '15N': (0.5, -2.7126, 0.00000, 0.0037)} 


	=========================================
	 READ POSCAR (KEY : poscar or poscarmod) 
	=========================================


	 POSCAR from ./hBN_VB_g98_CONTCAR (KEY : poscar)
	------------------------------
	 *atom_data : ['B', 'N']
	 *atom_data_num : [53, 54]
	 *unit_cell_information :  

	    idx    frac_x    frac_y    frac_z

	    (1)     0.056     0.167     0.500
	    (2)     0.056     0.500     0.500
	    (3)     0.056     0.833     0.500
	      :
	  (106)     0.443     0.442     0.566
	  (107)     0.500     0.619     0.588


	=========================================
	          MAKE A,Q FILE                     
	=========================================


	 Relative positions from central defect (KEY : relativepos)
	------------------------------

	 *MinDif[A] : [-11.087077860099336, -6.540529806045683, -1.0990078184999987]
	 *MaxDif[A] : [9.843799310262094, 6.519594544131035, 0.21802938300000108]
	 *farthest_atoms_idx : [26, 79]
	 *farthest_atom_info : [['B', -11.087077860099336, 6.518126389400624, -1.0990078184999987], ['N', -11.087077860099336, -5.0958260929434696, -1.0990078184999987]]
	 *r_1i (cart) :  

	    idx      atom     r_1ix     r_1iy     r_1iz

	    (1)         B    -9.843    -4.367    -1.099
	    (2)         B    -9.840    -0.014    -1.099
	    (3)         B    -9.843     4.340    -1.099
	      :
	  (106)         N    -1.274    -0.769    -0.109
	  (107)         N    -0.000     1.539     0.218

	--- Save files --- 
	Afile : Afile
	Qfile : Qfile


	=========================================
	                 DONE                     
	=========================================

    ____________________________________________________________

    memory_usage_percent  :     4.900 %

    Current memory KB     :    62.492 KB

    Wall clock time       : 0:00:00.235772(s)

    ============================================================
        JOB DONE    
    ============================================================
