

=========================================

		do_mkAQDdata : 

=========================================


./hBN_VB_t102_OUTCAR
./hBN_VB_t102_CONTCAR
VB
hBN_VB_t102_ATensor
hBN_VB_t102_QTensor
None
Read INCAR part in OUTCAR ...
Read A tensor : .TRUE.
Read Q tensor : .TRUE.
Read D tensor : .TRUE.
NGYROMAG : NONE 
QUAD_EFG : NONE 
Read POSCAR(simple) part in OUTCAR ...
 atoms # = 107
 atomic species = ['B', 'N']
Read Quadrupole tensor part in OUTCAR ...
Read Hyperfine tensor part in OUTCAR ...
Read ZFS tensor part in OUTCAR ...
['B', 'N']
atm: B
isotopeData {'10B': (3.0, 2.8747, 0.08459, 0.1990), '11B': (1.5, 8.5847, 0.04059, 0.8010)}
iso B {'10B': (3.0, 2.8747, 0.08459, 0.1990), '11B': (1.5, 8.5847, 0.04059, 0.8010)}
atm: N
isotopeData {'14N': (1.0, 1.9338, 0.02044, 0.9963), '15N': (0.5, -2.7126, 0.00000, 0.0037)}
iso N {'14N': (1.0, 1.9338, 0.02044, 0.9963), '15N': (0.5, -2.7126, 0.00000, 0.0037)}
	Read POSCAR file - ./hBN_VB_t102_CONTCAR
	 --------------------------------------------------



=========================================
 READ OUTCAR (KEY : outcar_spHam) 
=========================================


----------------------------------------
extSpinHamilTensors : 
----------------------------------------

Atomic data from OUTCAR (KEY : atomicdata)
------------------------------
 *atom_data : ['B', 'N']
 *total_atom_num : 107
 *unit_cell_information :  

    idx    frac_x    frac_y    frac_z

    (1)     0.055     0.166     0.500
    (2)     0.055     0.499     0.500
    (3)     0.056     0.833     0.500
      :
  (106)     0.439     0.442     0.500
  (107)     0.500     0.618     0.500

Quadrupole tensor (KEY : Qdata)
------------------------------

*EFG : EFG tensor (V/A^2) 

    idx       Vxx       Vxy       Vxz       Vyx       Vyy       Vyz       Vzx       Vzy       Vzz

    (1)   -16.541     0.247     0.000     0.247   -17.264     0.000     0.000     0.000    33.805
    (2)   -16.631     0.342     0.000     0.342   -17.230    -0.000     0.000    -0.000    33.861
    (3)   -16.652     0.302     0.000     0.302   -17.168     0.000     0.000     0.000    33.820
      :
  (106)    21.957    26.089    -0.000    26.089    -6.925    -0.000    -0.000    -0.000   -15.032
  (107)   -14.787    -0.000    -0.000    -0.000    31.158     0.000    -0.000     0.000   -16.371

*EFG_diag : Diagonalized EFG tensor (V/A^2) 

    idx    Vxx(D)    Vyy(D)    Vzz(D)

    (1)   -17.340   -16.465    33.805
    (2)   -17.385   -16.476    33.861
    (3)   -17.307   -16.513    33.820
      :
  (106)   -22.303   -15.032    37.335
  (107)   -16.371   -14.787    31.158

NMR quadrupolar parameters

*Cq  : quadrupolar parameter	Cq=e*Q*V_zz/h (MHz) 
*eta : asymmetry parameters	 (V_yy - V_xx)/ V_zz 
*Q   : nuclear electric quadrupole moment in mb (millibarn = 10^-31 m^2) 

    idx        Cq       eta         q

    (1)     0.082     0.026     1.000
    (2)     0.082     0.027     1.000
    (3)     0.082     0.023     1.000
      :
  (106)     0.090     0.195     1.000
  (107)     0.075     0.051     1.000
------------------------------

Hyperfine tensor (KEY : Adata)
------------------------------

Hyperfine tensor 

*Aiso : Fermi contact term (MHz) 
*Adip : Dipolar coupling term (MHz) 

    idx      Aiso       Axx       Axy       Axz       Ayx       Ayy       Ayz       Azx       Azy       Azz

    (1)    -0.000     0.004     0.000     0.000     0.000    -0.001     0.000     0.000     0.000    -0.003
    (2)     0.001     0.006    -0.000     0.000    -0.000    -0.003     0.000     0.000     0.000    -0.003
    (3)    -0.000     0.004    -0.000     0.000    -0.000    -0.001     0.000     0.000     0.000    -0.003
      :
  (106)    18.818     5.271     6.307     0.000     6.307    -0.877     0.000     0.000     0.000    -4.394
  (107)    19.121    -4.738    -0.000    -0.000    -0.000     9.109     0.000    -0.000     0.000    -4.371

*Adiag : Diagonalized total Hyperfine tensor (MHz) 

    idx    Axx(D)    Ayy(D)    Azz(D)

    (1)    -0.003    -0.002     0.004
    (2)    -0.002    -0.002     0.007
    (3)    -0.003    -0.001     0.004
      :
  (106)    14.423    13.999    28.031
  (107)    14.750    14.383    28.230
------------------------------

Zero Field splitting tensor (KEY : Ddata)
------------------------------

*ZFS : ZFS tensor (MHz) 

  -661.137     0.000     0.000
     0.000  -983.445     0.000
     0.000     0.000  1644.582

Diagonalized ZFS tensor 
*D_diag : Diagonalized ZFS tensor (MHz) 
*D_eigvec : Eigenvectors for diagonalized ZFS tensor 

    idx    Dii(D)  eigvec_x  eigvec_y  eigvec_z

    (1)  -661.137     1.000     0.000     0.000
    (2)  -983.445     0.000     1.000     0.000
    (3)  1644.582     0.000     0.000     1.000

ZFS parameters (MHz) 
*D : axial component D = 3/2*D_zz (MHz) 
*E : transverse component E = (D_xx-D_yy)/2 (MHz) 

   D =   2466.873
   E =    161.154
------------------------------

Isotopic data (KEY : isodata)
------------------------------

 Atom : { Isotopes : ( S, gyro, eQ, conc) }

example) 
 isodata['B']['10B'].s          : spin          (no unit)
 isodata['B']['11B'].gyro       : gyro          (rad/ms/G)
 isodata['N']['14N'].q          : eQ            (barn = 10^-28 m^2)
 isodata['N']['15N'].conc       : concentration (%/100)

 B : {'10B': (3.0, 2.8747, 0.08459, 0.1990), '11B': (1.5, 8.5847, 0.04059, 0.8010)} 
 N : {'14N': (1.0, 1.9338, 0.02044, 0.9963), '15N': (0.5, -2.7126, 0.00000, 0.0037)} 


=========================================
 READ POSCAR (KEY : poscar or poscarmod) 
=========================================


 POSCAR from ./hBN_VB_t102_CONTCAR (KEY : poscar)
------------------------------
 *atom_data : ['B', 'N']
 *atom_data_num : [53, 54]
 *unit_cell_information :  

    idx    frac_x    frac_y    frac_z

    (1)     0.055     0.166     0.500
    (2)     0.055     0.499     0.500
    (3)     0.056     0.833     0.500
      :
  (106)     0.439     0.442     0.500
  (107)     0.500     0.618     0.500


=========================================
          MAKE A,Q FILE          		   
=========================================


 Relative positions from central defect (KEY : relativepos)
------------------------------

 *MinDif[A] : [-11.53961145, -6.497357259853222, 0.0]
 *MaxDif[A] : [10.261152557376887, 6.489221535415501, 0.0]
 *farthest_atoms_idx : [28, 79]
 *farthest_atom_info : [['B', -11.53961145, 6.48123798778799, 0.0], ['N', -11.53961145, -5.06146403007801, 0.0]]
 *r_1i (cart) :  

    idx      atom     r_1ix     r_1iy     r_1iz

    (1)         B   -10.259    -4.346     0.000
    (2)         B   -10.260    -0.014     0.000
    (3)         B   -10.258     4.316     0.000
      :
  (106)         N    -1.404    -0.761     0.000
  (107)         N     0.000     1.521     0.000

--- Save files --- 
Afile : hBN_VB_t102_ATensor
Qfile : hBN_VB_t102_QTensor


=========================================
                 DONE          		   
=========================================
