
    ============================================================

    <\Summary> make AQ tensor file for CCE calculation


    Latest update :  Wed Mar 22 14:34:07 2023

    Current time  :  Fri Mar 24 13:10:02 2023

    ____________________________________________________________



    Author        : Huijin Park

    note1         : For VASP, you will find error 
    		    if your INCAR file include NGYROMAG
    		    This case need to be considered

    note2         : POSCAR files should include defect information.
    		    Also, Atomic name need to be consistant

    update1       : (2023.02.15) Added key : [33m--addhfcore[0m 
    		    In the case of VASP, 
    		    We should add the core electronic contributions to fermi contact term 
    		    (A_tot = A_1c + A_tot)

    update2       : (2023.03.21) Added key : [33m--fidentify[0m 
    		    The first line of the A file include VASP/QUANTUMESSPRESSO.

    update3       : (2023.03.21) Added key : [33m--version[0m 
    		    You can choose version : v1 or v2 
    		    Previous version : Afile of VASP and QE was the same (The central spin factor was treated) 
    		    New version : Afile of VASP/QE would be the same to the OUTCAR/hyperfine.out result

    update4       : (2023.03.21) Added key : [33m--vertex[0m 
    		    You can convert the format of cell' range from relative coordinate to vertex

    ____________________________________________________________


	Input argument : 

	 [1] tool    : VASP
	 [2] fposcar : ./hBN_VB_flat_CONTCAR_PBE
	 [3] dfname  : VB


	 opt. --A       : ./hBN_VB_flat_OUTCAR_HSE
	 opt. --Q       : ./hBN_VB_flat_OUTCAR_HSE
	 opt. --D       : []
	 opt. --dfpos   : []
	 opt. --ignoreatm : []
	 opt. --fidentify : False
	 opt. --addhfcore : True
	 opt. --version : v1
	 opt. --rangeformat : coord


	=========================================

			do_mkAQDdata : 

	=========================================


	Read INCAR part in OUTCAR ...
	Read A tensor : .TRUE.
	Read Q tensor : .TRUE.
	Read D tensor : .TRUE.
	NGYROMAG : NONE 
	QUAD_EFG : NONE 
	Read POSCAR(simple) part in OUTCAR ...
	 atoms # = 107
	 atomic species = ['B', 'N']
	Read Quadrupole tensor part in OUTCAR ...
	Read Hyperfine tensor part in OUTCAR ...
	Read ZFS tensor part in OUTCAR ...
	 ['B', 'N']
	atm: B
	isotopeData {'10B': (3.0, 2.8747, 0.08459, 0.1990), '11B': (1.5, 8.5847, 0.04059, 0.8010)}
	iso B {'10B': (3.0, 2.8747, 0.08459, 0.1990), '11B': (1.5, 8.5847, 0.04059, 0.8010)}
	atm: N
	isotopeData {'14N': (1.0, 1.9338, 0.02044, 0.9963), '15N': (0.5, -2.7126, 0.00000, 0.0037)}
	iso N {'14N': (1.0, 1.9338, 0.02044, 0.9963), '15N': (0.5, -2.7126, 0.00000, 0.0037)}
[['10B', 0.6002149999999999], ['11B', 1.7924326000000004], ['14N', 0.403761], ['15N', -0.56637768]]



	=========================================
	 READ OUTCAR (KEY : outcar_spHam) 
	=========================================


	----------------------------------------
	extSpinHamilTensors : 
	----------------------------------------

	Atomic data from OUTCAR (KEY : atomicdata)
	------------------------------
	 *atom_data : ['B', 'N']
	 *total_atom_num : 107
	 *unit_cell_information :  

	    idx    frac_x    frac_y    frac_z

	    (1)     0.056     0.166     0.500
	    (2)     0.056     0.500     0.500
	    (3)     0.056     0.833     0.500
	      :
	  (106)     0.441     0.442     0.500
	  (107)     0.500     0.617     0.500

	Quadrupole tensor (KEY : Qdata)
	------------------------------

	*EFG : EFG tensor (V/A^2) 

	    idx       Vxx       Vxy       Vxz       Vyx       Vyy       Vyz       Vzx       Vzy       Vzz

	    (1)   -18.912     0.268    -0.000     0.268   -18.825     0.000    -0.000     0.000    37.738
	    (2)   -19.023     0.399     0.000     0.399   -18.720    -0.000     0.000    -0.000    37.743
	    (3)   -19.020     0.259    -0.000     0.259   -18.726    -0.000    -0.000    -0.000    37.746
	      :
	  (106)    26.269    29.211    -0.000    29.211    -7.178    -0.000    -0.000    -0.000   -19.091
	  (107)   -23.995     0.000    -0.000     0.000    43.200     0.000    -0.000     0.000   -19.204

	*EFG_diag : Diagonalized EFG tensor (V/A^2) 

	    idx    Vxx(D)    Vyy(D)    Vzz(D)

	    (1)   -19.140   -18.597    37.738
	    (2)   -19.298   -18.444    37.743
	    (3)   -19.171   -18.575    37.746
	      :
	  (106)   -24.114   -19.091    43.205
	  (107)   -23.995   -19.204    43.200

	NMR quadrupolar parameters

	*Cq  : quadrupolar parameter    Cq=e*Q*V_zz/h (MHz) 
	*eta : asymmetry parameters     (V_yy - V_xx)/ V_zz 
	*Q   : nuclear electric quadrupole moment in mb (millibarn = 10^-31 m^2) 

	    idx        Cq       eta         q

	    (1)     0.091     0.014     1.000
	    (2)     0.091     0.023     1.000
	    (3)     0.091     0.016     1.000
	      :
	  (106)     0.104     0.116     1.000
	  (107)     0.104     0.111     1.000
	------------------------------

	Hyperfine tensor (KEY : Adata)
	------------------------------

	Hyperfine tensor 

	*Aiso : Fermi contact term (MHz) 
	*Adip : Dipolar coupling term (MHz) 

	    idx      Aiso       Axx       Axy       Axz       Ayx       Ayy       Ayz       Azx       Azy       Azz

	    (1)     0.000     0.004     0.000     0.000     0.000    -0.001     0.000     0.000     0.000    -0.003
	    (2)     0.001     0.006    -0.000     0.000    -0.000    -0.003    -0.000     0.000    -0.000    -0.003
	    (3)     0.000     0.004    -0.000     0.000    -0.000    -0.001    -0.000     0.000    -0.000    -0.003
	      :
	  (106)    20.337     5.927     6.402     0.000     6.402    -1.399     0.000     0.000     0.000    -4.528
	  (107)    20.343    -5.131    -0.000    -0.000    -0.000     9.672     0.000    -0.000     0.000    -4.541

	*Adiag : Diagonalized total Hyperfine tensor (MHz) 

	    idx    Axx(D)    Ayy(D)    Azz(D)

	    (1)    -0.003    -0.002     0.004
	    (2)    -0.003    -0.002     0.007
	    (3)    -0.003    -0.001     0.004
	      :
	  (106)    20.448    19.863    34.615
	  (107)    20.458    19.868    34.671
	------------------------------

	Zero Field splitting tensor (KEY : Ddata)
	------------------------------

	*ZFS : ZFS tensor (MHz) 

	  -831.641     0.000     0.000
	     0.000  -960.081     0.000
	     0.000     0.000  1789.501

	Diagonalized ZFS tensor 
	*D_diag : Diagonalized ZFS tensor (MHz) 
	*D_eigvec : Eigenvectors for diagonalized ZFS tensor 

	    idx    Dii(D)  eigvec_x  eigvec_y  eigvec_z

	    (1)  -831.641     1.000     0.000     0.000
	    (2)  -960.081     0.000     1.000     0.000
	    (3)  1789.501     0.000     0.000     1.000

	ZFS parameters (MHz) 
	*D : axial component D = 3/2*D_zz (MHz) 
	*E : transverse component E = (D_xx-D_yy)/2 (MHz) 

	   D =   2684.251
	   E =     64.220
	------------------------------

	Isotopic data (KEY : isodata)
	------------------------------

	 Atom : { Isotopes : ( S, gyro, eQ, conc) }

	example) 
	 isodata['B']['10B'].s          : spin          (no unit)
	 isodata['B']['11B'].gyro       : gyro          (rad/ms/G)
	 isodata['N']['14N'].q          : eQ            (barn = 10^-28 m^2)
	 isodata['N']['15N'].conc       : concentration (%/100)

	 B : {'10B': (3.0, 2.8747, 0.08459, 0.1990), '11B': (1.5, 8.5847, 0.04059, 0.8010)} 
	 N : {'14N': (1.0, 1.9338, 0.02044, 0.9963), '15N': (0.5, -2.7126, 0.00000, 0.0037)} 


	=========================================
	 READ POSCAR (KEY : poscar or poscarmod) 
	=========================================


	 POSCAR from ./hBN_VB_flat_CONTCAR_PBE (KEY : poscar)
	------------------------------
	 *atom_data : ['B', 'N']
	 *atom_data_num : [53, 54]
	 *unit_cell_information :  

	    idx    frac_x    frac_y    frac_z

	    (1)     0.056     0.166     0.500
	    (2)     0.056     0.500     0.500
	    (3)     0.056     0.833     0.500
	      :
	  (106)     0.441     0.442     0.500
	  (107)     0.500     0.617     0.500


	=========================================
	          MAKE A,Q FILE                     
	=========================================


	 Relative positions from central defect (KEY : relativepos)
	------------------------------

	 *MinDif[A] : [-11.31334400175, -6.533026017888068, 0.0]
	 *MaxDif[A] : [10.05795161872372, 6.525629815698591, 0.0]
	 *farthest_atoms_idx : [26, 79]
	 *farthest_atom_info : [['B', -11.31334400175, 6.5216955195364745, 0.0], ['N', -11.31334400175, -5.0894789166482415, 0.0]]
	 *r_1i (cart) :  

	    idx      atom     r_1ix     r_1iy     r_1iz

	    (1)         B   -10.056    -4.364     0.000
	    (2)         B   -10.055    -0.010     0.000
	    (3)         B   -10.056     4.344     0.000
	      :
	  (106)         N    -1.329    -0.764     0.000
	  (107)         N     0.000     1.529     0.000

	--- Save files --- 
	Afile : Afile
	Qfile : Qfile


	=========================================
	                 DONE                     
	=========================================

    ____________________________________________________________

    memory_usage_percent  :     6.000 %

    Current memory KB     :    63.199 KB

    Wall clock time       : 0:00:00.270385(s)

    ============================================================
        JOB DONE    
    ============================================================
