

=========================================

		do_mkAQDdata : 

=========================================


./hBN_VB_flat_OUTCAR
./hBN_VB_flat_CONTCAR
VB
hBN_VB_flat_ATensor
hBN_VB_flat_QTensor
None
Read INCAR part in OUTCAR ...
Read A tensor : .TRUE.
Read Q tensor : .TRUE.
Read D tensor : .TRUE.
NGYROMAG : NONE 
QUAD_EFG : NONE 
Read POSCAR(simple) part in OUTCAR ...
 atoms # = 107
 atomic species = ['B', 'N']
Read Quadrupole tensor part in OUTCAR ...
Read Hyperfine tensor part in OUTCAR ...
Read ZFS tensor part in OUTCAR ...
['B', 'N']
atm: B
isotopeData {'10B': (3.0, 2.8747, 0.08459, 0.1990), '11B': (1.5, 8.5847, 0.04059, 0.8010)}
iso B {'10B': (3.0, 2.8747, 0.08459, 0.1990), '11B': (1.5, 8.5847, 0.04059, 0.8010)}
atm: N
isotopeData {'14N': (1.0, 1.9338, 0.02044, 0.9963), '15N': (0.5, -2.7126, 0.00000, 0.0037)}
iso N {'14N': (1.0, 1.9338, 0.02044, 0.9963), '15N': (0.5, -2.7126, 0.00000, 0.0037)}
	Read POSCAR file - ./hBN_VB_flat_CONTCAR
	 --------------------------------------------------



=========================================
 READ OUTCAR (KEY : outcar_spHam) 
=========================================


----------------------------------------
extSpinHamilTensors : 
----------------------------------------

Atomic data from OUTCAR (KEY : atomicdata)
------------------------------
 *atom_data : ['B', 'N']
 *total_atom_num : 107
 *unit_cell_information :  

    idx    frac_x    frac_y    frac_z

    (1)     0.056     0.166     0.500
    (2)     0.056     0.500     0.500
    (3)     0.056     0.833     0.500
      :
  (106)     0.441     0.442     0.500
  (107)     0.500     0.617     0.500

Quadrupole tensor (KEY : Qdata)
------------------------------

*EFG : EFG tensor (V/A^2) 

    idx       Vxx       Vxy       Vxz       Vyx       Vyy       Vyz       Vzx       Vzy       Vzz

    (1)   -17.234     0.275    -0.000     0.275   -17.049    -0.000    -0.000    -0.000    34.283
    (2)   -17.330     0.371     0.000     0.371   -16.981     0.000     0.000     0.000    34.312
    (3)   -17.369     0.292    -0.000     0.292   -16.929     0.000    -0.000     0.000    34.298
      :
  (106)    21.648    25.230    -0.000    25.230    -7.018    -0.000    -0.000    -0.000   -14.629
  (107)   -21.592    -0.000     0.000    -0.000    35.848    -0.000     0.000    -0.000   -14.256

*EFG_diag : Diagonalized EFG tensor (V/A^2) 

    idx    Vxx(D)    Vyy(D)    Vzz(D)

    (1)   -17.432   -16.851    34.283
    (2)   -17.566   -16.746    34.312
    (3)   -17.515   -16.783    34.298
      :
  (106)   -21.703   -14.629    36.332
  (107)   -21.592   -14.256    35.848

NMR quadrupolar parameters

*Cq  : quadrupolar parameter	Cq=e*Q*V_zz/h (MHz) 
*eta : asymmetry parameters	 (V_yy - V_xx)/ V_zz 
*Q   : nuclear electric quadrupole moment in mb (millibarn = 10^-31 m^2) 

    idx        Cq       eta         q

    (1)     0.083     0.017     1.000
    (2)     0.083     0.024     1.000
    (3)     0.083     0.021     1.000
      :
  (106)     0.088     0.195     1.000
  (107)     0.087     0.205     1.000
------------------------------

Hyperfine tensor (KEY : Adata)
------------------------------

Hyperfine tensor 

*Aiso : Fermi contact term (MHz) 
*Adip : Dipolar coupling term (MHz) 

    idx      Aiso       Axx       Axy       Axz       Ayx       Ayy       Ayz       Azx       Azy       Azz

    (1)    -0.000     0.004     0.000    -0.000     0.000    -0.001     0.000    -0.000     0.000    -0.003
    (2)     0.001     0.006    -0.000    -0.000    -0.000    -0.003    -0.000    -0.000    -0.000    -0.003
    (3)     0.000     0.004    -0.000    -0.000    -0.000    -0.001     0.000    -0.000     0.000    -0.003
      :
  (106)    20.089     5.664     6.065     0.000     6.065    -1.268     0.000     0.000     0.000    -4.395
  (107)    20.120    -4.785    -0.000    -0.000    -0.000     9.173     0.000    -0.000     0.000    -4.388

*Adiag : Diagonalized total Hyperfine tensor (MHz) 

    idx    Axx(D)    Ayy(D)    Azz(D)

    (1)    -0.003    -0.002     0.004
    (2)    -0.002    -0.002     0.007
    (3)    -0.003    -0.001     0.004
      :
  (106)    15.694    15.301    29.272
  (107)    15.732    15.334    29.293
------------------------------

Zero Field splitting tensor (KEY : Ddata)
------------------------------

*ZFS : ZFS tensor (MHz) 

  -864.948     0.000     0.000
     0.000  -956.748     0.000
     0.000     0.000  1821.695

Diagonalized ZFS tensor 
*D_diag : Diagonalized ZFS tensor (MHz) 
*D_eigvec : Eigenvectors for diagonalized ZFS tensor 

    idx    Dii(D)  eigvec_x  eigvec_y  eigvec_z

    (1)  -864.948     1.000     0.000     0.000
    (2)  -956.748     0.000     1.000     0.000
    (3)  1821.695     0.000     0.000     1.000

ZFS parameters (MHz) 
*D : axial component D = 3/2*D_zz (MHz) 
*E : transverse component E = (D_xx-D_yy)/2 (MHz) 

   D =   2732.543
   E =     45.900
------------------------------

Isotopic data (KEY : isodata)
------------------------------

 Atom : { Isotopes : ( S, gyro, eQ, conc) }

example) 
 isodata['B']['10B'].s          : spin          (no unit)
 isodata['B']['11B'].gyro       : gyro          (rad/ms/G)
 isodata['N']['14N'].q          : eQ            (barn = 10^-28 m^2)
 isodata['N']['15N'].conc       : concentration (%/100)

 B : {'10B': (3.0, 2.8747, 0.08459, 0.1990), '11B': (1.5, 8.5847, 0.04059, 0.8010)} 
 N : {'14N': (1.0, 1.9338, 0.02044, 0.9963), '15N': (0.5, -2.7126, 0.00000, 0.0037)} 


=========================================
 READ POSCAR (KEY : poscar or poscarmod) 
=========================================


 POSCAR from ./hBN_VB_flat_CONTCAR (KEY : poscar)
------------------------------
 *atom_data : ['B', 'N']
 *atom_data_num : [53, 54]
 *unit_cell_information :  

    idx    frac_x    frac_y    frac_z

    (1)     0.056     0.166     0.500
    (2)     0.056     0.500     0.500
    (3)     0.056     0.833     0.500
      :
  (106)     0.441     0.442     0.500
  (107)     0.500     0.617     0.500


=========================================
          MAKE A,Q FILE          		   
=========================================


 Relative positions from central defect (KEY : relativepos)
------------------------------

 *MinDif[A] : [-11.31334400175, -6.533026017888068, 0.0]
 *MaxDif[A] : [10.05795161872372, 6.525629815698591, 0.0]
 *farthest_atoms_idx : [26, 79]
 *farthest_atom_info : [['B', -11.31334400175, 6.5216955195364745, 0.0], ['N', -11.31334400175, -5.0894789166482415, 0.0]]
 *r_1i (cart) :  

    idx      atom     r_1ix     r_1iy     r_1iz

    (1)         B   -10.056    -4.364     0.000
    (2)         B   -10.055    -0.010     0.000
    (3)         B   -10.056     4.344     0.000
      :
  (106)         N    -1.329    -0.764     0.000
  (107)         N     0.000     1.529     0.000

--- Save files --- 
Afile : hBN_VB_flat_ATensor
Qfile : hBN_VB_flat_QTensor


=========================================
                 DONE          		   
=========================================
