

=========================================

		do_mkAQDdata : 

=========================================


./hBN_VB_t113_OUTCAR
./hBN_VB_t113_CONTCAR
VB
hBN_VB_t113_ATensor
hBN_VB_t113_QTensor
None
Read INCAR part in OUTCAR ...
Read A tensor : .TRUE.
Read Q tensor : .TRUE.
Read D tensor : .TRUE.
NGYROMAG : NONE 
QUAD_EFG : NONE 
Read POSCAR(simple) part in OUTCAR ...
 atoms # = 107
 atomic species = ['B', 'N']
Read Quadrupole tensor part in OUTCAR ...
Read Hyperfine tensor part in OUTCAR ...
Read ZFS tensor part in OUTCAR ...
['B', 'N']
atm: B
isotopeData {'10B': (3.0, 2.8747, 0.08459, 0.1990), '11B': (1.5, 8.5847, 0.04059, 0.8010)}
iso B {'10B': (3.0, 2.8747, 0.08459, 0.1990), '11B': (1.5, 8.5847, 0.04059, 0.8010)}
atm: N
isotopeData {'14N': (1.0, 1.9338, 0.02044, 0.9963), '15N': (0.5, -2.7126, 0.00000, 0.0037)}
iso N {'14N': (1.0, 1.9338, 0.02044, 0.9963), '15N': (0.5, -2.7126, 0.00000, 0.0037)}
	Read POSCAR file - ./hBN_VB_t113_CONTCAR
	 --------------------------------------------------



=========================================
 READ OUTCAR (KEY : outcar_spHam) 
=========================================


----------------------------------------
extSpinHamilTensors : 
----------------------------------------

Atomic data from OUTCAR (KEY : atomicdata)
------------------------------
 *atom_data : ['B', 'N']
 *total_atom_num : 107
 *unit_cell_information :  

    idx    frac_x    frac_y    frac_z

    (1)     0.055     0.164     0.500
    (2)     0.055     0.498     0.500
    (3)     0.055     0.831     0.500
      :
  (106)     0.428     0.442     0.500
  (107)     0.500     0.622     0.500

Quadrupole tensor (KEY : Qdata)
------------------------------

*EFG : EFG tensor (V/A^2) 

    idx       Vxx       Vxy       Vxz       Vyx       Vyy       Vyz       Vzx       Vzy       Vzz

    (1)   -11.010     0.323    -0.000     0.323   -19.505     0.000    -0.000     0.000    30.515
    (2)   -11.054     0.460     0.000     0.460   -19.575     0.000     0.000     0.000    30.629
    (3)   -11.074     0.408     0.000     0.408   -19.469     0.000     0.000     0.000    30.543
      :
  (106)    18.400    23.925    -0.000    23.925    -4.847     0.000    -0.000     0.000   -13.553
  (107)    14.878     0.000     0.000     0.000    17.943     0.000     0.000     0.000   -32.821

*EFG_diag : Diagonalized EFG tensor (V/A^2) 

    idx    Vxx(D)    Vyy(D)    Vzz(D)

    (1)   -19.518   -10.998    30.515
    (2)   -19.600   -11.029    30.629
    (3)   -19.489   -11.054    30.543
      :
  (106)   -19.822   -13.553    33.375
  (107)    17.943    14.878   -32.821

NMR quadrupolar parameters

*Cq  : quadrupolar parameter	Cq=e*Q*V_zz/h (MHz) 
*eta : asymmetry parameters	 (V_yy - V_xx)/ V_zz 
*Q   : nuclear electric quadrupole moment in mb (millibarn = 10^-31 m^2) 

    idx        Cq       eta         q

    (1)     0.074     0.279     1.000
    (2)     0.074     0.280     1.000
    (3)     0.074     0.276     1.000
      :
  (106)     0.081     0.188     1.000
  (107)    -0.079     0.093     1.000
------------------------------

Hyperfine tensor (KEY : Adata)
------------------------------

Hyperfine tensor 

*Aiso : Fermi contact term (MHz) 
*Adip : Dipolar coupling term (MHz) 

    idx      Aiso       Axx       Axy       Axz       Ayx       Ayy       Ayz       Azx       Azy       Azz

    (1)    -0.000     0.004     0.000    -0.000     0.000    -0.001     0.000    -0.000     0.000    -0.002
    (2)     0.001     0.005    -0.000     0.000    -0.000    -0.002     0.000     0.000     0.000    -0.003
    (3)    -0.000     0.004    -0.000     0.000    -0.000    -0.001    -0.000     0.000    -0.000    -0.002
      :
  (106)    13.091     3.084     6.845     0.000     6.845     1.204     0.000     0.000     0.000    -4.288
  (107)    14.493    -4.598     0.000    -0.000     0.000     8.942     0.000    -0.000     0.000    -4.344

*Adiag : Diagonalized total Hyperfine tensor (MHz) 

    idx    Axx(D)    Ayy(D)    Azz(D)

    (1)    -0.002    -0.002     0.004
    (2)    -0.002    -0.001     0.005
    (3)    -0.002    -0.001     0.004
      :
  (106)     8.804     8.326    22.144
  (107)    10.149     9.895    23.436
------------------------------

Zero Field splitting tensor (KEY : Ddata)
------------------------------

*ZFS : ZFS tensor (MHz) 

    83.755     0.000     0.000
     0.000 -1102.016     0.000
     0.000     0.000  1018.261

Diagonalized ZFS tensor 
*D_diag : Diagonalized ZFS tensor (MHz) 
*D_eigvec : Eigenvectors for diagonalized ZFS tensor 

    idx    Dii(D)  eigvec_x  eigvec_y  eigvec_z

    (1)    83.755     1.000     0.000     0.000
    (2)  1018.261     0.000     0.000     1.000
    (3) -1102.016     0.000     1.000     0.000

ZFS parameters (MHz) 
*D : axial component D = 3/2*D_zz (MHz) 
*E : transverse component E = (D_xx-D_yy)/2 (MHz) 

   D =  -1653.024
   E =   -467.253
------------------------------

Isotopic data (KEY : isodata)
------------------------------

 Atom : { Isotopes : ( S, gyro, eQ, conc) }

example) 
 isodata['B']['10B'].s          : spin          (no unit)
 isodata['B']['11B'].gyro       : gyro          (rad/ms/G)
 isodata['N']['14N'].q          : eQ            (barn = 10^-28 m^2)
 isodata['N']['15N'].conc       : concentration (%/100)

 B : {'10B': (3.0, 2.8747, 0.08459, 0.1990), '11B': (1.5, 8.5847, 0.04059, 0.8010)} 
 N : {'14N': (1.0, 1.9338, 0.02044, 0.9963), '15N': (0.5, -2.7126, 0.00000, 0.0037)} 


=========================================
 READ POSCAR (KEY : poscar or poscarmod) 
=========================================


 POSCAR from ./hBN_VB_t113_CONTCAR (KEY : poscar)
------------------------------
 *atom_data : ['B', 'N']
 *atom_data_num : [53, 54]
 *unit_cell_information :  

    idx    frac_x    frac_y    frac_z

    (1)     0.055     0.164     0.500
    (2)     0.055     0.498     0.500
    (3)     0.055     0.831     0.500
      :
  (106)     0.428     0.442     0.500
  (107)     0.500     0.622     0.500


=========================================
          MAKE A,Q FILE          		   
=========================================


 Relative positions from central defect (KEY : relativepos)
------------------------------

 *MinDif[A] : [-12.78407925, -6.369949330292277, 0.0]
 *MaxDif[A] : [11.381495431430336, 6.336968532128026, 0.0]
 *farthest_atoms_idx : [28, 79]
 *farthest_atom_info : [['B', -12.78407925, 6.322492668761132, 0.0], ['N', -12.78407925, -4.980667190920183, 0.0]]
 *r_1i (cart) :  

    idx      atom     r_1ix     r_1iy     r_1iz

    (1)         B   -11.377    -4.298     0.000
    (2)         B   -11.380    -0.046     0.000
    (3)         B   -11.376     4.201     0.000
      :
  (106)         N    -1.844    -0.764     0.000
  (107)         N     0.000     1.527     0.000

--- Save files --- 
Afile : hBN_VB_t113_ATensor
Qfile : hBN_VB_t113_QTensor


=========================================
                 DONE          		   
=========================================
